Component: ARM Compiler 5.06 update 7 (build 960) Tool: armlink [4d3601]

==============================================================================

Section Cross References

    startup_stm32f407xx.o(RESET) refers to startup_stm32f407xx.o(STACK) for __initial_sp
    startup_stm32f407xx.o(RESET) refers to startup_stm32f407xx.o(.text) for Reset_Handler
    startup_stm32f407xx.o(RESET) refers to stm32f4xx_it.o(i.NMI_Handler) for NMI_Handler
    startup_stm32f407xx.o(RESET) refers to stm32f4xx_it.o(i.HardFault_Handler) for HardFault_Handler
    startup_stm32f407xx.o(RESET) refers to stm32f4xx_it.o(i.MemManage_Handler) for MemManage_Handler
    startup_stm32f407xx.o(RESET) refers to stm32f4xx_it.o(i.BusFault_Handler) for BusFault_Handler
    startup_stm32f407xx.o(RESET) refers to stm32f4xx_it.o(i.UsageFault_Handler) for UsageFault_Handler
    startup_stm32f407xx.o(RESET) refers to port.o(.emb_text) for SVC_Handler
    startup_stm32f407xx.o(RESET) refers to stm32f4xx_it.o(i.DebugMon_Handler) for DebugMon_Handler
    startup_stm32f407xx.o(RESET) refers to cmsis_os2.o(i.SysTick_Handler) for SysTick_Handler
    startup_stm32f407xx.o(RESET) refers to stm32f4xx_it.o(i.CAN1_TX_IRQHandler) for CAN1_TX_IRQHandler
    startup_stm32f407xx.o(RESET) refers to stm32f4xx_it.o(i.CAN1_RX0_IRQHandler) for CAN1_RX0_IRQHandler
    startup_stm32f407xx.o(RESET) refers to stm32f4xx_it.o(i.USART3_IRQHandler) for USART3_IRQHandler
    startup_stm32f407xx.o(RESET) refers to stm32f4xx_it.o(i.TIM7_IRQHandler) for TIM7_IRQHandler
    startup_stm32f407xx.o(RESET) refers to stm32f4xx_it.o(i.CAN2_TX_IRQHandler) for CAN2_TX_IRQHandler
    startup_stm32f407xx.o(RESET) refers to stm32f4xx_it.o(i.CAN2_RX0_IRQHandler) for CAN2_RX0_IRQHandler
    startup_stm32f407xx.o(.text) refers to system_stm32f4xx.o(i.SystemInit) for SystemInit
    startup_stm32f407xx.o(.text) refers to entry.o(.ARM.Collect$$$$00000000) for __main
    main.o(i.HAL_TIM_PeriodElapsedCallback) refers to stm32f4xx_hal.o(i.HAL_IncTick) for HAL_IncTick
    main.o(i.HAL_UART_RxCpltCallback) refers to sbus.o(i.update_sbus) for update_sbus
    main.o(i.HAL_UART_RxCpltCallback) refers to main.o(.data) for aRxBuffer3
    main.o(i.HAL_UART_RxCpltCallback) refers to main.o(.bss) for USART3_RX_BUF
    main.o(i.SystemClock_Config) refers to memseta.o(.text) for __aeabi_memclr4
    main.o(i.SystemClock_Config) refers to stm32f4xx_hal_rcc.o(i.HAL_RCC_OscConfig) for HAL_RCC_OscConfig
    main.o(i.SystemClock_Config) refers to main.o(i.Error_Handler) for Error_Handler
    main.o(i.SystemClock_Config) refers to stm32f4xx_hal_rcc.o(i.HAL_RCC_ClockConfig) for HAL_RCC_ClockConfig
    main.o(i.main) refers to stm32f4xx_hal.o(i.HAL_Init) for HAL_Init
    main.o(i.main) refers to main.o(i.SystemClock_Config) for SystemClock_Config
    main.o(i.main) refers to gpio.o(i.MX_GPIO_Init) for MX_GPIO_Init
    main.o(i.main) refers to can.o(i.MX_CAN1_Init) for MX_CAN1_Init
    main.o(i.main) refers to usart.o(i.MX_USART3_UART_Init) for MX_USART3_UART_Init
    main.o(i.main) refers to can.o(i.MX_CAN2_Init) for MX_CAN2_Init
    main.o(i.main) refers to stm32f4xx_hal_uart.o(i.HAL_UART_Receive_IT) for HAL_UART_Receive_IT
    main.o(i.main) refers to ht03.o(i.can_filter_init) for can_filter_init
    main.o(i.main) refers to impulse.o(i.PULSE_INIT) for PULSE_INIT
    main.o(i.main) refers to ht03.o(i.CanMOTOR_Init) for CanMOTOR_Init
    main.o(i.main) refers to controller0.o(i.CONTROLLER0_initialize) for CONTROLLER0_initialize
    main.o(i.main) refers to cmsis_os2.o(i.osKernelInitialize) for osKernelInitialize
    main.o(i.main) refers to freertos.o(i.MX_FREERTOS_Init) for MX_FREERTOS_Init
    main.o(i.main) refers to cmsis_os2.o(i.osKernelStart) for osKernelStart
    main.o(i.main) refers to main.o(.data) for aRxBuffer3
    main.o(i.main) refers to usart.o(.bss) for huart3
    main.o(i.main) refers to controller0.o(.bss) for rtU
    freertos.o(i.MX_FREERTOS_Init) refers to cmsis_os2.o(i.osThreadNew) for osThreadNew
    freertos.o(i.MX_FREERTOS_Init) refers to freertos.o(.constdata) for defaultTask_attributes
    freertos.o(i.MX_FREERTOS_Init) refers to freertos.o(i.StartDefaultTask) for StartDefaultTask
    freertos.o(i.MX_FREERTOS_Init) refers to freertos.o(.data) for defaultTaskHandle
    freertos.o(i.MX_FREERTOS_Init) refers to freertos.o(i.StartTask02) for StartTask02
    freertos.o(i.MX_FREERTOS_Init) refers to freertos.o(i.StartTask03) for StartTask03
    freertos.o(i.MX_FREERTOS_Init) refers to freertos.o(i.StartTask04) for StartTask04
    freertos.o(i.StartDefaultTask) refers to cmsis_os2.o(i.osDelay) for osDelay
    freertos.o(i.StartTask02) refers to memcpya.o(.text) for __aeabi_memcpy4
    freertos.o(i.StartTask02) refers to ht03.o(i.CanComm_SendControlPara) for CanComm_SendControlPara
    freertos.o(i.StartTask02) refers to cmsis_os2.o(i.osDelay) for osDelay
    freertos.o(i.StartTask02) refers to ht03.o(i.CanMotorUpdate_NULL) for CanMotorUpdate_NULL
[...]
    UART_SetConfig                           0x08005161   Thumb Code   546  stm32f4xx_hal_uart.o(i.UART_SetConfig)
    i.UART_Start_Receive_IT                  0x0800538c   Section        0  stm32f4xx_hal_uart.o(i.UART_Start_Receive_IT)
    i.UART_Transmit_IT                       0x080053d6   Section        0  stm32f4xx_hal_uart.o(i.UART_Transmit_IT)
    UART_Transmit_IT                         0x080053d7   Thumb Code    96  stm32f4xx_hal_uart.o(i.UART_Transmit_IT)
    i.USART3_IRQHandler                      0x08005438   Section        0  stm32f4xx_it.o(i.USART3_IRQHandler)
    i.UsageFault_Handler                     0x08005488   Section        0  stm32f4xx_it.o(i.UsageFault_Handler)
    i.__ARM_fpclassifyf                      0x0800548c   Section        0  fpclassifyf.o(i.__ARM_fpclassifyf)
    i.__NVIC_GetPriorityGrouping             0x080054b4   Section        0  stm32f4xx_hal_cortex.o(i.__NVIC_GetPriorityGrouping)
    __NVIC_GetPriorityGrouping               0x080054b5   Thumb Code    10  stm32f4xx_hal_cortex.o(i.__NVIC_GetPriorityGrouping)
    i.__NVIC_SetPriority                     0x080054c4   Section        0  stm32f4xx_hal_cortex.o(i.__NVIC_SetPriority)
    __NVIC_SetPriority                       0x080054c5   Thumb Code    32  stm32f4xx_hal_cortex.o(i.__NVIC_SetPriority)
    i.__get_IPSR                             0x080054ec   Section        0  cmsis_os2.o(i.__get_IPSR)
    __get_IPSR                               0x080054ed   Thumb Code     6  cmsis_os2.o(i.__get_IPSR)
    i.__hardfp_acosf                         0x080054f4   Section        0  acosf.o(i.__hardfp_acosf)
    i.__hardfp_asinf                         0x0800560c   Section        0  asinf.o(i.__hardfp_asinf)
    i.__hardfp_sinf                          0x08005738   Section        0  sinf.o(i.__hardfp_sinf)
    i.__hardfp_sqrtf                         0x080058c8   Section        0  sqrtf.o(i.__hardfp_sqrtf)
    i.__mathlib_flt_infnan                   0x08005902   Section        0  funder.o(i.__mathlib_flt_infnan)
    i.__mathlib_flt_invalid                  0x08005908   Section        0  funder.o(i.__mathlib_flt_invalid)
    i.__mathlib_flt_underflow                0x08005918   Section        0  funder.o(i.__mathlib_flt_underflow)
    i.__mathlib_rredf2                       0x08005928   Section        0  rredf.o(i.__mathlib_rredf2)
    i.__scatterload_copy                     0x08005a7c   Section       14  handlers.o(i.__scatterload_copy)
    i.__scatterload_null                     0x08005a8a   Section        2  handlers.o(i.__scatterload_null)
    i.__scatterload_zeroinit                 0x08005a8c   Section       14  handlers.o(i.__scatterload_zeroinit)
    i.__set_errno                            0x08005a9c   Section        0  errno.o(i.__set_errno)
    i.can_filter_init                        0x08005aa8   Section        0  ht03.o(i.can_filter_init)
    i.float_to_uint                          0x08005b24   Section        0  ht03.o(i.float_to_uint)
    float_to_uint                            0x08005b25   Thumb Code    52  ht03.o(i.float_to_uint)
    i.main                                   0x08005b58   Section        0  main.o(i.main)
    i.osDelay                                0x08005be4   Section        0  cmsis_os2.o(i.osDelay)
    i.osKernelInitialize                     0x08005c04   Section        0  cmsis_os2.o(i.osKernelInitialize)
    i.osKernelStart                          0x08005c30   Section        0  cmsis_os2.o(i.osKernelStart)
    i.osThreadNew                            0x08005c90   Section        0  cmsis_os2.o(i.osThreadNew)
    i.prvAddCurrentTaskToDelayedList         0x08005d48   Section        0  tasks.o(i.prvAddCurrentTaskToDelayedList)
    prvAddCurrentTaskToDelayedList           0x08005d49   Thumb Code   100  tasks.o(i.prvAddCurrentTaskToDelayedList)
    i.prvAddNewTaskToReadyList               0x08005dc4   Section        0  tasks.o(i.prvAddNewTaskToReadyList)
    prvAddNewTaskToReadyList                 0x08005dc5   Thumb Code   154  tasks.o(i.prvAddNewTaskToReadyList)
    i.prvCheckForValidListAndQueue           0x08005e7c   Section        0  timers.o(i.prvCheckForValidListAndQueue)
    prvCheckForValidListAndQueue             0x08005e7d   Thumb Code    78  timers.o(i.prvCheckForValidListAndQueue)
    i.prvCheckTasksWaitingTermination        0x08005ef0   Section        0  tasks.o(i.prvCheckTasksWaitingTermination)
    prvCheckTasksWaitingTermination          0x08005ef1   Thumb Code    60  tasks.o(i.prvCheckTasksWaitingTermination)
    i.prvCopyDataFromQueue                   0x08005f38   Section        0  queue.o(i.prvCopyDataFromQueue)
    prvCopyDataFromQueue                     0x08005f39   Thumb Code    42  queue.o(i.prvCopyDataFromQueue)
    i.prvCopyDataToQueue                     0x08005f62   Section        0  queue.o(i.prvCopyDataToQueue)
    prvCopyDataToQueue                       0x08005f63   Thumb Code   126  queue.o(i.prvCopyDataToQueue)
    i.prvDeleteTCB                           0x08005fe0   Section        0  tasks.o(i.prvDeleteTCB)
    prvDeleteTCB                             0x08005fe1   Thumb Code    80  tasks.o(i.prvDeleteTCB)
    i.prvGetNextExpireTime                   0x08006030   Section        0  timers.o(i.prvGetNextExpireTime)
    prvGetNextExpireTime                     0x08006031   Thumb Code    36  timers.o(i.prvGetNextExpireTime)
    i.prvHeapInit                            0x08006058   Section        0  heap_4.o(i.prvHeapInit)
    prvHeapInit                              0x08006059   Thumb Code    98  heap_4.o(i.prvHeapInit)
    i.prvIdleTask                            0x080060d4   Section        0  tasks.o(i.prvIdleTask)
    prvIdleTask                              0x080060d5   Thumb Code    32  tasks.o(i.prvIdleTask)
    i.prvInitialiseNewQueue                  0x080060fc   Section        0  queue.o(i.prvInitialiseNewQueue)
    prvInitialiseNewQueue                    0x080060fd   Thumb Code    42  queue.o(i.prvInitialiseNewQueue)
    i.prvInitialiseNewTask                   0x08006126   Section        0  tasks.o(i.prvInitialiseNewTask)
    prvInitialiseNewTask                     0x08006127   Thumb Code   190  tasks.o(i.prvInitialiseNewTask)
    i.prvInitialiseTaskLists                 0x080061e4   Section        0  tasks.o(i.prvInitialiseTaskLists)
    prvInitialiseTaskLists                   0x080061e5   Thumb Code    70  tasks.o(i.prvInitialiseTaskLists)
    i.prvInsertBlockIntoFreeList             0x0800624c   Section        0  heap_4.o(i.prvInsertBlockIntoFreeList)
    prvInsertBlockIntoFreeList               0x0800624d   Thumb Code    96  heap_4.o(i.prvInsertBlockIntoFreeList)
    i.prvInsertTimerInActiveList             0x080062b4   Section        0  timers.o(i.prvInsertTimerInActiveList)
    prvInsertTimerInActiveList               0x080062b5   Thumb Code    80  timers.o(i.prvInsertTimerInActiveList)
    i.prvIsQueueEmpty                        0x0800630c   Section        0  queue.o(i.prvIsQueueEmpty)
    prvIsQueueEmpty                          0x0800630d   Thumb Code    26  queue.o(i.prvIsQueueEmpty)
    i.prvIsQueueFull                         0x08006326   Section        0  queue.o(i.prvIsQueueFull)
    prvIsQueueFull                           0x08006327   Thumb Code    30  queue.o(i.prvIsQueueFull)
    i.prvProcessExpiredTimer                 0x08006344   Section        0  timers.o(i.prvProcessExpiredTimer)
    prvProcessExpiredTimer                   0x08006345   Thumb Code   110  timers.o(i.prvProcessExpiredTimer)
    i.prvProcessReceivedCommands             0x080063b8   Section        0  timers.o(i.prvProcessReceivedCommands)
    prvProcessReceivedCommands               0x080063b9   Thumb Code   350  timers.o(i.prvProcessReceivedCommands)
    i.prvProcessTimerOrBlockTask             0x0800651c   Section        0  timers.o(i.prvProcessTimerOrBlockTask)
    prvProcessTimerOrBlockTask               0x0800651d   Thumb Code   102  timers.o(i.prvProcessTimerOrBlockTask)
    i.prvResetNextTaskUnblockTime            0x08006590   Section        0  tasks.o(i.prvResetNextTaskUnblockTime)
    prvResetNextTaskUnblockTime              0x08006591   Thumb Code    42  tasks.o(i.prvResetNextTaskUnblockTime)
    i.prvSampleTimeNow                       0x080065c4   Section        0  timers.o(i.prvSampleTimeNow)
    prvSampleTimeNow                         0x080065c5   Thumb Code    40  timers.o(i.prvSampleTimeNow)
    i.prvSwitchTimerLists                    0x080065f0   Section        0  timers.o(i.prvSwitchTimerLists)
    prvSwitchTimerLists                      0x080065f1   Thumb Code   154  timers.o(i.prvSwitchTimerLists)
    i.prvTaskExitError                       0x08006694   Section        0  port.o(i.prvTaskExitError)
    prvTaskExitError                         0x08006695   Thumb Code    60  port.o(i.prvTaskExitError)
    i.prvTimerTask                           0x080066d4   Section        0  timers.o(i.prvTimerTask)
    prvTimerTask                             0x080066d5   Thumb Code    26  timers.o(i.prvTimerTask)
    i.prvUnlockQueue                         0x080066ee   Section        0  queue.o(i.prvUnlockQueue)
    prvUnlockQueue                           0x080066ef   Thumb Code   126  queue.o(i.prvUnlockQueue)
    i.pvPortMalloc                           0x0800676c   Section        0  heap_4.o(i.pvPortMalloc)
    i.pxPortInitialiseStack                  0x080068b8   Section        0  port.o(i.pxPortInitialiseStack)
    i.sqrtf                                  0x080068e4   Section        0  sqrtf.o(i.sqrtf)
    i.uTm_x1                                 0x08006924   Section        0  controller0.o(i.uTm_x1)
    uTm_x1                                   0x08006925   Thumb Code   186  controller0.o(i.uTm_x1)
    i.uTm_y2                                 0x080069e8   Section        0  controller0.o(i.uTm_y2)
    uTm_y2                                   0x080069e9   Thumb Code   352  controller0.o(i.uTm_y2)
    i.uint_to_float                          0x08006b5c   Section        0  ht03.o(i.uint_to_float)
    uint_to_float                            0x08006b5d   Thumb Code    52  ht03.o(i.uint_to_float)
    i.update_sbus                            0x08006b90   Section        0  sbus.o(i.update_sbus)
    i.uxListRemove                           0x08006cf8   Section        0  list.o(i.uxListRemove)
    i.vApplicationGetIdleTaskMemory          0x08006d20   Section        0  cmsis_os2.o(i.vApplicationGetIdleTaskMemory)
    i.vApplicationGetTimerTaskMemory         0x08006d38   Section        0  cmsis_os2.o(i.vApplicationGetTimerTaskMemory)
    i.vListInitialise                        0x08006d50   Section        0  list.o(i.vListInitialise)
    i.vListInitialiseItem                    0x08006d6a   Section        0  list.o(i.vListInitialiseItem)
    i.vListInsert                            0x08006d70   Section        0  list.o(i.vListInsert)
    i.vListInsertEnd                         0x08006da4   Section        0  list.o(i.vListInsertEnd)
    i.vPortEnterCritical                     0x08006dbc   Section        0  port.o(i.vPortEnterCritical)
    i.vPortExitCritical                      0x08006e10   Section        0  port.o(i.vPortExitCritical)
    i.vPortFree                              0x08006e4c   Section        0  heap_4.o(i.vPortFree)
    i.vPortSetupTimerInterrupt               0x08006ef0   Section        0  port.o(i.vPortSetupTimerInterrupt)
    i.vPortValidateInterruptPriority         0x08006f18   Section        0  port.o(i.vPortValidateInterruptPriority)
    i.vQueueAddToRegistry                    0x08006f90   Section        0  queue.o(i.vQueueAddToRegistry)
    i.vQueueWaitForMessageRestricted         0x08006fbc   Section        0  queue.o(i.vQueueWaitForMessageRestricted)
    i.vTaskDelay                             0x08007008   Section        0  tasks.o(i.vTaskDelay)
    i.vTaskInternalSetTimeOutState           0x08007064   Section        0  tasks.o(i.vTaskInternalSetTimeOutState)
    i.vTaskMissedYield                       0x0800707c   Section        0  tasks.o(i.vTaskMissedYield)
    i.vTaskPlaceOnEventList                  0x08007088   Section        0  tasks.o(i.vTaskPlaceOnEventList)
    i.vTaskPlaceOnEventListRestricted        0x080070c0   Section        0  tasks.o(i.vTaskPlaceOnEventListRestricted)
    i.vTaskStartScheduler                    0x08007100   Section        0  tasks.o(i.vTaskStartScheduler)
    i.vTaskSuspendAll                        0x080071b8   Section        0  tasks.o(i.vTaskSuspendAll)
    i.vTaskSwitchContext                     0x080071c8   Section        0  tasks.o(i.vTaskSwitchContext)
    i.xPortStartScheduler                    0x08007258   Section        0  port.o(i.xPortStartScheduler)
    i.xPortSysTickHandler                    0x080073c0   Section        0  port.o(i.xPortSysTickHandler)
    i.xQueueGenericCreateStatic              0x080073f4   Section        0  queue.o(i.xQueueGenericCreateStatic)
    i.xQueueGenericReset                     0x080074d4   Section        0  queue.o(i.xQueueGenericReset)
    i.xQueueGenericSend                      0x0800756c   Section        0  queue.o(i.xQueueGenericSend)
    i.xQueueGenericSendFromISR               0x08007714   Section        0  queue.o(i.xQueueGenericSendFromISR)
    i.xQueueReceive                          0x08007810   Section        0  queue.o(i.xQueueReceive)
    i.xTaskCheckForTimeOut                   0x08007978   Section        0  tasks.o(i.xTaskCheckForTimeOut)
    i.xTaskCreate                            0x08007a04   Section        0  tasks.o(i.xTaskCreate)
    i.xTaskCreateStatic                      0x08007a68   Section        0  tasks.o(i.xTaskCreateStatic)
    i.xTaskGetSchedulerState                 0x08007b24   Section        0  tasks.o(i.xTaskGetSchedulerState)
    i.xTaskGetTickCount                      0x08007b44   Section        0  tasks.o(i.xTaskGetTickCount)
    i.xTaskIncrementTick                     0x08007b50   Section        0  tasks.o(i.xTaskIncrementTick)
    i.xTaskPriorityDisinherit                0x08007c94   Section        0  tasks.o(i.xTaskPriorityDisinherit)
    i.xTaskRemoveFromEventList               0x08007d38   Section        0  tasks.o(i.xTaskRemoveFromEventList)
    i.xTaskResumeAll                         0x08007dd0   Section        0  tasks.o(i.xTaskResumeAll)
    i.xTimerCreateTimerTask                  0x08007ed4   Section        0  timers.o(i.xTimerCreateTimerTask)
    i.xTimerGenericCommand                   0x08007f4c   Section        0  timers.o(i.xTimerGenericCommand)
    .constdata                               0x08007fd0   Section      144  freertos.o(.constdata)
    .constdata                               0x08008060   Section       24  system_stm32f4xx.o(.constdata)
    .constdata                               0x08008078   Section       32  rredf.o(.constdata)
    twooverpi                                0x08008078   Data          32  rredf.o(.constdata)
    .conststring                             0x08008098   Section       50  freertos.o(.conststring)
    .data                                    0x20000000   Section       24  main.o(.data)
    .data                                    0x20000018   Section       20  freertos.o(.data)
    .data                                    0x2000002c   Section        4  can.o(.data)
    HAL_RCC_CAN1_CLK_ENABLED                 0x2000002c   Data           4  can.o(.data)
    .data                                    0x20000030   Section        9  stm32f4xx_hal.o(.data)
    .data                                    0x2000003c   Section        4  system_stm32f4xx.o(.data)
    .data                                    0x20000040   Section       60  tasks.o(.data)
    pxDelayedTaskList                        0x20000044   Data           4  tasks.o(.data)
    pxOverflowDelayedTaskList                0x20000048   Data           4  tasks.o(.data)
    uxDeletedTasksWaitingCleanUp             0x2000004c   Data           4  tasks.o(.data)
    uxCurrentNumberOfTasks                   0x20000050   Data           4  tasks.o(.data)
    xTickCount                               0x20000054   Data           4  tasks.o(.data)
    uxTopReadyPriority                       0x20000058   Data           4  tasks.o(.data)
    xSchedulerRunning                        0x2000005c   Data           4  tasks.o(.data)
    xPendedTicks                             0x20000060   Data           4  tasks.o(.data)
    xYieldPending                            0x20000064   Data           4  tasks.o(.data)
    xNumOfOverflows                          0x20000068   Data           4  tasks.o(.data)
    uxTaskNumber                             0x2000006c   Data           4  tasks.o(.data)
    xNextTaskUnblockTime                     0x20000070   Data           4  tasks.o(.data)
    xIdleTaskHandle                          0x20000074   Data           4  tasks.o(.data)
    uxSchedulerSuspended                     0x20000078   Data           4  tasks.o(.data)
    .data                                    0x2000007c   Section       20  timers.o(.data)
    pxCurrentTimerList                       0x2000007c   Data           4  timers.o(.data)
    pxOverflowTimerList                      0x20000080   Data           4  timers.o(.data)
    xTimerQueue                              0x20000084   Data           4  timers.o(.data)
    xTimerTaskHandle                         0x20000088   Data           4  timers.o(.data)
    xLastTime                                0x2000008c   Data           4  timers.o(.data)
    .data                                    0x20000090   Section        4  cmsis_os2.o(.data)
    KernelState                              0x20000090   Data           4  cmsis_os2.o(.data)
    .data                                    0x20000094   Section       32  heap_4.o(.data)
    xStart                                   0x20000094   Data           8  heap_4.o(.data)
    pxEnd                                    0x2000009c   Data           4  heap_4.o(.data)
    xFreeBytesRemaining                      0x200000a0   Data           4  heap_4.o(.data)
    xMinimumEverFreeBytesRemaining           0x200000a4   Data           4  heap_4.o(.data)
    xNumberOfSuccessfulAllocations           0x200000a8   Data           4  heap_4.o(.data)
    xNumberOfSuccessfulFrees                 0x200000ac   Data           4  heap_4.o(.data)
    xBlockAllocatedBit                       0x200000b0   Data           4  heap_4.o(.data)
    .data                                    0x200000b4   Section       12  port.o(.data)
    uxCriticalNesting                        0x200000b4   Data           4  port.o(.data)
    ucMaxSysCallPriority                     0x200000b8   Data           1  port.o(.data)
    ulMaxPRIGROUPValue                       0x200000bc   Data           4  port.o(.data)
    .data                                    0x200000c0   Section       25  ht03.o(.data)
    .data                                    0x200000dc   Section        4  errno.o(.data)
    _errno                                   0x200000dc   Data           4  errno.o(.data)
    .bss                                     0x200000e0   Section      100  main.o(.bss)
    .bss                                     0x20000144   Section     1116  freertos.o(.bss)
    .bss                                     0x200005a0   Section       80  can.o(.bss)
    .bss                                     0x200005f0   Section       68  usart.o(.bss)
    .bss                                     0x20000634   Section       72  stm32f4xx_hal_timebase_tim.o(.bss)
    .bss                                     0x2000067c   Section       64  queue.o(.bss)
    .bss                                     0x200006bc   Section     1220  tasks.o(.bss)
    pxReadyTasksLists                        0x200006bc   Data        1120  tasks.o(.bss)
    xDelayedTaskList1                        0x20000b1c   Data          20  tasks.o(.bss)
    xDelayedTaskList2                        0x20000b30   Data          20  tasks.o(.bss)
    xPendingReadyList                        0x20000b44   Data          20  tasks.o(.bss)
    xTasksWaitingTermination                 0x20000b58   Data          20  tasks.o(.bss)
    xSuspendedTaskList                       0x20000b6c   Data          20  tasks.o(.bss)
    .bss                                     0x20000b80   Section      280  timers.o(.bss)
    xActiveTimerList1                        0x20000b80   Data          20  timers.o(.bss)
    xActiveTimerList2                        0x20000b94   Data          20  timers.o(.bss)
    xStaticTimerQueue                        0x20000ba8   Data          80  timers.o(.bss)
    ucStaticTimerQueueStorage                0x20000bf8   Data         160  timers.o(.bss)
    .bss                                     0x20000c98   Section     1720  cmsis_os2.o(.bss)
    Idle_TCB                                 0x20000c98   Data          92  cmsis_os2.o(.bss)
    Idle_Stack                               0x20000cf4   Data         512  cmsis_os2.o(.bss)
    Timer_TCB                                0x20000ef4   Data          92  cmsis_os2.o(.bss)
    Timer_Stack                              0x20000f50   Data        1024  cmsis_os2.o(.bss)
    .bss                                     0x20001350   Section    15360  heap_4.o(.bss)
    ucHeap                                   0x20001350   Data       15360  heap_4.o(.bss)
    .bss                                     0x20004f50   Section       84  sbus.o(.bss)
    .bss                                     0x20004fa4   Section      128  ht03.o(.bss)
    .bss                                     0x20005024   Section      144  impulse.o(.bss)
    .bss                                     0x200050b4   Section       72  controller0.o(.bss)
    STACK                                    0x20005100   Section     1024  startup_stm32f407xx.o(STACK)

    Global Symbols

    Symbol Name                              Value     Ov Type        Size  Object(Section)

    BuildAttributes$$THM_ISAv4$E$P$D$K$B$S$7EM$VFPi3$EXTD16$VFPS$VFMA$PE$A:L22UL41UL21$X:L11$S22US41US21$IEEE1$IW$USESV6$~STKCKD$USESV7$~SHL$OTIME$ROPI$IEEEX$EBA8$MICROLIB$REQ8$PRES8$EABIv2 0x00000000   Number         0  anon$$obj.o ABSOLUTE
    __ARM_use_no_argv                        0x00000000   Number         0  main.o ABSOLUTE
    __arm_fini_                               - Undefined Weak Reference
    __cpp_initialize__aeabi_                  - Undefined Weak Reference
    __cxa_finalize                            - Undefined Weak Reference
    __decompress                              - Undefined Weak Reference
    _clock_init                               - Undefined Weak Reference
    _microlib_exit                            - Undefined Weak Reference
    __Vectors_Size                           0x00000188   Number         0  startup_stm32f407xx.o ABSOLUTE
    __Vectors                                0x08000000   Data           4  startup_stm32f407xx.o(RESET)
    __Vectors_End                            0x08000188   Data           0  startup_stm32f407xx.o(RESET)
    __main                                   0x08000189   Thumb Code     0  entry.o(.ARM.Collect$$$$00000000)
    _main_stk                                0x08000189   Thumb Code     0  entry2.o(.ARM.Collect$$$$00000001)
    _main_scatterload                        0x0800018d   Thumb Code     0  entry5.o(.ARM.Collect$$$$00000004)
    __main_after_scatterload                 0x08000191   Thumb Code     0  entry5.o(.ARM.Collect$$$$00000004)
    _main_clock                              0x08000191   Thumb Code     0  entry7b.o(.ARM.Collect$$$$00000008)
    _main_cpp_init                           0x08000191   Thumb Code     0  entry8b.o(.ARM.Collect$$$$0000000A)
    _main_init                               0x08000191   Thumb Code     0  entry9a.o(.ARM.Collect$$$$0000000B)
    __rt_lib_shutdown_fini                   0x08000199   Thumb Code     0  entry12b.o(.ARM.Collect$$$$0000000E)
    __rt_final_cpp                           0x0800019d   Thumb Code     0  entry10a.o(.ARM.Collect$$$$0000000F)
    __rt_final_exit                          0x0800019d   Thumb Code     0  entry11a.o(.ARM.Collect$$$$00000011)
    SVC_Handler                              0x080001a1   Thumb Code    28  port.o(.emb_text)
    __asm___6_port_c_39a90d8d__prvStartFirstTask 0x080001c1   Thumb Code    36  port.o(.emb_text)
    __asm___6_port_c_39a90d8d__prvEnableVFP  0x080001e9   Thumb Code    16  port.o(.emb_text)
    PendSV_Handler                           0x080001fd   Thumb Code    88  port.o(.emb_text)
    vPortGetIPSR                             0x08000259   Thumb Code     6  port.o(.emb_text)
    Reset_Handler                            0x08000261   Thumb Code     8  startup_stm32f407xx.o(.text)
    ADC_IRQHandler                           0x0800027b   Thumb Code     0  startup_stm32f407xx.o(.text)
    CAN1_RX1_IRQHandler                      0x0800027b   Thumb Code     0  startup_stm32f407xx.o(.text)
    CAN1_SCE_IRQHandler                      0x0800027b   Thumb Code     0  startup_stm32f407xx.o(.text)
    CAN2_RX1_IRQHandler                      0x0800027b   Thumb Code     0  startup_stm32f407xx.o(.text)
    CAN2_SCE_IRQHandler                      0x0800027b   Thumb Code     0  startup_stm32f407xx.o(.text)
    DCMI_IRQHandler                          0x0800027b   Thumb Code     0  startup_stm32f407xx.o(.text)
    DMA1_Stream0_IRQHandler                  0x0800027b   Thumb Code     0  startup_stm32f407xx.o(.text)
    DMA1_Stream1_IRQHandler                  0x0800027b   Thumb Code     0  startup_stm32f407xx.o(.text)
    DMA1_Stream2_IRQHandler                  0x0800027b   Thumb Code     0  startup_stm32f407xx.o(.text)
    DMA1_Stream3_IRQHandler                  0x0800027b   Thumb Code     0  startup_stm32f407xx.o(.text)
    DMA1_Stream4_IRQHandler                  0x0800027b   Thumb Code     0  startup_stm32f407xx.o(.text)
    DMA1_Stream5_IRQHandler                  0x0800027b   Thumb Code     0  startup_stm32f407xx.o(.text)
    DMA1_Stream6_IRQHandler                  0x0800027b   Thumb Code     0  startup_stm32f407xx.o(.text)
    DMA1_Stream7_IRQHandler                  0x0800027b   Thumb Code     0  startup_stm32f407xx.o(.text)
    DMA2_Stream0_IRQHandler                  0x0800027b   Thumb Code     0  startup_stm32f407xx.o(.text)
    DMA2_Stream1_IRQHandler                  0x0800027b   Thumb Code     0  startup_stm32f407xx.o(.text)
    DMA2_Stream2_IRQHandler                  0x0800027b   Thumb Code     0  startup_stm32f407xx.o(.text)
    DMA2_Stream3_IRQHandler                  0x0800027b   Thumb Code     0  startup_stm32f407xx.o(.text)
    DMA2_Stream4_IRQHandler                  0x0800027b   Thumb Code     0  startup_stm32f407xx.o(.text)
    DMA2_Stream5_IRQHandler                  0x0800027b   Thumb Code     0  startup_stm32f407xx.o(.text)
    DMA2_Stream6_IRQHandler                  0x0800027b   Thumb Code     0  startup_stm32f407xx.o(.text)
    DMA2_Stream7_IRQHandler                  0x0800027b   Thumb Code     0  startup_stm32f407xx.o(.text)
    ETH_IRQHandler                           0x0800027b   Thumb Code     0  startup_stm32f407xx.o(.text)
    ETH_WKUP_IRQHandler                      0x0800027b   Thumb Code     0  startup_stm32f407xx.o(.text)
    EXTI0_IRQHandler                         0x0800027b   Thumb Code     0  startup_stm32f407xx.o(.text)
    EXTI15_10_IRQHandler                     0x0800027b   Thumb Code     0  startup_stm32f407xx.o(.text)
    EXTI1_IRQHandler                         0x0800027b   Thumb Code     0  startup_stm32f407xx.o(.text)
    EXTI2_IRQHandler                         0x0800027b   Thumb Code     0  startup_stm32f407xx.o(.text)
    EXTI3_IRQHandler                         0x0800027b   Thumb Code     0  startup_stm32f407xx.o(.text)
    EXTI4_IRQHandler                         0x0800027b   Thumb Code     0  startup_stm32f407xx.o(.text)
    EXTI9_5_IRQHandler                       0x0800027b   Thumb Code     0  startup_stm32f407xx.o(.text)
    FLASH_IRQHandler                         0x0800027b   Thumb Code     0  startup_stm32f407xx.o(.text)
    FMC_IRQHandler                           0x0800027b   Thumb Code     0  startup_stm32f407xx.o(.text)
    FPU_IRQHandler                           0x0800027b   Thumb Code     0  startup_stm32f407xx.o(.text)
    HASH_RNG_IRQHandler                      0x0800027b   Thumb Code     0  startup_stm32f407xx.o(.text)
    I2C1_ER_IRQHandler                       0x0800027b   Thumb Code     0  startup_stm32f407xx.o(.text)
    I2C1_EV_IRQHandler                       0x0800027b   Thumb Code     0  startup_stm32f407xx.o(.text)
    I2C2_ER_IRQHandler                       0x0800027b   Thumb Code     0  startup_stm32f407xx.o(.text)
    I2C2_EV_IRQHandler                       0x0800027b   Thumb Code     0  startup_stm32f407xx.o(.text)
    I2C3_ER_IRQHandler                       0x0800027b   Thumb Code     0  startup_stm32f407xx.o(.text)
    I2C3_EV_IRQHandler                       0x0800027b   Thumb Code     0  startup_stm32f407xx.o(.text)
    OTG_FS_IRQHandler                        0x0800027b   Thumb Code     0  startup_stm32f407xx.o(.text)
    OTG_FS_WKUP_IRQHandler                   0x0800027b   Thumb Code     0  startup_stm32f407xx.o(.text)
    OTG_HS_EP1_IN_IRQHandler                 0x0800027b   Thumb Code     0  startup_stm32f407xx.o(.text)
    OTG_HS_EP1_OUT_IRQHandler                0x0800027b   Thumb Code     0  startup_stm32f407xx.o(.text)
    OTG_HS_IRQHandler                        0x0800027b   Thumb Code     0  startup_stm32f407xx.o(.text)
    OTG_HS_WKUP_IRQHandler                   0x0800027b   Thumb Code     0  startup_stm32f407xx.o(.text)
    PVD_IRQHandler                           0x0800027b   Thumb Code     0  startup_stm32f407xx.o(.text)
    RCC_IRQHandler                           0x0800027b   Thumb Code     0  startup_stm32f407xx.o(.text)
    RTC_Alarm_IRQHandler                     0x0800027b   Thumb Code     0  startup_stm32f407xx.o(.text)
    RTC_WKUP_IRQHandler                      0x0800027b   Thumb Code     0  startup_stm32f407xx.o(.text)
    SDIO_IRQHandler                          0x0800027b   Thumb Code     0  startup_stm32f407xx.o(.text)
    SPI1_IRQHandler                          0x0800027b   Thumb Code     0  startup_stm32f407xx.o(.text)
    SPI2_IRQHandler                          0x0800027b   Thumb Code     0  startup_stm32f407xx.o(.text)
    SPI3_IRQHandler                          0x0800027b   Thumb Code     0  startup_stm32f407xx.o(.text)
    TAMP_STAMP_IRQHandler                    0x0800027b   Thumb Code     0  startup_stm32f407xx.o(.text)
    TIM1_BRK_TIM9_IRQHandler                 0x0800027b   Thumb Code     0  startup_stm32f407xx.o(.text)
    TIM1_CC_IRQHandler                       0x0800027b   Thumb Code     0  startup_stm32f407xx.o(.text)
    TIM1_TRG_COM_TIM11_IRQHandler            0x0800027b   Thumb Code     0  startup_stm32f407xx.o(.text)
    TIM1_UP_TIM10_IRQHandler                 0x0800027b   Thumb Code     0  startup_stm32f407xx.o(.text)
    TIM2_IRQHandler                          0x0800027b   Thumb Code     0  startup_stm32f407xx.o(.text)
    TIM3_IRQHandler                          0x0800027b   Thumb Code     0  startup_stm32f407xx.o(.text)
    TIM4_IRQHandler                          0x0800027b   Thumb Code     0  startup_stm32f407xx.o(.text)
    TIM5_IRQHandler                          0x0800027b   Thumb Code     0  startup_stm32f407xx.o(.text)
    TIM6_DAC_IRQHandler                      0x0800027b   Thumb Code     0  startup_stm32f407xx.o(.text)
    TIM8_BRK_TIM12_IRQHandler                0x0800027b   Thumb Code     0  startup_stm32f407xx.o(.text)
    TIM8_CC_IRQHandler                       0x0800027b   Thumb Code     0  startup_stm32f407xx.o(.text)
    TIM8_TRG_COM_TIM14_IRQHandler            0x0800027b   Thumb Code     0  startup_stm32f407xx.o(.text)
    TIM8_UP_TIM13_IRQHandler                 0x0800027b   Thumb Code     0  startup_stm32f407xx.o(.text)
    UART4_IRQHandler                         0x0800027b   Thumb Code     0  startup_stm32f407xx.o(.text)
    UART5_IRQHandler                         0x0800027b   Thumb Code     0  startup_stm32f407xx.o(.text)
    USART1_IRQHandler                        0x0800027b   Thumb Code     0  startup_stm32f407xx.o(.text)
    USART2_IRQHandler                        0x0800027b   Thumb Code     0  startup_stm32f407xx.o(.text)
    USART6_IRQHandler                        0x0800027b   Thumb Code     0  startup_stm32f407xx.o(.text)
    WWDG_IRQHandler                          0x0800027b   Thumb Code     0  startup_stm32f407xx.o(.text)
    __aeabi_uldivmod                         0x08000285   Thumb Code    98  uldiv.o(.text)
    __aeabi_memcpy                           0x080002e7   Thumb Code    36  memcpya.o(.text)
    __aeabi_memcpy4                          0x080002e7   Thumb Code     0  memcpya.o(.text)
    __aeabi_memcpy8                          0x080002e7   Thumb Code     0  memcpya.o(.text)
    __aeabi_memset                           0x0800030b   Thumb Code    14  memseta.o(.text)
    __aeabi_memset4                          0x0800030b   Thumb Code     0  memseta.o(.text)
    __aeabi_memset8                          0x0800030b   Thumb Code     0  memseta.o(.text)
    __aeabi_memclr                           0x08000319   Thumb Code     4  memseta.o(.text)
    __aeabi_memclr4                          0x08000319   Thumb Code     0  memseta.o(.text)
    __aeabi_memclr8                          0x08000319   Thumb Code     0  memseta.o(.text)
    memset                                   0x0800031d   Thumb Code    18  memseta.o(.text)
    __aeabi_dadd                             0x0800032f   Thumb Code   322  dadd.o(.text)
    __aeabi_dsub                             0x08000471   Thumb Code     6  dadd.o(.text)
    __aeabi_drsub                            0x08000477   Thumb Code     6  dadd.o(.text)
    __aeabi_dmul                             0x0800047d   Thumb Code   228  dmul.o(.text)
    __aeabi_ddiv                             0x08000561   Thumb Code   222  ddiv.o(.text)
    __aeabi_f2d                              0x0800063f   Thumb Code    38  f2d.o(.text)
    __aeabi_cdcmpeq                          0x08000665   Thumb Code     0  cdcmple.o(.text)
    __aeabi_cdcmple                          0x08000665   Thumb Code    48  cdcmple.o(.text)
    __aeabi_cdrcmple                         0x08000695   Thumb Code    48  cdrcmple.o(.text)
    __aeabi_d2f                              0x080006c5   Thumb Code    56  d2f.o(.text)
    __aeabi_llsl                             0x080006fd   Thumb Code    30  llshl.o(.text)
    _ll_shift_l                              0x080006fd   Thumb Code     0  llshl.o(.text)
    __aeabi_llsr                             0x0800071b   Thumb Code    32  llushr.o(.text)
    _ll_ushift_r                             0x0800071b   Thumb Code     0  llushr.o(.text)
    __aeabi_lasr                             0x0800073b   Thumb Code    36  llsshr.o(.text)
    _ll_sshift_r                             0x0800073b   Thumb Code     0  llsshr.o(.text)
    __I$use$fp                               0x0800075f   Thumb Code     0  iusefp.o(.text)
    _float_round                             0x0800075f   Thumb Code    18  fepilogue.o(.text)
    _float_epilogue                          0x08000771   Thumb Code    92  fepilogue.o(.text)
    _double_round                            0x080007cd   Thumb Code    30  depilogue.o(.text)
    _double_epilogue                         0x080007eb   Thumb Code   156  depilogue.o(.text)
    __scatterload                            0x08000889   Thumb Code    28  init.o(.text)
    __scatterload_rt2                        0x08000889   Thumb Code     0  init.o(.text)
    BusFault_Handler                         0x080008ad   Thumb Code     4  stm32f4xx_it.o(i.BusFault_Handler)
    CAN1_RX0_IRQHandler                      0x080008b1   Thumb Code    10  stm32f4xx_it.o(i.CAN1_RX0_IRQHandler)
    CAN1_TX_IRQHandler                       0x080008c1   Thumb Code    10  stm32f4xx_it.o(i.CAN1_TX_IRQHandler)
    CAN2_RX0_IRQHandler                      0x080008d1   Thumb Code    10  stm32f4xx_it.o(i.CAN2_RX0_IRQHandler)
    CAN2_TX_IRQHandler                       0x080008e1   Thumb Code    10  stm32f4xx_it.o(i.CAN2_TX_IRQHandler)
    CONTROLLER0_initialize                   0x080008f1   Thumb Code     2  controller0.o(i.CONTROLLER0_initialize)
    CONTROLLER0_step                         0x080008f5   Thumb Code   840  controller0.o(i.CONTROLLER0_step)
    CanComm_ControlCmd                       0x08000c71   Thumb Code   106  ht03.o(i.CanComm_ControlCmd)
    CanComm_SendControlPara                  0x08000ce1   Thumb Code   474  ht03.o(i.CanComm_SendControlPara)
    CanMOTOR_Init                            0x08000ed9   Thumb Code  1148  ht03.o(i.CanMOTOR_Init)
    CanMotorUpdate_NULL                      0x08001361   Thumb Code   392  ht03.o(i.CanMotorUpdate_NULL)
    CanTransmit                              0x080014f1   Thumb Code    46  ht03.o(i.CanTransmit)
    DebugMon_Handler                         0x0800151f   Thumb Code     2  stm32f4xx_it.o(i.DebugMon_Handler)
    Error_Handler                            0x08001521   Thumb Code     6  main.o(i.Error_Handler)
    HAL_CAN_ActivateNotification             0x08001527   Thumb Code    42  stm32f4xx_hal_can.o(i.HAL_CAN_ActivateNotification)
    HAL_CAN_AddTxMessage                     0x08001551   Thumb Code   342  stm32f4xx_hal_can.o(i.HAL_CAN_AddTxMessage)
    HAL_CAN_ConfigFilter                     0x080016a9   Thumb Code   286  stm32f4xx_hal_can.o(i.HAL_CAN_ConfigFilter)
    HAL_CAN_ErrorCallback                    0x080017cd   Thumb Code     2  stm32f4xx_hal_can.o(i.HAL_CAN_ErrorCallback)
    HAL_CAN_GetRxMessage                     0x080017cf   Thumb Code   378  stm32f4xx_hal_can.o(i.HAL_CAN_GetRxMessage)
    HAL_CAN_IRQHandler                       0x08001949   Thumb Code   590  stm32f4xx_hal_can.o(i.HAL_CAN_IRQHandler)
    HAL_CAN_Init                             0x08001b97   Thumb Code   372  stm32f4xx_hal_can.o(i.HAL_CAN_Init)
    HAL_CAN_MspInit                          0x08001d0d   Thumb Code   360  can.o(i.HAL_CAN_MspInit)
    HAL_CAN_RxFifo0FullCallback              0x08001e8d   Thumb Code     2  stm32f4xx_hal_can.o(i.HAL_CAN_RxFifo0FullCallback)
    HAL_CAN_RxFifo0MsgPendingCallback        0x08001e91   Thumb Code   444  ht03.o(i.HAL_CAN_RxFifo0MsgPendingCallback)
    HAL_CAN_RxFifo1FullCallback              0x08002069   Thumb Code     2  stm32f4xx_hal_can.o(i.HAL_CAN_RxFifo1FullCallback)
    HAL_CAN_RxFifo1MsgPendingCallback        0x0800206b   Thumb Code     2  stm32f4xx_hal_can.o(i.HAL_CAN_RxFifo1MsgPendingCallback)
    HAL_CAN_SleepCallback                    0x0800206d   Thumb Code     2  stm32f4xx_hal_can.o(i.HAL_CAN_SleepCallback)
    HAL_CAN_Start                            0x0800206f   Thumb Code    94  stm32f4xx_hal_can.o(i.HAL_CAN_Start)
    HAL_CAN_TxMailbox0AbortCallback          0x080020cd   Thumb Code     2  stm32f4xx_hal_can.o(i.HAL_CAN_TxMailbox0AbortCallback)
    HAL_CAN_TxMailbox0CompleteCallback       0x080020cf   Thumb Code     2  stm32f4xx_hal_can.o(i.HAL_CAN_TxMailbox0CompleteCallback)
    HAL_CAN_TxMailbox1AbortCallback          0x080020d1   Thumb Code     2  stm32f4xx_hal_can.o(i.HAL_CAN_TxMailbox1AbortCallback)
    HAL_CAN_TxMailbox1CompleteCallback       0x080020d3   Thumb Code     2  stm32f4xx_hal_can.o(i.HAL_CAN_TxMailbox1CompleteCallback)
    HAL_CAN_TxMailbox2AbortCallback          0x080020d5   Thumb Code     2  stm32f4xx_hal_can.o(i.HAL_CAN_TxMailbox2AbortCallback)
    HAL_CAN_TxMailbox2CompleteCallback       0x080020d7   Thumb Code     2  stm32f4xx_hal_can.o(i.HAL_CAN_TxMailbox2CompleteCallback)
    HAL_CAN_WakeUpFromRxMsgCallback          0x080020d9   Thumb Code     2  stm32f4xx_hal_can.o(i.HAL_CAN_WakeUpFromRxMsgCallback)
    HAL_DMA_Abort                            0x080020db   Thumb Code   172  stm32f4xx_hal_dma.o(i.HAL_DMA_Abort)
    HAL_DMA_Abort_IT                         0x08002187   Thumb Code    40  stm32f4xx_hal_dma.o(i.HAL_DMA_Abort_IT)
    HAL_Delay                                0x080021b1   Thumb Code    36  stm32f4xx_hal.o(i.HAL_Delay)
    HAL_GPIO_Init                            0x080021d9   Thumb Code   454  stm32f4xx_hal_gpio.o(i.HAL_GPIO_Init)
    HAL_GetTick                              0x080023cd   Thumb Code     6  stm32f4xx_hal.o(i.HAL_GetTick)
    HAL_IncTick                              0x080023d9   Thumb Code    16  stm32f4xx_hal.o(i.HAL_IncTick)
    HAL_Init                                 0x080023f1   Thumb Code    54  stm32f4xx_hal.o(i.HAL_Init)
    HAL_InitTick                             0x0800242d   Thumb Code   160  stm32f4xx_hal_timebase_tim.o(i.HAL_InitTick)
    HAL_MspInit                              0x080024e1   Thumb Code    78  stm32f4xx_hal_msp.o(i.HAL_MspInit)
    HAL_NVIC_EnableIRQ                       0x08002535   Thumb Code    32  stm32f4xx_hal_cortex.o(i.HAL_NVIC_EnableIRQ)
    HAL_NVIC_SetPriority                     0x08002555   Thumb Code   124  stm32f4xx_hal_cortex.o(i.HAL_NVIC_SetPriority)
    HAL_NVIC_SetPriorityGrouping             0x080025d1   Thumb Code    32  stm32f4xx_hal_cortex.o(i.HAL_NVIC_SetPriorityGrouping)
    HAL_RCC_ClockConfig                      0x080025f9   Thumb Code   368  stm32f4xx_hal_rcc.o(i.HAL_RCC_ClockConfig)
    HAL_RCC_GetClockConfig                   0x0800277d   Thumb Code    58  stm32f4xx_hal_rcc.o(i.HAL_RCC_GetClockConfig)
    HAL_RCC_GetHCLKFreq                      0x080027c1   Thumb Code     6  stm32f4xx_hal_rcc.o(i.HAL_RCC_GetHCLKFreq)
    HAL_RCC_GetPCLK1Freq                     0x080027cd   Thumb Code    22  stm32f4xx_hal_rcc.o(i.HAL_RCC_GetPCLK1Freq)
    HAL_RCC_GetPCLK2Freq                     0x080027ed   Thumb Code    22  stm32f4xx_hal_rcc.o(i.HAL_RCC_GetPCLK2Freq)
    HAL_RCC_GetSysClockFreq                  0x0800280d   Thumb Code   162  stm32f4xx_hal_rcc.o(i.HAL_RCC_GetSysClockFreq)
    HAL_RCC_OscConfig                        0x080028bd   Thumb Code  1172  stm32f4xx_hal_rcc.o(i.HAL_RCC_OscConfig)
    HAL_TIMEx_BreakCallback                  0x08002d59   Thumb Code     2  stm32f4xx_hal_tim_ex.o(i.HAL_TIMEx_BreakCallback)
    HAL_TIMEx_CommutCallback                 0x08002d5b   Thumb Code     2  stm32f4xx_hal_tim_ex.o(i.HAL_TIMEx_CommutCallback)
    HAL_TIM_Base_Init                        0x08002d5d   Thumb Code   102  stm32f4xx_hal_tim.o(i.HAL_TIM_Base_Init)
    HAL_TIM_Base_MspInit                     0x08002dc3   Thumb Code     2  stm32f4xx_hal_tim.o(i.HAL_TIM_Base_MspInit)
    HAL_TIM_Base_Start_IT                    0x08002dc5   Thumb Code   138  stm32f4xx_hal_tim.o(i.HAL_TIM_Base_Start_IT)
    HAL_TIM_IC_CaptureCallback               0x08002e6d   Thumb Code     2  stm32f4xx_hal_tim.o(i.HAL_TIM_IC_CaptureCallback)
    HAL_TIM_IRQHandler                       0x08002e6f   Thumb Code   406  stm32f4xx_hal_tim.o(i.HAL_TIM_IRQHandler)
    HAL_TIM_OC_DelayElapsedCallback          0x08003005   Thumb Code     2  stm32f4xx_hal_tim.o(i.HAL_TIM_OC_DelayElapsedCallback)
    HAL_TIM_PWM_PulseFinishedCallback        0x08003007   Thumb Code     2  stm32f4xx_hal_tim.o(i.HAL_TIM_PWM_PulseFinishedCallback)
    HAL_TIM_PeriodElapsedCallback            0x08003009   Thumb Code    18  main.o(i.HAL_TIM_PeriodElapsedCallback)
    HAL_TIM_TriggerCallback                  0x08003021   Thumb Code     2  stm32f4xx_hal_tim.o(i.HAL_TIM_TriggerCallback)
    HAL_UARTEx_RxEventCallback               0x08003023   Thumb Code     2  stm32f4xx_hal_uart.o(i.HAL_UARTEx_RxEventCallback)
    HAL_UART_ErrorCallback                   0x08003025   Thumb Code     2  stm32f4xx_hal_uart.o(i.HAL_UART_ErrorCallback)
    HAL_UART_GetState                        0x08003027   Thumb Code    20  stm32f4xx_hal_uart.o(i.HAL_UART_GetState)
    HAL_UART_IRQHandler                      0x0800303d   Thumb Code   732  stm32f4xx_hal_uart.o(i.HAL_UART_IRQHandler)
    HAL_UART_Init                            0x0800331d   Thumb Code   114  stm32f4xx_hal_uart.o(i.HAL_UART_Init)
    HAL_UART_MspInit                         0x08003391   Thumb Code   140  usart.o(i.HAL_UART_MspInit)
    HAL_UART_Receive_IT                      0x08003429   Thumb Code    66  stm32f4xx_hal_uart.o(i.HAL_UART_Receive_IT)
    HAL_UART_RxCpltCallback                  0x0800346d   Thumb Code   124  main.o(i.HAL_UART_RxCpltCallback)
    HAL_UART_TxCpltCallback                  0x080034f9   Thumb Code     2  stm32f4xx_hal_uart.o(i.HAL_UART_TxCpltCallback)
    HardFault_Handler                        0x080034fb   Thumb Code     4  stm32f4xx_it.o(i.HardFault_Handler)
    MX_CAN1_Init                             0x080035b1   Thumb Code    64  can.o(i.MX_CAN1_Init)
    MX_CAN2_Init                             0x080035f9   Thumb Code    64  can.o(i.MX_CAN2_Init)
    MX_FREERTOS_Init                         0x08003641   Thumb Code    60  freertos.o(i.MX_FREERTOS_Init)
    MX_GPIO_Init                             0x080036ad   Thumb Code   126  gpio.o(i.MX_GPIO_Init)
    MX_USART3_UART_Init                      0x08003731   Thumb Code    50  usart.o(i.MX_USART3_UART_Init)
    MemManage_Handler                        0x08003771   Thumb Code     4  stm32f4xx_it.o(i.MemManage_Handler)
    NMI_Handler                              0x08003775   Thumb Code     4  stm32f4xx_it.o(i.NMI_Handler)
    PULSE_INIT                               0x08003779   Thumb Code   138  impulse.o(i.PULSE_INIT)
    PULSE_UPDATE                             0x0800380d   Thumb Code  4478  impulse.o(i.PULSE_UPDATE)
    StartDefaultTask                         0x08004991   Thumb Code    10  freertos.o(i.StartDefaultTask)
    StartTask02                              0x0800499d   Thumb Code   678  freertos.o(i.StartTask02)
    StartTask03                              0x08004c61   Thumb Code   116  freertos.o(i.StartTask03)
    StartTask04                              0x08004ce1   Thumb Code   254  freertos.o(i.StartTask04)
    SysTick_Handler                          0x08004e01   Thumb Code    22  cmsis_os2.o(i.SysTick_Handler)
    SystemClock_Config                       0x08004e19   Thumb Code   170  main.o(i.SystemClock_Config)
    SystemInit                               0x08004ecd   Thumb Code    14  system_stm32f4xx.o(i.SystemInit)
    TIM7_IRQHandler                          0x08004ee1   Thumb Code    10  stm32f4xx_it.o(i.TIM7_IRQHandler)
    TIM_Base_SetConfig                       0x08004ef1   Thumb Code   170  stm32f4xx_hal_tim.o(i.TIM_Base_SetConfig)
    UART_Start_Receive_IT                    0x0800538d   Thumb Code    74  stm32f4xx_hal_uart.o(i.UART_Start_Receive_IT)
    USART3_IRQHandler                        0x08005439   Thumb Code    66  stm32f4xx_it.o(i.USART3_IRQHandler)
    UsageFault_Handler                       0x08005489   Thumb Code     4  stm32f4xx_it.o(i.UsageFault_Handler)
    __ARM_fpclassifyf                        0x0800548d   Thumb Code    38  fpclassifyf.o(i.__ARM_fpclassifyf)
    __hardfp_acosf                           0x080054f5   Thumb Code   234  acosf.o(i.__hardfp_acosf)
    __hardfp_asinf                           0x0800560d   Thumb Code   258  asinf.o(i.__hardfp_asinf)
    __hardfp_sinf                            0x08005739   Thumb Code   344  sinf.o(i.__hardfp_sinf)
    __hardfp_sqrtf                           0x080058c9   Thumb Code    58  sqrtf.o(i.__hardfp_sqrtf)
    __mathlib_flt_infnan                     0x08005903   Thumb Code     6  funder.o(i.__mathlib_flt_infnan)
    __mathlib_flt_invalid                    0x08005909   Thumb Code    10  funder.o(i.__mathlib_flt_invalid)
    __mathlib_flt_underflow                  0x08005919   Thumb Code    10  funder.o(i.__mathlib_flt_underflow)
    __mathlib_rredf2                         0x08005929   Thumb Code   316  rredf.o(i.__mathlib_rredf2)
    __scatterload_copy                       0x08005a7d   Thumb Code    14  handlers.o(i.__scatterload_copy)
    __scatterload_null                       0x08005a8b   Thumb Code     2  handlers.o(i.__scatterload_null)
    __scatterload_zeroinit                   0x08005a8d   Thumb Code    14  handlers.o(i.__scatterload_zeroinit)
    __set_errno                              0x08005a9d   Thumb Code     6  errno.o(i.__set_errno)
    can_filter_init                          0x08005aa9   Thumb Code   116  ht03.o(i.can_filter_init)
    main                                     0x08005b59   Thumb Code   124  main.o(i.main)
    osDelay                                  0x08005be5   Thumb Code    30  cmsis_os2.o(i.osDelay)
    osKernelInitialize                       0x08005c05   Thumb Code    38  cmsis_os2.o(i.osKernelInitialize)
    osKernelStart                            0x08005c31   Thumb Code    82  cmsis_os2.o(i.osKernelStart)
    osThreadNew                              0x08005c91   Thumb Code   184  cmsis_os2.o(i.osThreadNew)
    pvPortMalloc                             0x0800676d   Thumb Code   306  heap_4.o(i.pvPortMalloc)
    pxPortInitialiseStack                    0x080068b9   Thumb Code    38  port.o(i.pxPortInitialiseStack)
    sqrtf                                    0x080068e5   Thumb Code    62  sqrtf.o(i.sqrtf)
    update_sbus                              0x08006b91   Thumb Code   354  sbus.o(i.update_sbus)
    uxListRemove                             0x08006cf9   Thumb Code    40  list.o(i.uxListRemove)
    vApplicationGetIdleTaskMemory            0x08006d21   Thumb Code    14  cmsis_os2.o(i.vApplicationGetIdleTaskMemory)
    vApplicationGetTimerTaskMemory           0x08006d39   Thumb Code    16  cmsis_os2.o(i.vApplicationGetTimerTaskMemory)
    vListInitialise                          0x08006d51   Thumb Code    26  list.o(i.vListInitialise)
    vListInitialiseItem                      0x08006d6b   Thumb Code     6  list.o(i.vListInitialiseItem)
    vListInsert                              0x08006d71   Thumb Code    52  list.o(i.vListInsert)
    vListInsertEnd                           0x08006da5   Thumb Code    24  list.o(i.vListInsertEnd)
    vPortEnterCritical                       0x08006dbd   Thumb Code    76  port.o(i.vPortEnterCritical)
    vPortExitCritical                        0x08006e11   Thumb Code    56  port.o(i.vPortExitCritical)
    vPortFree                                0x08006e4d   Thumb Code   150  heap_4.o(i.vPortFree)
    vPortSetupTimerInterrupt                 0x08006ef1   Thumb Code    36  port.o(i.vPortSetupTimerInterrupt)
    vPortValidateInterruptPriority           0x08006f19   Thumb Code   106  port.o(i.vPortValidateInterruptPriority)
    vQueueAddToRegistry                      0x08006f91   Thumb Code    38  queue.o(i.vQueueAddToRegistry)
    vQueueWaitForMessageRestricted           0x08006fbd   Thumb Code    74  queue.o(i.vQueueWaitForMessageRestricted)
    vTaskDelay                               0x08007009   Thumb Code    82  tasks.o(i.vTaskDelay)
    vTaskInternalSetTimeOutState             0x08007065   Thumb Code    14  tasks.o(i.vTaskInternalSetTimeOutState)
    vTaskMissedYield                         0x0800707d   Thumb Code     8  tasks.o(i.vTaskMissedYield)
    vTaskPlaceOnEventList                    0x08007089   Thumb Code    52  tasks.o(i.vTaskPlaceOnEventList)
    vTaskPlaceOnEventListRestricted          0x080070c1   Thumb Code    60  tasks.o(i.vTaskPlaceOnEventListRestricted)
    vTaskStartScheduler                      0x08007101   Thumb Code   156  tasks.o(i.vTaskStartScheduler)
    vTaskSuspendAll                          0x080071b9   Thumb Code    12  tasks.o(i.vTaskSuspendAll)
    vTaskSwitchContext                       0x080071c9   Thumb Code   122  tasks.o(i.vTaskSwitchContext)
    xPortStartScheduler                      0x08007259   Thumb Code   330  port.o(i.xPortStartScheduler)
    xPortSysTickHandler                      0x080073c1   Thumb Code    46  port.o(i.xPortSysTickHandler)
    xQueueGenericCreateStatic                0x080073f5   Thumb Code   224  queue.o(i.xQueueGenericCreateStatic)
    xQueueGenericReset                       0x080074d5   Thumb Code   146  queue.o(i.xQueueGenericReset)
    xQueueGenericSend                        0x0800756d   Thumb Code   420  queue.o(i.xQueueGenericSend)
    xQueueGenericSendFromISR                 0x08007715   Thumb Code   252  queue.o(i.xQueueGenericSendFromISR)
    xQueueReceive                            0x08007811   Thumb Code   356  queue.o(i.xQueueReceive)
    xTaskCheckForTimeOut                     0x08007979   Thumb Code   132  tasks.o(i.xTaskCheckForTimeOut)
    xTaskCreate                              0x08007a05   Thumb Code   100  tasks.o(i.xTaskCreate)
    xTaskCreateStatic                        0x08007a69   Thumb Code   186  tasks.o(i.xTaskCreateStatic)
    xTaskGetSchedulerState                   0x08007b25   Thumb Code    24  tasks.o(i.xTaskGetSchedulerState)
    xTaskGetTickCount                        0x08007b45   Thumb Code     6  tasks.o(i.xTaskGetTickCount)
    xTaskIncrementTick                       0x08007b51   Thumb Code   280  tasks.o(i.xTaskIncrementTick)
    xTaskPriorityDisinherit                  0x08007c95   Thumb Code   152  tasks.o(i.xTaskPriorityDisinherit)
    xTaskRemoveFromEventList                 0x08007d39   Thumb Code   126  tasks.o(i.xTaskRemoveFromEventList)
    xTaskResumeAll                           0x08007dd1   Thumb Code   222  tasks.o(i.xTaskResumeAll)
    xTimerCreateTimerTask                    0x08007ed5   Thumb Code   100  timers.o(i.xTimerCreateTimerTask)
    xTimerGenericCommand                     0x08007f4d   Thumb Code   128  timers.o(i.xTimerGenericCommand)
    defaultTask_attributes                   0x08007fd0   Data          36  freertos.o(.constdata)
    myTask02_attributes                      0x08007ff4   Data          36  freertos.o(.constdata)
    MatlabFuction_attributes                 0x08008018   Data          36  freertos.o(.constdata)
    myTask04_attributes                      0x0800803c   Data          36  freertos.o(.constdata)
    AHBPrescTable                            0x08008060   Data          16  system_stm32f4xx.o(.constdata)
    APBPrescTable                            0x08008070   Data           8  system_stm32f4xx.o(.constdata)
    Region$$Table$$Base                      0x080080cc   Number         0  anon$$obj.o(Region$$Table)
    Region$$Table$$Limit                     0x080080ec   Number         0  anon$$obj.o(Region$$Table)
    USART3_RX_STA                            0x20000000   Data           2  main.o(.data)
    aRxBuffer3                               0x20000002   Data           1  main.o(.data)
    CH3                                      0x20000004   Data           4  main.o(.data)
    CH1                                      0x20000008   Data           4  main.o(.data)
    CH2                                      0x2000000c   Data           4  main.o(.data)
    stauts                                   0x20000010   Data           4  main.o(.data)
    j                                        0x20000014   Data           4  main.o(.data)
    update                                   0x20000018   Data           4  freertos.o(.data)
    defaultTaskHandle                        0x2000001c   Data           4  freertos.o(.data)
    myTask02Handle                           0x20000020   Data           4  freertos.o(.data)
    MatlabFuctionHandle                      0x20000024   Data           4  freertos.o(.data)
    myTask04Handle                           0x20000028   Data           4  freertos.o(.data)
    uwTick                                   0x20000030   Data           4  stm32f4xx_hal.o(.data)
    uwTickPrio                               0x20000034   Data           4  stm32f4xx_hal.o(.data)
    uwTickFreq                               0x20000038   Data           1  stm32f4xx_hal.o(.data)
    SystemCoreClock                          0x2000003c   Data           4  system_stm32f4xx.o(.data)
    pxCurrentTCB                             0x20000040   Data           4  tasks.o(.data)
    commandbuf                               0x200000c0   Data           8  ht03.o(.data)
    databuf                                  0x200000c8   Data           8  ht03.o(.data)
    MOTORID                                  0x200000d0   Data           8  ht03.o(.data)
    motor_state                              0x200000d8   Data           1  ht03.o(.data)
    USART3_RX_BUF                            0x200000e0   Data         100  main.o(.bss)
    MatlabFuctionBuffer                      0x20000144   Data        1024  freertos.o(.bss)
    MatlabFuctionControlBlock                0x20000544   Data          92  freertos.o(.bss)
    hcan1                                    0x200005a0   Data          40  can.o(.bss)
    hcan2                                    0x200005c8   Data          40  can.o(.bss)
    huart3                                   0x200005f0   Data          68  usart.o(.bss)
    htim7                                    0x20000634   Data          72  stm32f4xx_hal_timebase_tim.o(.bss)
    xQueueRegistry                           0x2000067c   Data          64  queue.o(.bss)
    SBUS_CH                                  0x20004f50   Data          84  sbus.o(.bss)
    motor_data                               0x20004fa4   Data         128  ht03.o(.bss)
    PULSE_data                               0x20005024   Data         144  impulse.o(.bss)
    rtU                                      0x200050b4   Data          40  controller0.o(.bss)
    rtY                                      0x200050dc   Data          32  controller0.o(.bss)
    __initial_sp                             0x20005500   Data           0  startup_stm32f407xx.o(STACK)



==============================================================================

Memory Map of the image

  Image Entry point : 0x08000189

  Load Region LR_IROM1 (Base: 0x08000000, Size: 0x000081cc, Max: 0x00100000, ABSOLUTE)

    Execution Region ER_IROM1 (Exec base: 0x08000000, Load base: 0x08000000, Size: 0x000080ec, Max: 0x00100000, ABSOLUTE)

    Exec Addr    Load Addr    Size         Type   Attr      Idx    E Section Name        Object

    0x08000000   0x08000000   0x00000188   Data   RO            3    RESET               startup_stm32f407xx.o
    0x08000188   0x08000188   0x00000000   Code   RO         5443  * .ARM.Collect$$$$00000000  mc_w.l(entry.o)
    0x08000188   0x08000188   0x00000004   Code   RO         5489    .ARM.Collect$$$$00000001  mc_w.l(entry2.o)
    0x0800018c   0x0800018c   0x00000004   Code   RO         5492    .ARM.Collect$$$$00000004  mc_w.l(entry5.o)
    0x08000190   0x08000190   0x00000000   Code   RO         5494    .ARM.Collect$$$$00000008  mc_w.l(entry7b.o)
    0x08000190   0x08000190   0x00000000   Code   RO         5496    .ARM.Collect$$$$0000000A  mc_w.l(entry8b.o)
    0x08000190   0x08000190   0x00000008   Code   RO         5497    .ARM.Collect$$$$0000000B  mc_w.l(entry9a.o)
    0x08000198   0x08000198   0x00000004   Code   RO         5504    .ARM.Collect$$$$0000000E  mc_w.l(entry12b.o)
    0x0800019c   0x0800019c   0x00000000   Code   RO         5499    .ARM.Collect$$$$0000000F  mc_w.l(entry10a.o)
    0x0800019c   0x0800019c   0x00000000   Code   RO         5501    .ARM.Collect$$$$00000011  mc_w.l(entry11a.o)
    0x0800019c   0x0800019c   0x00000004   Code   RO         5490    .ARM.Collect$$$$00002712  mc_w.l(entry2.o)
    0x080001a0   0x080001a0   0x000000be   Code   RO         5095    .emb_text           port.o
    0x0800025e   0x0800025e   0x00000002   PAD
    0x08000260   0x08000260   0x00000024   Code   RO            4    .text               startup_stm32f407xx.o
    0x08000284   0x08000284   0x00000062   Code   RO         5446    .text               mc_w.l(uldiv.o)
    0x080002e6   0x080002e6   0x00000024   Code   RO         5448    .text               mc_w.l(memcpya.o)
    0x0800030a   0x0800030a   0x00000024   Code   RO         5452    .text               mc_w.l(memseta.o)
    0x0800032e   0x0800032e   0x0000014e   Code   RO         5456    .text               mf_w.l(dadd.o)
    0x0800047c   0x0800047c   0x000000e4   Code   RO         5458    .text               mf_w.l(dmul.o)
    0x08000560   0x08000560   0x000000de   Code   RO         5460    .text               mf_w.l(ddiv.o)
    0x0800063e   0x0800063e   0x00000026   Code   RO         5462    .text               mf_w.l(f2d.o)
    0x08000664   0x08000664   0x00000030   Code   RO         5464    .text               mf_w.l(cdcmple.o)
    0x08000694   0x08000694   0x00000030   Code   RO         5466    .text               mf_w.l(cdrcmple.o)
    0x080006c4   0x080006c4   0x00000038   Code   RO         5468    .text               mf_w.l(d2f.o)
    0x080006fc   0x080006fc   0x0000001e   Code   RO         5505    .text               mc_w.l(llshl.o)
    0x0800071a   0x0800071a   0x00000020   Code   RO         5507    .text               mc_w.l(llushr.o)
    0x0800073a   0x0800073a   0x00000024   Code   RO         5509    .text               mc_w.l(llsshr.o)
    0x0800075e   0x0800075e   0x00000000   Code   RO         5518    .text               mc_w.l(iusefp.o)
    0x0800075e   0x0800075e   0x0000006e   Code   RO         5519    .text               mf_w.l(fepilogue.o)
    0x080007cc   0x080007cc   0x000000ba   Code   RO         5521    .text               mf_w.l(depilogue.o)
    0x08000886   0x08000886   0x00000002   PAD
    0x08000888   0x08000888   0x00000024   Code   RO         5523    .text               mc_w.l(init.o)
    0x080008ac   0x080008ac   0x00000004   Code   RO          405    i.BusFault_Handler  stm32f4xx_it.o
    0x080008b0   0x080008b0   0x00000010   Code   RO          406    i.CAN1_RX0_IRQHandler  stm32f4xx_it.o
    0x080008c0   0x080008c0   0x00000010   Code   RO          407    i.CAN1_TX_IRQHandler  stm32f4xx_it.o
    0x080008d0   0x080008d0   0x00000010   Code   RO          408    i.CAN2_RX0_IRQHandler  stm32f4xx_it.o
    0x080008e0   0x080008e0   0x00000010   Code   RO          409    i.CAN2_TX_IRQHandler  stm32f4xx_it.o
    0x080008f0   0x080008f0   0x00000002   Code   RO         5350    i.CONTROLLER0_initialize  controller0.o
    0x080008f2   0x080008f2   0x00000002   PAD
    0x080008f4   0x080008f4   0x0000037c   Code   RO         5351    i.CONTROLLER0_step  controller0.o
    0x08000c70   0x08000c70   0x00000070   Code   RO         5212    i.CanComm_ControlCmd  ht03.o
    0x08000ce0   0x08000ce0   0x000001f8   Code   RO         5213    i.CanComm_SendControlPara  ht03.o
    0x08000ed8   0x08000ed8   0x00000488   Code   RO         5214    i.CanMOTOR_Init     ht03.o
    0x08001360   0x08001360   0x00000190   Code   RO         5215    i.CanMotorUpdate_NULL  ht03.o
    0x080014f0   0x080014f0   0x0000002e   Code   RO         5216    i.CanTransmit       ht03.o
    0x0800151e   0x0800151e   0x00000002   Code   RO          410    i.DebugMon_Handler  stm32f4xx_it.o
    0x08001520   0x08001520   0x00000006   Code   RO           13    i.Error_Handler     main.o
    0x08001526   0x08001526   0x0000002a   Code   RO          563    i.HAL_CAN_ActivateNotification  stm32f4xx_hal_can.o
    0x08001550   0x08001550   0x00000156   Code   RO          564    i.HAL_CAN_AddTxMessage  stm32f4xx_hal_can.o
    0x080016a6   0x080016a6   0x00000002   PAD
    0x080016a8   0x080016a8   0x00000124   Code   RO          565    i.HAL_CAN_ConfigFilter  stm32f4xx_hal_can.o
    0x080017cc   0x080017cc   0x00000002   Code   RO          568    i.HAL_CAN_ErrorCallback  stm32f4xx_hal_can.o
    0x080017ce   0x080017ce   0x0000017a   Code   RO          571    i.HAL_CAN_GetRxMessage  stm32f4xx_hal_can.o
    0x08001948   0x08001948   0x0000024e   Code   RO          575    i.HAL_CAN_IRQHandler  stm32f4xx_hal_can.o
    0x08001b96   0x08001b96   0x00000174   Code   RO          576    i.HAL_CAN_Init      stm32f4xx_hal_can.o
    0x08001d0a   0x08001d0a   0x00000002   PAD
    0x08001d0c   0x08001d0c   0x00000180   Code   RO          315    i.HAL_CAN_MspInit   can.o
    0x08001e8c   0x08001e8c   0x00000002   Code   RO          583    i.HAL_CAN_RxFifo0FullCallback  stm32f4xx_hal_can.o
    0x08001e8e   0x08001e8e   0x00000002   PAD
    0x08001e90   0x08001e90   0x000001d8   Code   RO         5217    i.HAL_CAN_RxFifo0MsgPendingCallback  ht03.o
    0x08002068   0x08002068   0x00000002   Code   RO          585    i.HAL_CAN_RxFifo1FullCallback  stm32f4xx_hal_can.o
    0x0800206a   0x0800206a   0x00000002   Code   RO          586    i.HAL_CAN_RxFifo1MsgPendingCallback  stm32f4xx_hal_can.o
    0x0800206c   0x0800206c   0x00000002   Code   RO          587    i.HAL_CAN_SleepCallback  stm32f4xx_hal_can.o
    0x0800206e   0x0800206e   0x0000005e   Code   RO          588    i.HAL_CAN_Start     stm32f4xx_hal_can.o
    0x080020cc   0x080020cc   0x00000002   Code   RO          590    i.HAL_CAN_TxMailbox0AbortCallback  stm32f4xx_hal_can.o
    0x080020ce   0x080020ce   0x00000002   Code   RO          591    i.HAL_CAN_TxMailbox0CompleteCallback  stm32f4xx_hal_can.o
    0x080020d0   0x080020d0   0x00000002   Code   RO          592    i.HAL_CAN_TxMailbox1AbortCallback  stm32f4xx_hal_can.o
    0x080020d2   0x080020d2   0x00000002   Code   RO          593    i.HAL_CAN_TxMailbox1CompleteCallback  stm32f4xx_hal_can.o
    0x080020d4   0x080020d4   0x00000002   Code   RO          594    i.HAL_CAN_TxMailbox2AbortCallback  stm32f4xx_hal_can.o
    0x080020d6   0x080020d6   0x00000002   Code   RO          595    i.HAL_CAN_TxMailbox2CompleteCallback  stm32f4xx_hal_can.o
    0x080020d8   0x080020d8   0x00000002   Code   RO          597    i.HAL_CAN_WakeUpFromRxMsgCallback  stm32f4xx_hal_can.o
    0x080020da   0x080020da   0x000000ac   Code   RO         1303    i.HAL_DMA_Abort     stm32f4xx_hal_dma.o
    0x08002186   0x08002186   0x00000028   Code   RO         1304    i.HAL_DMA_Abort_IT  stm32f4xx_hal_dma.o
    0x080021ae   0x080021ae   0x00000002   PAD
    0x080021b0   0x080021b0   0x00000028   Code   RO         1727    i.HAL_Delay         stm32f4xx_hal.o
    0x080021d8   0x080021d8   0x000001f4   Code   RO         1196    i.HAL_GPIO_Init     stm32f4xx_hal_gpio.o
    0x080023cc   0x080023cc   0x0000000c   Code   RO         1733    i.HAL_GetTick       stm32f4xx_hal.o
    0x080023d8   0x080023d8   0x00000018   Code   RO         1739    i.HAL_IncTick       stm32f4xx_hal.o
    0x080023f0   0x080023f0   0x0000003c   Code   RO         1740    i.HAL_Init          stm32f4xx_hal.o
    0x0800242c   0x0800242c   0x000000b4   Code   RO          523    i.HAL_InitTick      stm32f4xx_hal_timebase_tim.o
    0x080024e0   0x080024e0   0x00000054   Code   RO          499    i.HAL_MspInit       stm32f4xx_hal_msp.o
    0x08002534   0x08002534   0x00000020   Code   RO         1585    i.HAL_NVIC_EnableIRQ  stm32f4xx_hal_cortex.o
    0x08002554   0x08002554   0x0000007c   Code   RO         1591    i.HAL_NVIC_SetPriority  stm32f4xx_hal_cortex.o
    0x080025d0   0x080025d0   0x00000028   Code   RO         1592    i.HAL_NVIC_SetPriorityGrouping  stm32f4xx_hal_cortex.o
    0x080025f8   0x080025f8   0x00000184   Code   RO          797    i.HAL_RCC_ClockConfig  stm32f4xx_hal_rcc.o
    0x0800277c   0x0800277c   0x00000044   Code   RO          801    i.HAL_RCC_GetClockConfig  stm32f4xx_hal_rcc.o
    0x080027c0   0x080027c0   0x0000000c   Code   RO          802    i.HAL_RCC_GetHCLKFreq  stm32f4xx_hal_rcc.o
    0x080027cc   0x080027cc   0x00000020   Code   RO          804    i.HAL_RCC_GetPCLK1Freq  stm32f4xx_hal_rcc.o
    0x080027ec   0x080027ec   0x00000020   Code   RO          805    i.HAL_RCC_GetPCLK2Freq  stm32f4xx_hal_rcc.o
    0x0800280c   0x0800280c   0x000000b0   Code   RO          806    i.HAL_RCC_GetSysClockFreq  stm32f4xx_hal_rcc.o
    0x080028bc   0x080028bc   0x0000049c   Code   RO          809    i.HAL_RCC_OscConfig  stm32f4xx_hal_rcc.o
    0x08002d58   0x08002d58   0x00000002   Code   RO         2695    i.HAL_TIMEx_BreakCallback  stm32f4xx_hal_tim_ex.o
    0x08002d5a   0x08002d5a   0x00000002   Code   RO         2696    i.HAL_TIMEx_CommutCallback  stm32f4xx_hal_tim_ex.o
    0x08002d5c   0x08002d5c   0x00000066   Code   RO         1980    i.HAL_TIM_Base_Init  stm32f4xx_hal_tim.o
    0x08002dc2   0x08002dc2   0x00000002   Code   RO         1982    i.HAL_TIM_Base_MspInit  stm32f4xx_hal_tim.o
    0x08002dc4   0x08002dc4   0x000000a8   Code   RO         1985    i.HAL_TIM_Base_Start_IT  stm32f4xx_hal_tim.o
    0x08002e6c   0x08002e6c   0x00000002   Code   RO         2014    i.HAL_TIM_IC_CaptureCallback  stm32f4xx_hal_tim.o
    0x08002e6e   0x08002e6e   0x00000196   Code   RO         2028    i.HAL_TIM_IRQHandler  stm32f4xx_hal_tim.o
    0x08003004   0x08003004   0x00000002   Code   RO         2031    i.HAL_TIM_OC_DelayElapsedCallback  stm32f4xx_hal_tim.o
    0x08003006   0x08003006   0x00000002   Code   RO         2058    i.HAL_TIM_PWM_PulseFinishedCallback  stm32f4xx_hal_tim.o
    0x08003008   0x08003008   0x00000018   Code   RO           14    i.HAL_TIM_PeriodElapsedCallback  main.o
    0x08003020   0x08003020   0x00000002   Code   RO         2071    i.HAL_TIM_TriggerCallback  stm32f4xx_hal_tim.o
    0x08003022   0x08003022   0x00000002   Code   RO         2973    i.HAL_UARTEx_RxEventCallback  stm32f4xx_hal_uart.o
    0x08003024   0x08003024   0x00000002   Code   RO         2987    i.HAL_UART_ErrorCallback  stm32f4xx_hal_uart.o
    0x08003026   0x08003026   0x00000014   Code   RO         2989    i.HAL_UART_GetState  stm32f4xx_hal_uart.o
    0x0800303a   0x0800303a   0x00000002   PAD
    0x0800303c   0x0800303c   0x000002e0   Code   RO         2990    i.HAL_UART_IRQHandler  stm32f4xx_hal_uart.o
    0x0800331c   0x0800331c   0x00000072   Code   RO         2991    i.HAL_UART_Init     stm32f4xx_hal_uart.o
    0x0800338e   0x0800338e   0x00000002   PAD
    0x08003390   0x08003390   0x00000098   Code   RO          364    i.HAL_UART_MspInit  usart.o
    0x08003428   0x08003428   0x00000042   Code   RO         2996    i.HAL_UART_Receive_IT  stm32f4xx_hal_uart.o
    0x0800346a   0x0800346a   0x00000002   PAD
    0x0800346c   0x0800346c   0x0000008c   Code   RO           15    i.HAL_UART_RxCpltCallback  main.o
    0x080034f8   0x080034f8   0x00000002   Code   RO         3002    i.HAL_UART_TxCpltCallback  stm32f4xx_hal_uart.o
    0x080034fa   0x080034fa   0x00000004   Code   RO          411    i.HardFault_Handler  stm32f4xx_it.o
    0x080034fe   0x080034fe   0x00000002   PAD
    0x08003500   0x08003500   0x000000b0   Code   RO         5352    i.MATLABFunction1   controller0.o
    0x080035b0   0x080035b0   0x00000048   Code   RO          316    i.MX_CAN1_Init      can.o
    0x080035f8   0x080035f8   0x00000048   Code   RO          317    i.MX_CAN2_Init      can.o
    0x08003640   0x08003640   0x0000006c   Code   RO          251    i.MX_FREERTOS_Init  freertos.o
    0x080036ac   0x080036ac   0x00000084   Code   RO          227    i.MX_GPIO_Init      gpio.o
    0x08003730   0x08003730   0x00000040   Code   RO          365    i.MX_USART3_UART_Init  usart.o
    0x08003770   0x08003770   0x00000004   Code   RO          412    i.MemManage_Handler  stm32f4xx_it.o
    0x08003774   0x08003774   0x00000004   Code   RO          413    i.NMI_Handler       stm32f4xx_it.o
    0x08003778   0x08003778   0x00000094   Code   RO         5290    i.PULSE_INIT        impulse.o
    0x0800380c   0x0800380c   0x00001184   Code   RO         5291    i.PULSE_UPDATE      impulse.o
    0x08004990   0x08004990   0x0000000a   Code   RO          252    i.StartDefaultTask  freertos.o
    0x0800499a   0x0800499a   0x00000002   PAD
    0x0800499c   0x0800499c   0x000002c4   Code   RO          253    i.StartTask02       freertos.o
    0x08004c60   0x08004c60   0x00000080   Code   RO          254    i.StartTask03       freertos.o
    0x08004ce0   0x08004ce0   0x00000120   Code   RO          255    i.StartTask04       freertos.o
    0x08004e00   0x08004e00   0x00000016   Code   RO         4510    i.SysTick_Handler   cmsis_os2.o
    0x08004e16   0x08004e16   0x00000002   PAD
    0x08004e18   0x08004e18   0x000000b4   Code   RO           16    i.SystemClock_Config  main.o
    0x08004ecc   0x08004ecc   0x00000014   Code   RO         3330    i.SystemInit        system_stm32f4xx.o
    0x08004ee0   0x08004ee0   0x00000010   Code   RO          414    i.TIM7_IRQHandler   stm32f4xx_it.o
    0x08004ef0   0x08004ef0   0x000000d8   Code   RO         2073    i.TIM_Base_SetConfig  stm32f4xx_hal_tim.o
    0x08004fc8   0x08004fc8   0x00000014   Code   RO         3004    i.UART_DMAAbortOnError  stm32f4xx_hal_uart.o
    0x08004fdc   0x08004fdc   0x0000006c   Code   RO         3014    i.UART_EndRxTransfer  stm32f4xx_hal_uart.o
    0x08005048   0x08005048   0x00000020   Code   RO         3015    i.UART_EndTransmit_IT  stm32f4xx_hal_uart.o
    0x08005068   0x08005068   0x000000f8   Code   RO         3017    i.UART_Receive_IT   stm32f4xx_hal_uart.o
    0x08005160   0x08005160   0x0000022c   Code   RO         3018    i.UART_SetConfig    stm32f4xx_hal_uart.o
    0x0800538c   0x0800538c   0x0000004a   Code   RO         3020    i.UART_Start_Receive_IT  stm32f4xx_hal_uart.o
    0x080053d6   0x080053d6   0x00000060   Code   RO         3021    i.UART_Transmit_IT  stm32f4xx_hal_uart.o
    0x08005436   0x08005436   0x00000002   PAD
    0x08005438   0x08005438   0x00000050   Code   RO          415    i.USART3_IRQHandler  stm32f4xx_it.o
    0x08005488   0x08005488   0x00000004   Code   RO          416    i.UsageFault_Handler  stm32f4xx_it.o
    0x0800548c   0x0800548c   0x00000026   Code   RO         5470    i.__ARM_fpclassifyf  m_wm.l(fpclassifyf.o)
    0x080054b2   0x080054b2   0x00000002   PAD
    0x080054b4   0x080054b4   0x00000010   Code   RO         1598    i.__NVIC_GetPriorityGrouping  stm32f4xx_hal_cortex.o
    0x080054c4   0x080054c4   0x00000028   Code   RO         1599    i.__NVIC_SetPriority  stm32f4xx_hal_cortex.o
    0x080054ec   0x080054ec   0x00000006   Code   RO         4512    i.__get_IPSR        cmsis_os2.o
    0x080054f2   0x080054f2   0x00000002   PAD
    0x080054f4   0x080054f4   0x00000118   Code   RO         5395    i.__hardfp_acosf    m_wm.l(acosf.o)
    0x0800560c   0x0800560c   0x0000012c   Code   RO         5407    i.__hardfp_asinf    m_wm.l(asinf.o)
    0x08005738   0x08005738   0x00000190   Code   RO         5419    i.__hardfp_sinf     m_wm.l(sinf.o)
    0x080058c8   0x080058c8   0x0000003a   Code   RO         5431    i.__hardfp_sqrtf    m_wm.l(sqrtf.o)
    0x08005902   0x08005902   0x00000006   Code   RO         5473    i.__mathlib_flt_infnan  m_wm.l(funder.o)
    0x08005908   0x08005908   0x00000010   Code   RO         5475    i.__mathlib_flt_invalid  m_wm.l(funder.o)
    0x08005918   0x08005918   0x00000010   Code   RO         5478    i.__mathlib_flt_underflow  m_wm.l(funder.o)
    0x08005928   0x08005928   0x00000154   Code   RO         5486    i.__mathlib_rredf2  m_wm.l(rredf.o)
    0x08005a7c   0x08005a7c   0x0000000e   Code   RO         5527    i.__scatterload_copy  mc_w.l(handlers.o)
    0x08005a8a   0x08005a8a   0x00000002   Code   RO         5528    i.__scatterload_null  mc_w.l(handlers.o)
    0x08005a8c   0x08005a8c   0x0000000e   Code   RO         5529    i.__scatterload_zeroinit  mc_w.l(handlers.o)
    0x08005a9a   0x08005a9a   0x00000002   PAD
    0x08005a9c   0x08005a9c   0x0000000c   Code   RO         5513    i.__set_errno       mc_w.l(errno.o)
    0x08005aa8   0x08005aa8   0x0000007c   Code   RO         5218    i.can_filter_init   ht03.o
    0x08005b24   0x08005b24   0x00000034   Code   RO         5219    i.float_to_uint     ht03.o
    0x08005b58   0x08005b58   0x0000008c   Code   RO           17    i.main              main.o
    0x08005be4   0x08005be4   0x0000001e   Code   RO         4513    i.osDelay           cmsis_os2.o
    0x08005c02   0x08005c02   0x00000002   PAD
    0x08005c04   0x08005c04   0x0000002c   Code   RO         4527    i.osKernelInitialize  cmsis_os2.o
    0x08005c30   0x08005c30   0x00000060   Code   RO         4530    i.osKernelStart     cmsis_os2.o
    0x08005c90   0x08005c90   0x000000b8   Code   RO         4572    i.osThreadNew       cmsis_os2.o
    0x08005d48   0x08005d48   0x0000007c   Code   RO         3947    i.prvAddCurrentTaskToDelayedList  tasks.o
    0x08005dc4   0x08005dc4   0x000000b8   Code   RO         3948    i.prvAddNewTaskToReadyList  tasks.o
    0x08005e7c   0x08005e7c   0x00000074   Code   RO         4323    i.prvCheckForValidListAndQueue  timers.o
    0x08005ef0   0x08005ef0   0x00000048   Code   RO         3949    i.prvCheckTasksWaitingTermination  tasks.o
    0x08005f38   0x08005f38   0x0000002a   Code   RO         3534    i.prvCopyDataFromQueue  queue.o
    0x08005f62   0x08005f62   0x0000007e   Code   RO         3535    i.prvCopyDataToQueue  queue.o
    0x08005fe0   0x08005fe0   0x00000050   Code   RO         3950    i.prvDeleteTCB      tasks.o
    0x08006030   0x08006030   0x00000028   Code   RO         4324    i.prvGetNextExpireTime  timers.o
    0x08006058   0x08006058   0x0000007c   Code   RO         5040    i.prvHeapInit       heap_4.o
    0x080060d4   0x080060d4   0x00000028   Code   RO         3951    i.prvIdleTask       tasks.o
    0x080060fc   0x080060fc   0x0000002a   Code   RO         3538    i.prvInitialiseNewQueue  queue.o
    0x08006126   0x08006126   0x000000be   Code   RO         3952    i.prvInitialiseNewTask  tasks.o
    0x080061e4   0x080061e4   0x00000068   Code   RO         3953    i.prvInitialiseTaskLists  tasks.o
    0x0800624c   0x0800624c   0x00000068   Code   RO         5041    i.prvInsertBlockIntoFreeList  heap_4.o
    0x080062b4   0x080062b4   0x00000058   Code   RO         4326    i.prvInsertTimerInActiveList  timers.o
    0x0800630c   0x0800630c   0x0000001a   Code   RO         3539    i.prvIsQueueEmpty   queue.o
    0x08006326   0x08006326   0x0000001e   Code   RO         3540    i.prvIsQueueFull    queue.o
    0x08006344   0x08006344   0x00000074   Code   RO         4327    i.prvProcessExpiredTimer  timers.o
    0x080063b8   0x080063b8   0x00000164   Code   RO         4328    i.prvProcessReceivedCommands  timers.o
    0x0800651c   0x0800651c   0x00000074   Code   RO         4329    i.prvProcessTimerOrBlockTask  timers.o
    0x08006590   0x08006590   0x00000034   Code   RO         3955    i.prvResetNextTaskUnblockTime  tasks.o
    0x080065c4   0x080065c4   0x0000002c   Code   RO         4330    i.prvSampleTimeNow  timers.o
    0x080065f0   0x080065f0   0x000000a4   Code   RO         4331    i.prvSwitchTimerLists  timers.o
    0x08006694   0x08006694   0x00000040   Code   RO         5096    i.prvTaskExitError  port.o
    0x080066d4   0x080066d4   0x0000001a   Code   RO         4332    i.prvTimerTask      timers.o
    0x080066ee   0x080066ee   0x0000007e   Code   RO         3541    i.prvUnlockQueue    queue.o
    0x0800676c   0x0800676c   0x0000014c   Code   RO         5042    i.pvPortMalloc      heap_4.o
    0x080068b8   0x080068b8   0x0000002c   Code   RO         5097    i.pxPortInitialiseStack  port.o
    0x080068e4   0x080068e4   0x0000003e   Code   RO         5433    i.sqrtf             m_wm.l(sqrtf.o)
    0x08006922   0x08006922   0x00000002   PAD
    0x08006924   0x08006924   0x000000c4   Code   RO         5353    i.uTm_x1            controller0.o
    0x080069e8   0x080069e8   0x00000174   Code   RO         5354    i.uTm_y2            controller0.o
    0x08006b5c   0x08006b5c   0x00000034   Code   RO         5220    i.uint_to_float     ht03.o
    0x08006b90   0x08006b90   0x00000168   Code   RO         5176    i.update_sbus       sbus.o
    0x08006cf8   0x08006cf8   0x00000028   Code   RO         3494    i.uxListRemove      list.o
    0x08006d20   0x08006d20   0x00000018   Code   RO         4584    i.vApplicationGetIdleTaskMemory  cmsis_os2.o
    0x08006d38   0x08006d38   0x00000018   Code   RO         4585    i.vApplicationGetTimerTaskMemory  cmsis_os2.o
    0x08006d50   0x08006d50   0x0000001a   Code   RO         3495    i.vListInitialise   list.o
    0x08006d6a   0x08006d6a   0x00000006   Code   RO         3496    i.vListInitialiseItem  list.o
    0x08006d70   0x08006d70   0x00000034   Code   RO         3497    i.vListInsert       list.o
    0x08006da4   0x08006da4   0x00000018   Code   RO         3498    i.vListInsertEnd    list.o
    0x08006dbc   0x08006dbc   0x00000054   Code   RO         5099    i.vPortEnterCritical  port.o
    0x08006e10   0x08006e10   0x0000003c   Code   RO         5100    i.vPortExitCritical  port.o
    0x08006e4c   0x08006e4c   0x000000a4   Code   RO         5043    i.vPortFree         heap_4.o
    0x08006ef0   0x08006ef0   0x00000028   Code   RO         5101    i.vPortSetupTimerInterrupt  port.o
    0x08006f18   0x08006f18   0x00000078   Code   RO         5102    i.vPortValidateInterruptPriority  port.o
    0x08006f90   0x08006f90   0x0000002c   Code   RO         3547    i.vQueueAddToRegistry  queue.o
    0x08006fbc   0x08006fbc   0x0000004a   Code   RO         3551    i.vQueueWaitForMessageRestricted  queue.o
    0x08007006   0x08007006   0x00000002   PAD
    0x08007008   0x08007008   0x0000005c   Code   RO         3968    i.vTaskDelay        tasks.o
    0x08007064   0x08007064   0x00000018   Code   RO         3973    i.vTaskInternalSetTimeOutState  tasks.o
    0x0800707c   0x0800707c   0x0000000c   Code   RO         3974    i.vTaskMissedYield  tasks.o
    0x08007088   0x08007088   0x00000038   Code   RO         3976    i.vTaskPlaceOnEventList  tasks.o
    0x080070c0   0x080070c0   0x00000040   Code   RO         3977    i.vTaskPlaceOnEventListRestricted  tasks.o
    0x08007100   0x08007100   0x000000b8   Code   RO         3985    i.vTaskStartScheduler  tasks.o
    0x080071b8   0x080071b8   0x00000010   Code   RO         3987    i.vTaskSuspendAll   tasks.o
    0x080071c8   0x080071c8   0x00000090   Code   RO         3988    i.vTaskSwitchContext  tasks.o
    0x08007258   0x08007258   0x00000168   Code   RO         5103    i.xPortStartScheduler  port.o
    0x080073c0   0x080073c0   0x00000034   Code   RO         5104    i.xPortSysTickHandler  port.o
    0x080073f4   0x080073f4   0x000000e0   Code   RO         3557    i.xQueueGenericCreateStatic  queue.o
    0x080074d4   0x080074d4   0x00000098   Code   RO         3558    i.xQueueGenericReset  queue.o
    0x0800756c   0x0800756c   0x000001a8   Code   RO         3559    i.xQueueGenericSend  queue.o
    0x08007714   0x08007714   0x000000fc   Code   RO         3560    i.xQueueGenericSendFromISR  queue.o
    0x08007810   0x08007810   0x00000168   Code   RO         3569    i.xQueueReceive     queue.o
    0x08007978   0x08007978   0x0000008c   Code   RO         3990    i.xTaskCheckForTimeOut  tasks.o
    0x08007a04   0x08007a04   0x00000064   Code   RO         3991    i.xTaskCreate       tasks.o
    0x08007a68   0x08007a68   0x000000ba   Code   RO         3992    i.xTaskCreateStatic  tasks.o
    0x08007b22   0x08007b22   0x00000002   PAD
    0x08007b24   0x08007b24   0x00000020   Code   RO         3996    i.xTaskGetSchedulerState  tasks.o
    0x08007b44   0x08007b44   0x0000000c   Code   RO         3997    i.xTaskGetTickCount  tasks.o
    0x08007b50   0x08007b50   0x00000144   Code   RO         3999    i.xTaskIncrementTick  tasks.o
    0x08007c94   0x08007c94   0x000000a4   Code   RO         4002    i.xTaskPriorityDisinherit  tasks.o
    0x08007d38   0x08007d38   0x00000098   Code   RO         4004    i.xTaskRemoveFromEventList  tasks.o
    0x08007dd0   0x08007dd0   0x00000104   Code   RO         4005    i.xTaskResumeAll    tasks.o
    0x08007ed4   0x08007ed4   0x00000078   Code   RO         4341    i.xTimerCreateTimerTask  timers.o
    0x08007f4c   0x08007f4c   0x00000084   Code   RO         4342    i.xTimerGenericCommand  timers.o
    0x08007fd0   0x08007fd0   0x00000090   Data   RO          257    .constdata          freertos.o
    0x08008060   0x08008060   0x00000018   Data   RO         3331    .constdata          system_stm32f4xx.o
    0x08008078   0x08008078   0x00000020   Data   RO         5487    .constdata          m_wm.l(rredf.o)
    0x08008098   0x08008098   0x00000032   Data   RO          258    .conststring        freertos.o
    0x080080ca   0x080080ca   0x00000002   PAD
    0x080080cc   0x080080cc   0x00000020   Data   RO         5525    Region$$Table       anon$$obj.o


    Execution Region RW_IRAM1 (Exec base: 0x20000000, Load base: 0x080080ec, Size: 0x00005500, Max: 0x0001c000, ABSOLUTE)

    Exec Addr    Load Addr    Size         Type   Attr      Idx    E Section Name        Object

    0x20000000   0x080080ec   0x00000018   Data   RW           19    .data               main.o
    0x20000018   0x08008104   0x00000014   Data   RW          259    .data               freertos.o
    0x2000002c   0x08008118   0x00000004   Data   RW          319    .data               can.o
    0x20000030   0x0800811c   0x00000009   Data   RW         1747    .data               stm32f4xx_hal.o
    0x20000039   0x08008125   0x00000003   PAD
    0x2000003c   0x08008128   0x00000004   Data   RW         3332    .data               system_stm32f4xx.o
    0x20000040   0x0800812c   0x0000003c   Data   RW         4008    .data               tasks.o
    0x2000007c   0x08008168   0x00000014   Data   RW         4350    .data               timers.o
    0x20000090   0x0800817c   0x00000004   Data   RW         4587    .data               cmsis_os2.o
    0x20000094   0x08008180   0x00000020   Data   RW         5049    .data               heap_4.o
    0x200000b4   0x080081a0   0x0000000c   Data   RW         5105    .data               port.o
    0x200000c0   0x080081ac   0x00000019   Data   RW         5222    .data               ht03.o
    0x200000d9   0x080081c5   0x00000003   PAD
    0x200000dc   0x080081c8   0x00000004   Data   RW         5514    .data               mc_w.l(errno.o)
    0x200000e0        -       0x00000064   Zero   RW           18    .bss                main.o
    0x20000144        -       0x0000045c   Zero   RW          256    .bss                freertos.o
    0x200005a0        -       0x00000050   Zero   RW          318    .bss                can.o
    0x200005f0        -       0x00000044   Zero   RW          366    .bss                usart.o
    0x20000634        -       0x00000048   Zero   RW          526    .bss                stm32f4xx_hal_timebase_tim.o
    0x2000067c        -       0x00000040   Zero   RW         3573    .bss                queue.o
    0x200006bc        -       0x000004c4   Zero   RW         4007    .bss                tasks.o
    0x20000b80        -       0x00000118   Zero   RW         4349    .bss                timers.o
    0x20000c98        -       0x000006b8   Zero   RW         4586    .bss                cmsis_os2.o
    0x20001350        -       0x00003c00   Zero   RW         5048    .bss                heap_4.o
    0x20004f50        -       0x00000054   Zero   RW         5177    .bss                sbus.o
    0x20004fa4        -       0x00000080   Zero   RW         5221    .bss                ht03.o
    0x20005024        -       0x00000090   Zero   RW         5293    .bss                impulse.o
    0x200050b4        -       0x00000048   Zero   RW         5355    .bss                controller0.o
    0x200050fc   0x080081cc   0x00000004   PAD
    0x20005100        -       0x00000400   Zero   RW            1    STACK               startup_stm32f407xx.o


    Execution Region RW_IRAM2 (Exec base: 0x2001c000, Load base: 0x080081cc, Size: 0x00000000, Max: 0x00004000, ABSOLUTE)

    **** No section assigned to this execution region ****


==============================================================================

Image component sizes


      Code (inc. data)   RO Data    RW Data    ZI Data      Debug   Object Name

       528         40          0          4         80       2726   can.o
       430         38          0          4       1720      65835   cmsis_os2.o
      1638         98          0          0         72       5630   controller0.o
         0          0          0          0          0      19700   event_groups.o
      1242        124        194         20       1116       4726   freertos.o
       132          6          0          0          0        987   gpio.o
       724         74          0         32      15360       5167   heap_4.o
      2922        114          0         25        128       8865   ht03.o
      4632         46          0          0        144       5237   impulse.o
       148          0          0          0          0       3866   list.o
       490         48          0         24        100     727452   main.o
      1014         92          0         12          0      12305   port.o
      1922         20          0          0         64      18200   queue.o
       360          6          0          0         84       2254   sbus.o
        36          8        392          0       1024        888   startup_stm32f407xx.o
       136         24          0          9          0       9074   stm32f4xx_hal.o
      2134          6          0          0          0      15323   stm32f4xx_hal_can.o
       252         22          0          0          0      33974   stm32f4xx_hal_cortex.o
       212          0          0          0          0       2107   stm32f4xx_hal_dma.o
       500         46          0          0          0       1556   stm32f4xx_hal_gpio.o
        84          6          0          0          0        962   stm32f4xx_hal_msp.o
      1888         94          0          0          0       6673   stm32f4xx_hal_rcc.o
       902         76          0          0          0       6962   stm32f4xx_hal_tim.o
         4          0          0          0          0       1717   stm32f4xx_hal_tim_ex.o
       180         20          0          0         72       1619   stm32f4xx_hal_timebase_tim.o
      2076         14          0          0          0      11912   stm32f4xx_hal_uart.o
       182         44          0          0          0       6489   stm32f4xx_it.o
         0          0          0          0          0        384   stream_buffer.o
        20          6         24          4          0       1283   system_stm32f4xx.o
      2808        346          0         60       1220      28826   tasks.o
      1318        124          0         20        280      33807   timers.o
       216         26          0          0         68       1910   usart.o

    ----------------------------------------------------------------------
     29164       1568        644        220      21536    1048416   Object Totals
         0          0         32          0          0          0   (incl. Generated)
        34          0          2          6          4          0   (incl. Padding)

    ----------------------------------------------------------------------

      Code (inc. data)   RO Data    RW Data    ZI Data      Debug   Library Member Name

       280         46          0          0          0        176   acosf.o
       300         42          0          0          0        176   asinf.o
        38          0          0          0          0        116   fpclassifyf.o
        38         12          0          0          0        348   funder.o
       340         24         32          0          0        160   rredf.o
       400         56          0          0          0        212   sinf.o
       120          0          0          0          0        272   sqrtf.o
         0          0          0          0          0          0   entry.o
         0          0          0          0          0          0   entry10a.o
         0          0          0          0          0          0   entry11a.o
         4          0          0          0          0          0   entry12b.o
         8          4          0          0          0          0   entry2.o
         4          0          0          0          0          0   entry5.o
         0          0          0          0          0          0   entry7b.o
         0          0          0          0          0          0   entry8b.o
         8          4          0          0          0          0   entry9a.o
        12          6          0          4          0         68   errno.o
        30          0          0          0          0          0   handlers.o
        36          8          0          0          0         68   init.o
         0          0          0          0          0          0   iusefp.o
        30          0          0          0          0         68   llshl.o
        36          0          0          0          0         68   llsshr.o
        32          0          0          0          0         68   llushr.o
        36          0          0          0          0         68   memcpya.o
        36          0          0          0          0        108   memseta.o
        98          0          0          0          0         92   uldiv.o
        48          0          0          0          0         68   cdcmple.o
        48          0          0          0          0         68   cdrcmple.o
        56          0          0          0          0         88   d2f.o
       334          0          0          0          0        148   dadd.o
       222          0          0          0          0        100   ddiv.o
       186          0          0          0          0        176   depilogue.o
       228          0          0          0          0         96   dmul.o
        38          0          0          0          0         68   f2d.o
       110          0          0          0          0        168   fepilogue.o

    ----------------------------------------------------------------------
      3164        202         32          4          0       3048   Library Totals
         8          0          0          0          0          0   (incl. Padding)

    ----------------------------------------------------------------------

      Code (inc. data)   RO Data    RW Data    ZI Data      Debug   Library Name

      1516        180         32          0          0       1460   m_wm.l
       370         22          0          4          0        608   mc_w.l
      1270          0          0          0          0        980   mf_w.l

    ----------------------------------------------------------------------
      3164        202         32          4          0       3048   Library Totals

    ----------------------------------------------------------------------

==============================================================================


      Code (inc. data)   RO Data    RW Data    ZI Data      Debug   

     32328       1770        676        224      21536    1032240   Grand Totals
     32328       1770        676        224      21536    1032240   ELF Image Totals
     32328       1770        676        224          0          0   ROM Totals

==============================================================================

    Total RO  Size (Code + RO Data)                33004 (  32.23kB)
    Total RW  Size (RW Data + ZI Data)             21760 (  21.25kB)
    Total ROM Size (Code + RO Data + RW Data)      33228 (  32.45kB)

==============================================================================

