Component: ARM Compiler 5.06 update 7 (build 960) Tool: armlink [4d3601]

==============================================================================

Section Cross References

    startup_stm32f407xx.o(RESET) refers to startup_stm32f407xx.o(STACK) for __initial_sp
    startup_stm32f407xx.o(RESET) refers to startup_stm32f407xx.o(.text) for Reset_Handler
    startup_stm32f407xx.o(RESET) refers to stm32f4xx_it.o(i.NMI_Handler) for NMI_Handler
    startup_stm32f407xx.o(RESET) refers to stm32f4xx_it.o(i.HardFault_Handler) for HardFault_Handler
    startup_stm32f407xx.o(RESET) refers to stm32f4xx_it.o(i.MemManage_Handler) for MemManage_Handler
    startup_stm32f407xx.o(RESET) refers to stm32f4xx_it.o(i.BusFault_Handler) for BusFault_Handler
    startup_stm32f407xx.o(RESET) refers to stm32f4xx_it.o(i.UsageFault_Handler) for UsageFault_Handler
    startup_stm32f407xx.o(RESET) refers to port.o(.emb_text) for SVC_Handler
    startup_stm32f407xx.o(RESET) refers to stm32f4xx_it.o(i.DebugMon_Handler) for DebugMon_Handler
    startup_stm32f407xx.o(RESET) refers to cmsis_os2.o(i.SysTick_Handler) for SysTick_Handler
    startup_stm32f407xx.o(RESET) refers to stm32f4xx_it.o(i.CAN1_TX_IRQHandler) for CAN1_TX_IRQHandler
    startup_stm32f407xx.o(RESET) refers to stm32f4xx_it.o(i.CAN1_RX0_IRQHandler) for CAN1_RX0_IRQHandler
    startup_stm32f407xx.o(RESET) refers to stm32f4xx_it.o(i.USART3_IRQHandler) for USART3_IRQHandler
    startup_stm32f407xx.o(RESET) refers to stm32f4xx_it.o(i.TIM8_TRG_COM_TIM14_IRQHandler) for TIM8_TRG_COM_TIM14_IRQHandler
    startup_stm32f407xx.o(RESET) refers to stm32f4xx_it.o(i.TIM6_DAC_IRQHandler) for TIM6_DAC_IRQHandler
    startup_stm32f407xx.o(RESET) refers to stm32f4xx_it.o(i.TIM7_IRQHandler) for TIM7_IRQHandler
    startup_stm32f407xx.o(RESET) refers to stm32f4xx_it.o(i.CAN2_TX_IRQHandler) for CAN2_TX_IRQHandler
    startup_stm32f407xx.o(RESET) refers to stm32f4xx_it.o(i.CAN2_RX0_IRQHandler) for CAN2_RX0_IRQHandler
    startup_stm32f407xx.o(.text) refers to system_stm32f4xx.o(i.SystemInit) for SystemInit
    startup_stm32f407xx.o(.text) refers to entry.o(.ARM.Collect$$$$00000000) for __main
    main.o(i.HAL_TIM_PeriodElapsedCallback) refers to stm32f4xx_hal.o(i.HAL_IncTick) for HAL_IncTick
    main.o(i.HAL_TIM_PeriodElapsedCallback) refers to impulse.o(i.map) for map
    main.o(i.HAL_TIM_PeriodElapsedCallback) refers to f2d.o(.text) for __aeabi_f2d
    main.o(i.HAL_TIM_PeriodElapsedCallback) refers to cdrcmple.o(.text) for __aeabi_cdrcmple
    main.o(i.HAL_TIM_PeriodElapsedCallback) refers to impulse.o(i.PULSE_UPDATE) for PULSE_UPDATE
    main.o(i.HAL_TIM_PeriodElapsedCallback) refers to controller0.o(i.CONTROLLER0_step) for CONTROLLER0_step
    main.o(i.HAL_TIM_PeriodElapsedCallback) refers to tim.o(.bss) for htim14
    main.o(i.HAL_TIM_PeriodElapsedCallback) refers to sbus.o(.bss) for SBUS_CH
    main.o(i.HAL_TIM_PeriodElapsedCallback) refers to main.o(.data) for CH3
    main.o(i.HAL_TIM_PeriodElapsedCallback) refers to impulse.o(.bss) for PULSE_data
    main.o(i.HAL_TIM_PeriodElapsedCallback) refers to controller0.o(.bss) for rtU
    main.o(i.HAL_UART_RxCpltCallback) refers to sbus.o(i.update_sbus) for update_sbus
    main.o(i.HAL_UART_RxCpltCallback) refers to main.o(.data) for aRxBuffer3
    main.o(i.HAL_UART_RxCpltCallback) refers to main.o(.bss) for USART3_RX_BUF
    main.o(i.SystemClock_Config) refers to memseta.o(.text) for __aeabi_memclr4
    main.o(i.SystemClock_Config) refers to stm32f4xx_hal_rcc.o(i.HAL_RCC_OscConfig) for HAL_RCC_OscConfig
    main.o(i.SystemClock_Config) refers to main.o(i.Error_Handler) for Error_Handler
    main.o(i.SystemClock_Config) refers to stm32f4xx_hal_rcc.o(i.HAL_RCC_ClockConfig) for HAL_RCC_ClockConfig
    main.o(i.main) refers to stm32f4xx_hal.o(i.HAL_Init) for HAL_Init
    main.o(i.main) refers to main.o(i.SystemClock_Config) for SystemClock_Config
    main.o(i.main) refers to gpio.o(i.MX_GPIO_Init) for MX_GPIO_Init
    main.o(i.main) refers to can.o(i.MX_CAN1_Init) for MX_CAN1_Init
    main.o(i.main) refers to usart.o(i.MX_USART3_UART_Init) for MX_USART3_UART_Init
    main.o(i.main) refers to can.o(i.MX_CAN2_Init) for MX_CAN2_Init
    main.o(i.main) refers to tim.o(i.MX_TIM14_Init) for MX_TIM14_Init
    main.o(i.main) refers to tim.o(i.MX_TIM6_Init) for MX_TIM6_Init
    main.o(i.main) refers to stm32f4xx_hal_uart.o(i.HAL_UART_Receive_IT) for HAL_UART_Receive_IT
    main.o(i.main) refers to ht03.o(i.can_filter_init) for can_filter_init
    main.o(i.main) refers to stm32f4xx_hal_can.o(i.HAL_CAN_Start) for HAL_CAN_Start
    main.o(i.main) refers to stm32f4xx_hal_can.o(i.HAL_CAN_ActivateNotification) for HAL_CAN_ActivateNotification
    main.o(i.main) refers to impulse.o(i.PULSE_INIT) for PULSE_INIT
    main.o(i.main) refers to stm32f4xx_hal_tim.o(i.HAL_TIM_Base_Start_IT) for HAL_TIM_Base_Start_IT
    main.o(i.main) refers to ht03.o(i.CanMOTOR_Init) for CanMOTOR_Init
[...]
    i.prvAddCurrentTaskToDelayedList         0x080068cc   Section        0  tasks.o(i.prvAddCurrentTaskToDelayedList)
    prvAddCurrentTaskToDelayedList           0x080068cd   Thumb Code   100  tasks.o(i.prvAddCurrentTaskToDelayedList)
    i.prvAddNewTaskToReadyList               0x08006948   Section        0  tasks.o(i.prvAddNewTaskToReadyList)
    prvAddNewTaskToReadyList                 0x08006949   Thumb Code   154  tasks.o(i.prvAddNewTaskToReadyList)
    i.prvCheckForValidListAndQueue           0x08006a00   Section        0  timers.o(i.prvCheckForValidListAndQueue)
    prvCheckForValidListAndQueue             0x08006a01   Thumb Code    78  timers.o(i.prvCheckForValidListAndQueue)
    i.prvCheckTasksWaitingTermination        0x08006a74   Section        0  tasks.o(i.prvCheckTasksWaitingTermination)
    prvCheckTasksWaitingTermination          0x08006a75   Thumb Code    60  tasks.o(i.prvCheckTasksWaitingTermination)
    i.prvCopyDataFromQueue                   0x08006abc   Section        0  queue.o(i.prvCopyDataFromQueue)
    prvCopyDataFromQueue                     0x08006abd   Thumb Code    42  queue.o(i.prvCopyDataFromQueue)
    i.prvCopyDataToQueue                     0x08006ae6   Section        0  queue.o(i.prvCopyDataToQueue)
    prvCopyDataToQueue                       0x08006ae7   Thumb Code   126  queue.o(i.prvCopyDataToQueue)
    i.prvDeleteTCB                           0x08006b64   Section        0  tasks.o(i.prvDeleteTCB)
    prvDeleteTCB                             0x08006b65   Thumb Code    80  tasks.o(i.prvDeleteTCB)
    i.prvGetNextExpireTime                   0x08006bb4   Section        0  timers.o(i.prvGetNextExpireTime)
    prvGetNextExpireTime                     0x08006bb5   Thumb Code    36  timers.o(i.prvGetNextExpireTime)
    i.prvHeapInit                            0x08006bdc   Section        0  heap_4.o(i.prvHeapInit)
    prvHeapInit                              0x08006bdd   Thumb Code    98  heap_4.o(i.prvHeapInit)
    i.prvIdleTask                            0x08006c58   Section        0  tasks.o(i.prvIdleTask)
    prvIdleTask                              0x08006c59   Thumb Code    32  tasks.o(i.prvIdleTask)
    i.prvInitialiseNewQueue                  0x08006c80   Section        0  queue.o(i.prvInitialiseNewQueue)
    prvInitialiseNewQueue                    0x08006c81   Thumb Code    42  queue.o(i.prvInitialiseNewQueue)
    i.prvInitialiseNewTask                   0x08006caa   Section        0  tasks.o(i.prvInitialiseNewTask)
    prvInitialiseNewTask                     0x08006cab   Thumb Code   190  tasks.o(i.prvInitialiseNewTask)
    i.prvInitialiseTaskLists                 0x08006d68   Section        0  tasks.o(i.prvInitialiseTaskLists)
    prvInitialiseTaskLists                   0x08006d69   Thumb Code    70  tasks.o(i.prvInitialiseTaskLists)
    i.prvInsertBlockIntoFreeList             0x08006dd0   Section        0  heap_4.o(i.prvInsertBlockIntoFreeList)
    prvInsertBlockIntoFreeList               0x08006dd1   Thumb Code    96  heap_4.o(i.prvInsertBlockIntoFreeList)
    i.prvInsertTimerInActiveList             0x08006e38   Section        0  timers.o(i.prvInsertTimerInActiveList)
    prvInsertTimerInActiveList               0x08006e39   Thumb Code    80  timers.o(i.prvInsertTimerInActiveList)
    i.prvIsQueueEmpty                        0x08006e90   Section        0  queue.o(i.prvIsQueueEmpty)
    prvIsQueueEmpty                          0x08006e91   Thumb Code    26  queue.o(i.prvIsQueueEmpty)
    i.prvIsQueueFull                         0x08006eaa   Section        0  queue.o(i.prvIsQueueFull)
    prvIsQueueFull                           0x08006eab   Thumb Code    30  queue.o(i.prvIsQueueFull)
    i.prvProcessExpiredTimer                 0x08006ec8   Section        0  timers.o(i.prvProcessExpiredTimer)
    prvProcessExpiredTimer                   0x08006ec9   Thumb Code   110  timers.o(i.prvProcessExpiredTimer)
    i.prvProcessReceivedCommands             0x08006f3c   Section        0  timers.o(i.prvProcessReceivedCommands)
    prvProcessReceivedCommands               0x08006f3d   Thumb Code   350  timers.o(i.prvProcessReceivedCommands)
    i.prvProcessTimerOrBlockTask             0x080070a0   Section        0  timers.o(i.prvProcessTimerOrBlockTask)
    prvProcessTimerOrBlockTask               0x080070a1   Thumb Code   102  timers.o(i.prvProcessTimerOrBlockTask)
    i.prvResetNextTaskUnblockTime            0x08007114   Section        0  tasks.o(i.prvResetNextTaskUnblockTime)
    prvResetNextTaskUnblockTime              0x08007115   Thumb Code    42  tasks.o(i.prvResetNextTaskUnblockTime)
    i.prvSampleTimeNow                       0x08007148   Section        0  timers.o(i.prvSampleTimeNow)
    prvSampleTimeNow                         0x08007149   Thumb Code    40  timers.o(i.prvSampleTimeNow)
    i.prvSwitchTimerLists                    0x08007174   Section        0  timers.o(i.prvSwitchTimerLists)
    prvSwitchTimerLists                      0x08007175   Thumb Code   154  timers.o(i.prvSwitchTimerLists)
    i.prvTaskExitError                       0x08007218   Section        0  port.o(i.prvTaskExitError)
    prvTaskExitError                         0x08007219   Thumb Code    60  port.o(i.prvTaskExitError)
    i.prvTimerTask                           0x08007258   Section        0  timers.o(i.prvTimerTask)
    prvTimerTask                             0x08007259   Thumb Code    26  timers.o(i.prvTimerTask)
    i.prvUnlockQueue                         0x08007272   Section        0  queue.o(i.prvUnlockQueue)
    prvUnlockQueue                           0x08007273   Thumb Code   126  queue.o(i.prvUnlockQueue)
    i.pvPortMalloc                           0x080072f0   Section        0  heap_4.o(i.pvPortMalloc)
    i.pxPortInitialiseStack                  0x0800743c   Section        0  port.o(i.pxPortInitialiseStack)
    i.sqrt                                   0x08007468   Section        0  sqrt.o(i.sqrt)
    i.uTm_x1                                 0x080074d8   Section        0  controller0.o(i.uTm_x1)
    uTm_x1                                   0x080074d9   Thumb Code   326  controller0.o(i.uTm_x1)
    i.uTm_y2                                 0x08007638   Section        0  controller0.o(i.uTm_y2)
    uTm_y2                                   0x08007639   Thumb Code   446  controller0.o(i.uTm_y2)
    i.uint_to_float                          0x08007820   Section        0  ht03.o(i.uint_to_float)
    uint_to_float                            0x08007821   Thumb Code    52  ht03.o(i.uint_to_float)
    i.update_sbus                            0x08007854   Section        0  sbus.o(i.update_sbus)
    i.uxListRemove                           0x080079bc   Section        0  list.o(i.uxListRemove)
    i.vApplicationGetIdleTaskMemory          0x080079e4   Section        0  cmsis_os2.o(i.vApplicationGetIdleTaskMemory)
    i.vApplicationGetTimerTaskMemory         0x080079fc   Section        0  cmsis_os2.o(i.vApplicationGetTimerTaskMemory)
    i.vListInitialise                        0x08007a14   Section        0  list.o(i.vListInitialise)
    i.vListInitialiseItem                    0x08007a2e   Section        0  list.o(i.vListInitialiseItem)
    i.vListInsert                            0x08007a34   Section        0  list.o(i.vListInsert)
    i.vListInsertEnd                         0x08007a68   Section        0  list.o(i.vListInsertEnd)
    i.vPortEnterCritical                     0x08007a80   Section        0  port.o(i.vPortEnterCritical)
    i.vPortExitCritical                      0x08007ad4   Section        0  port.o(i.vPortExitCritical)
    i.vPortFree                              0x08007b10   Section        0  heap_4.o(i.vPortFree)
    i.vPortSetupTimerInterrupt               0x08007bb4   Section        0  port.o(i.vPortSetupTimerInterrupt)
    i.vPortValidateInterruptPriority         0x08007bdc   Section        0  port.o(i.vPortValidateInterruptPriority)
    i.vQueueAddToRegistry                    0x08007c54   Section        0  queue.o(i.vQueueAddToRegistry)
    i.vQueueWaitForMessageRestricted         0x08007c80   Section        0  queue.o(i.vQueueWaitForMessageRestricted)
    i.vTaskDelay                             0x08007ccc   Section        0  tasks.o(i.vTaskDelay)
    i.vTaskInternalSetTimeOutState           0x08007d28   Section        0  tasks.o(i.vTaskInternalSetTimeOutState)
    i.vTaskMissedYield                       0x08007d40   Section        0  tasks.o(i.vTaskMissedYield)
    i.vTaskPlaceOnEventList                  0x08007d4c   Section        0  tasks.o(i.vTaskPlaceOnEventList)
    i.vTaskPlaceOnEventListRestricted        0x08007d84   Section        0  tasks.o(i.vTaskPlaceOnEventListRestricted)
    i.vTaskStartScheduler                    0x08007dc4   Section        0  tasks.o(i.vTaskStartScheduler)
    i.vTaskSuspendAll                        0x08007e7c   Section        0  tasks.o(i.vTaskSuspendAll)
    i.vTaskSwitchContext                     0x08007e8c   Section        0  tasks.o(i.vTaskSwitchContext)
    i.xPortStartScheduler                    0x08007f1c   Section        0  port.o(i.xPortStartScheduler)
    i.xPortSysTickHandler                    0x08008084   Section        0  port.o(i.xPortSysTickHandler)
    i.xQueueGenericCreateStatic              0x080080b8   Section        0  queue.o(i.xQueueGenericCreateStatic)
    i.xQueueGenericReset                     0x08008198   Section        0  queue.o(i.xQueueGenericReset)
    i.xQueueGenericSend                      0x08008230   Section        0  queue.o(i.xQueueGenericSend)
    i.xQueueGenericSendFromISR               0x080083d8   Section        0  queue.o(i.xQueueGenericSendFromISR)
    i.xQueueReceive                          0x080084d4   Section        0  queue.o(i.xQueueReceive)
    i.xTaskCheckForTimeOut                   0x0800863c   Section        0  tasks.o(i.xTaskCheckForTimeOut)
    i.xTaskCreate                            0x080086c8   Section        0  tasks.o(i.xTaskCreate)
    i.xTaskCreateStatic                      0x0800872c   Section        0  tasks.o(i.xTaskCreateStatic)
    i.xTaskGetSchedulerState                 0x080087e8   Section        0  tasks.o(i.xTaskGetSchedulerState)
    i.xTaskGetTickCount                      0x08008808   Section        0  tasks.o(i.xTaskGetTickCount)
    i.xTaskIncrementTick                     0x08008814   Section        0  tasks.o(i.xTaskIncrementTick)
    i.xTaskPriorityDisinherit                0x08008958   Section        0  tasks.o(i.xTaskPriorityDisinherit)
    i.xTaskRemoveFromEventList               0x080089fc   Section        0  tasks.o(i.xTaskRemoveFromEventList)
    i.xTaskResumeAll                         0x08008a94   Section        0  tasks.o(i.xTaskResumeAll)
    i.xTimerCreateTimerTask                  0x08008b98   Section        0  timers.o(i.xTimerCreateTimerTask)
    i.xTimerGenericCommand                   0x08008c10   Section        0  timers.o(i.xTimerGenericCommand)
    .constdata                               0x08008c94   Section       72  freertos.o(.constdata)
    .constdata                               0x08008cdc   Section       24  system_stm32f4xx.o(.constdata)
    .constdata                               0x08008cf8   Section       80  acos.o(.constdata)
    pS                                       0x08008cf8   Data          48  acos.o(.constdata)
    qS                                       0x08008d28   Data          32  acos.o(.constdata)
    .constdata                               0x08008d48   Section       80  asin.o(.constdata)
    pS                                       0x08008d48   Data          48  asin.o(.constdata)
    qS                                       0x08008d78   Data          32  asin.o(.constdata)
    .constdata                               0x08008d98   Section       48  cos_i.o(.constdata)
    C                                        0x08008d98   Data          48  cos_i.o(.constdata)
    .constdata                               0x08008dc8   Section      200  rred.o(.constdata)
    pio2s                                    0x08008dc8   Data          48  rred.o(.constdata)
    twooverpi                                0x08008df8   Data         152  rred.o(.constdata)
    .constdata                               0x08008e90   Section       40  sin_i.o(.constdata)
    S                                        0x08008e90   Data          40  sin_i.o(.constdata)
    .conststring                             0x08008eb8   Section       24  freertos.o(.conststring)
    .data                                    0x20000000   Section       16  main.o(.data)
    .data                                    0x20000010   Section        8  freertos.o(.data)
    .data                                    0x20000018   Section        4  can.o(.data)
    HAL_RCC_CAN1_CLK_ENABLED                 0x20000018   Data           4  can.o(.data)
    .data                                    0x2000001c   Section        9  stm32f4xx_hal.o(.data)
    .data                                    0x20000028   Section        4  system_stm32f4xx.o(.data)
    .data                                    0x2000002c   Section       60  tasks.o(.data)
    pxDelayedTaskList                        0x20000030   Data           4  tasks.o(.data)
    pxOverflowDelayedTaskList                0x20000034   Data           4  tasks.o(.data)
    uxDeletedTasksWaitingCleanUp             0x20000038   Data           4  tasks.o(.data)
    uxCurrentNumberOfTasks                   0x2000003c   Data           4  tasks.o(.data)
    xTickCount                               0x20000040   Data           4  tasks.o(.data)
    uxTopReadyPriority                       0x20000044   Data           4  tasks.o(.data)
    xSchedulerRunning                        0x20000048   Data           4  tasks.o(.data)
    xPendedTicks                             0x2000004c   Data           4  tasks.o(.data)
    xYieldPending                            0x20000050   Data           4  tasks.o(.data)
    xNumOfOverflows                          0x20000054   Data           4  tasks.o(.data)
    uxTaskNumber                             0x20000058   Data           4  tasks.o(.data)
    xNextTaskUnblockTime                     0x2000005c   Data           4  tasks.o(.data)
    xIdleTaskHandle                          0x20000060   Data           4  tasks.o(.data)
    uxSchedulerSuspended                     0x20000064   Data           4  tasks.o(.data)
    .data                                    0x20000068   Section       20  timers.o(.data)
    pxCurrentTimerList                       0x20000068   Data           4  timers.o(.data)
    pxOverflowTimerList                      0x2000006c   Data           4  timers.o(.data)
    xTimerQueue                              0x20000070   Data           4  timers.o(.data)
    xTimerTaskHandle                         0x20000074   Data           4  timers.o(.data)
    xLastTime                                0x20000078   Data           4  timers.o(.data)
    .data                                    0x2000007c   Section        4  cmsis_os2.o(.data)
    KernelState                              0x2000007c   Data           4  cmsis_os2.o(.data)
    .data                                    0x20000080   Section       32  heap_4.o(.data)
    xStart                                   0x20000080   Data           8  heap_4.o(.data)
    pxEnd                                    0x20000088   Data           4  heap_4.o(.data)
    xFreeBytesRemaining                      0x2000008c   Data           4  heap_4.o(.data)
    xMinimumEverFreeBytesRemaining           0x20000090   Data           4  heap_4.o(.data)
    xNumberOfSuccessfulAllocations           0x20000094   Data           4  heap_4.o(.data)
    xNumberOfSuccessfulFrees                 0x20000098   Data           4  heap_4.o(.data)
    xBlockAllocatedBit                       0x2000009c   Data           4  heap_4.o(.data)
    .data                                    0x200000a0   Section       12  port.o(.data)
    uxCriticalNesting                        0x200000a0   Data           4  port.o(.data)
    ucMaxSysCallPriority                     0x200000a4   Data           1  port.o(.data)
    ulMaxPRIGROUPValue                       0x200000a8   Data           4  port.o(.data)
    .data                                    0x200000ac   Section       25  ht03.o(.data)
    .data                                    0x200000c8   Section        4  errno.o(.data)
    _errno                                   0x200000c8   Data           4  errno.o(.data)
    .bss                                     0x200000cc   Section      100  main.o(.bss)
    .bss                                     0x20000130   Section       80  can.o(.bss)
    .bss                                     0x20000180   Section      144  tim.o(.bss)
    .bss                                     0x20000210   Section       68  usart.o(.bss)
    .bss                                     0x20000254   Section       72  stm32f4xx_hal_timebase_tim.o(.bss)
    .bss                                     0x2000029c   Section       64  queue.o(.bss)
    .bss                                     0x200002dc   Section     1220  tasks.o(.bss)
    pxReadyTasksLists                        0x200002dc   Data        1120  tasks.o(.bss)
    xDelayedTaskList1                        0x2000073c   Data          20  tasks.o(.bss)
    xDelayedTaskList2                        0x20000750   Data          20  tasks.o(.bss)
    xPendingReadyList                        0x20000764   Data          20  tasks.o(.bss)
    xTasksWaitingTermination                 0x20000778   Data          20  tasks.o(.bss)
    xSuspendedTaskList                       0x2000078c   Data          20  tasks.o(.bss)
    .bss                                     0x200007a0   Section      280  timers.o(.bss)
    xActiveTimerList1                        0x200007a0   Data          20  timers.o(.bss)
    xActiveTimerList2                        0x200007b4   Data          20  timers.o(.bss)
    xStaticTimerQueue                        0x200007c8   Data          80  timers.o(.bss)
    ucStaticTimerQueueStorage                0x20000818   Data         160  timers.o(.bss)
    .bss                                     0x200008b8   Section     1720  cmsis_os2.o(.bss)
    Idle_TCB                                 0x200008b8   Data          92  cmsis_os2.o(.bss)
    Idle_Stack                               0x20000914   Data         512  cmsis_os2.o(.bss)
    Timer_TCB                                0x20000b14   Data          92  cmsis_os2.o(.bss)
    Timer_Stack                              0x20000b70   Data        1024  cmsis_os2.o(.bss)
    .bss                                     0x20000f70   Section    15360  heap_4.o(.bss)
    ucHeap                                   0x20000f70   Data       15360  heap_4.o(.bss)
    .bss                                     0x20004b70   Section       84  sbus.o(.bss)
    .bss                                     0x20004bc4   Section      128  ht03.o(.bss)
    .bss                                     0x20004c44   Section      144  impulse.o(.bss)
    .bss                                     0x20004cd8   Section      128  controller0.o(.bss)
    STACK                                    0x20004d58   Section     1024  startup_stm32f407xx.o(STACK)

    Global Symbols

    Symbol Name                              Value     Ov Type        Size  Object(Section)

    BuildAttributes$$THM_ISAv4$E$P$D$K$B$S$7EM$VFPi3$EXTD16$VFPS$VFMA$PE$A:L22UL41UL21$X:L11$S22US41US21$IEEE1$IW$USESV6$~STKCKD$USESV7$~SHL$OTIME$ROPI$IEEEX$EBA8$MICROLIB$REQ8$PRES8$EABIv2 0x00000000   Number         0  anon$$obj.o ABSOLUTE
    __ARM_use_no_argv                        0x00000000   Number         0  main.o ABSOLUTE
    __arm_fini_                               - Undefined Weak Reference
    __cpp_initialize__aeabi_                  - Undefined Weak Reference
    __cxa_finalize                            - Undefined Weak Reference
    __decompress                              - Undefined Weak Reference
    _clock_init                               - Undefined Weak Reference
    _microlib_exit                            - Undefined Weak Reference
    __Vectors_Size                           0x00000188   Number         0  startup_stm32f407xx.o ABSOLUTE
    __Vectors                                0x08000000   Data           4  startup_stm32f407xx.o(RESET)
    __Vectors_End                            0x08000188   Data           0  startup_stm32f407xx.o(RESET)
    __main                                   0x08000189   Thumb Code     0  entry.o(.ARM.Collect$$$$00000000)
    _main_stk                                0x08000189   Thumb Code     0  entry2.o(.ARM.Collect$$$$00000001)
    _main_scatterload                        0x0800018d   Thumb Code     0  entry5.o(.ARM.Collect$$$$00000004)
    __main_after_scatterload                 0x08000191   Thumb Code     0  entry5.o(.ARM.Collect$$$$00000004)
    _main_clock                              0x08000191   Thumb Code     0  entry7b.o(.ARM.Collect$$$$00000008)
    _main_cpp_init                           0x08000191   Thumb Code     0  entry8b.o(.ARM.Collect$$$$0000000A)
    _main_init                               0x08000191   Thumb Code     0  entry9a.o(.ARM.Collect$$$$0000000B)
    __rt_lib_shutdown_fini                   0x08000199   Thumb Code     0  entry12b.o(.ARM.Collect$$$$0000000E)
    __rt_final_cpp                           0x0800019d   Thumb Code     0  entry10a.o(.ARM.Collect$$$$0000000F)
    __rt_final_exit                          0x0800019d   Thumb Code     0  entry11a.o(.ARM.Collect$$$$00000011)
    SVC_Handler                              0x080001a1   Thumb Code    28  port.o(.emb_text)
    __asm___6_port_c_39a90d8d__prvStartFirstTask 0x080001c1   Thumb Code    36  port.o(.emb_text)
    __asm___6_port_c_39a90d8d__prvEnableVFP  0x080001e9   Thumb Code    16  port.o(.emb_text)
    PendSV_Handler                           0x080001fd   Thumb Code    88  port.o(.emb_text)
    vPortGetIPSR                             0x08000259   Thumb Code     6  port.o(.emb_text)
    Reset_Handler                            0x08000261   Thumb Code     8  startup_stm32f407xx.o(.text)
    ADC_IRQHandler                           0x0800027b   Thumb Code     0  startup_stm32f407xx.o(.text)
    CAN1_RX1_IRQHandler                      0x0800027b   Thumb Code     0  startup_stm32f407xx.o(.text)
    CAN1_SCE_IRQHandler                      0x0800027b   Thumb Code     0  startup_stm32f407xx.o(.text)
    CAN2_RX1_IRQHandler                      0x0800027b   Thumb Code     0  startup_stm32f407xx.o(.text)
    CAN2_SCE_IRQHandler                      0x0800027b   Thumb Code     0  startup_stm32f407xx.o(.text)
    DCMI_IRQHandler                          0x0800027b   Thumb Code     0  startup_stm32f407xx.o(.text)
    DMA1_Stream0_IRQHandler                  0x0800027b   Thumb Code     0  startup_stm32f407xx.o(.text)
    DMA1_Stream1_IRQHandler                  0x0800027b   Thumb Code     0  startup_stm32f407xx.o(.text)
    DMA1_Stream2_IRQHandler                  0x0800027b   Thumb Code     0  startup_stm32f407xx.o(.text)
    DMA1_Stream3_IRQHandler                  0x0800027b   Thumb Code     0  startup_stm32f407xx.o(.text)
    DMA1_Stream4_IRQHandler                  0x0800027b   Thumb Code     0  startup_stm32f407xx.o(.text)
    DMA1_Stream5_IRQHandler                  0x0800027b   Thumb Code     0  startup_stm32f407xx.o(.text)
    DMA1_Stream6_IRQHandler                  0x0800027b   Thumb Code     0  startup_stm32f407xx.o(.text)
    DMA1_Stream7_IRQHandler                  0x0800027b   Thumb Code     0  startup_stm32f407xx.o(.text)
    DMA2_Stream0_IRQHandler                  0x0800027b   Thumb Code     0  startup_stm32f407xx.o(.text)
    DMA2_Stream1_IRQHandler                  0x0800027b   Thumb Code     0  startup_stm32f407xx.o(.text)
    DMA2_Stream2_IRQHandler                  0x0800027b   Thumb Code     0  startup_stm32f407xx.o(.text)
    DMA2_Stream3_IRQHandler                  0x0800027b   Thumb Code     0  startup_stm32f407xx.o(.text)
    DMA2_Stream4_IRQHandler                  0x0800027b   Thumb Code     0  startup_stm32f407xx.o(.text)
    DMA2_Stream5_IRQHandler                  0x0800027b   Thumb Code     0  startup_stm32f407xx.o(.text)
    DMA2_Stream6_IRQHandler                  0x0800027b   Thumb Code     0  startup_stm32f407xx.o(.text)
    DMA2_Stream7_IRQHandler                  0x0800027b   Thumb Code     0  startup_stm32f407xx.o(.text)
    ETH_IRQHandler                           0x0800027b   Thumb Code     0  startup_stm32f407xx.o(.text)
    ETH_WKUP_IRQHandler                      0x0800027b   Thumb Code     0  startup_stm32f407xx.o(.text)
    EXTI0_IRQHandler                         0x0800027b   Thumb Code     0  startup_stm32f407xx.o(.text)
    EXTI15_10_IRQHandler                     0x0800027b   Thumb Code     0  startup_stm32f407xx.o(.text)
    EXTI1_IRQHandler                         0x0800027b   Thumb Code     0  startup_stm32f407xx.o(.text)
    EXTI2_IRQHandler                         0x0800027b   Thumb Code     0  startup_stm32f407xx.o(.text)
    EXTI3_IRQHandler                         0x0800027b   Thumb Code     0  startup_stm32f407xx.o(.text)
    EXTI4_IRQHandler                         0x0800027b   Thumb Code     0  startup_stm32f407xx.o(.text)
    EXTI9_5_IRQHandler                       0x0800027b   Thumb Code     0  startup_stm32f407xx.o(.text)
    FLASH_IRQHandler                         0x0800027b   Thumb Code     0  startup_stm32f407xx.o(.text)
    FMC_IRQHandler                           0x0800027b   Thumb Code     0  startup_stm32f407xx.o(.text)
    FPU_IRQHandler                           0x0800027b   Thumb Code     0  startup_stm32f407xx.o(.text)
    HASH_RNG_IRQHandler                      0x0800027b   Thumb Code     0  startup_stm32f407xx.o(.text)
    I2C1_ER_IRQHandler                       0x0800027b   Thumb Code     0  startup_stm32f407xx.o(.text)
    I2C1_EV_IRQHandler                       0x0800027b   Thumb Code     0  startup_stm32f407xx.o(.text)
    I2C2_ER_IRQHandler                       0x0800027b   Thumb Code     0  startup_stm32f407xx.o(.text)
    I2C2_EV_IRQHandler                       0x0800027b   Thumb Code     0  startup_stm32f407xx.o(.text)
    I2C3_ER_IRQHandler                       0x0800027b   Thumb Code     0  startup_stm32f407xx.o(.text)
    I2C3_EV_IRQHandler                       0x0800027b   Thumb Code     0  startup_stm32f407xx.o(.text)
    OTG_FS_IRQHandler                        0x0800027b   Thumb Code     0  startup_stm32f407xx.o(.text)
    OTG_FS_WKUP_IRQHandler                   0x0800027b   Thumb Code     0  startup_stm32f407xx.o(.text)
    OTG_HS_EP1_IN_IRQHandler                 0x0800027b   Thumb Code     0  startup_stm32f407xx.o(.text)
    OTG_HS_EP1_OUT_IRQHandler                0x0800027b   Thumb Code     0  startup_stm32f407xx.o(.text)
    OTG_HS_IRQHandler                        0x0800027b   Thumb Code     0  startup_stm32f407xx.o(.text)
    OTG_HS_WKUP_IRQHandler                   0x0800027b   Thumb Code     0  startup_stm32f407xx.o(.text)
    PVD_IRQHandler                           0x0800027b   Thumb Code     0  startup_stm32f407xx.o(.text)
    RCC_IRQHandler                           0x0800027b   Thumb Code     0  startup_stm32f407xx.o(.text)
    RTC_Alarm_IRQHandler                     0x0800027b   Thumb Code     0  startup_stm32f407xx.o(.text)
    RTC_WKUP_IRQHandler                      0x0800027b   Thumb Code     0  startup_stm32f407xx.o(.text)
    SDIO_IRQHandler                          0x0800027b   Thumb Code     0  startup_stm32f407xx.o(.text)
    SPI1_IRQHandler                          0x0800027b   Thumb Code     0  startup_stm32f407xx.o(.text)
    SPI2_IRQHandler                          0x0800027b   Thumb Code     0  startup_stm32f407xx.o(.text)
    SPI3_IRQHandler                          0x0800027b   Thumb Code     0  startup_stm32f407xx.o(.text)
    TAMP_STAMP_IRQHandler                    0x0800027b   Thumb Code     0  startup_stm32f407xx.o(.text)
    TIM1_BRK_TIM9_IRQHandler                 0x0800027b   Thumb Code     0  startup_stm32f407xx.o(.text)
    TIM1_CC_IRQHandler                       0x0800027b   Thumb Code     0  startup_stm32f407xx.o(.text)
    TIM1_TRG_COM_TIM11_IRQHandler            0x0800027b   Thumb Code     0  startup_stm32f407xx.o(.text)
    TIM1_UP_TIM10_IRQHandler                 0x0800027b   Thumb Code     0  startup_stm32f407xx.o(.text)
    TIM2_IRQHandler                          0x0800027b   Thumb Code     0  startup_stm32f407xx.o(.text)
    TIM3_IRQHandler                          0x0800027b   Thumb Code     0  startup_stm32f407xx.o(.text)
    TIM4_IRQHandler                          0x0800027b   Thumb Code     0  startup_stm32f407xx.o(.text)
    TIM5_IRQHandler                          0x0800027b   Thumb Code     0  startup_stm32f407xx.o(.text)
    TIM8_BRK_TIM12_IRQHandler                0x0800027b   Thumb Code     0  startup_stm32f407xx.o(.text)
    TIM8_CC_IRQHandler                       0x0800027b   Thumb Code     0  startup_stm32f407xx.o(.text)
    TIM8_UP_TIM13_IRQHandler                 0x0800027b   Thumb Code     0  startup_stm32f407xx.o(.text)
    UART4_IRQHandler                         0x0800027b   Thumb Code     0  startup_stm32f407xx.o(.text)
    UART5_IRQHandler                         0x0800027b   Thumb Code     0  startup_stm32f407xx.o(.text)
    USART1_IRQHandler                        0x0800027b   Thumb Code     0  startup_stm32f407xx.o(.text)
    USART2_IRQHandler                        0x0800027b   Thumb Code     0  startup_stm32f407xx.o(.text)
    USART6_IRQHandler                        0x0800027b   Thumb Code     0  startup_stm32f407xx.o(.text)
    WWDG_IRQHandler                          0x0800027b   Thumb Code     0  startup_stm32f407xx.o(.text)
    __aeabi_uldivmod                         0x08000285   Thumb Code    98  uldiv.o(.text)
    __aeabi_memcpy                           0x080002e7   Thumb Code    36  memcpya.o(.text)
    __aeabi_memcpy4                          0x080002e7   Thumb Code     0  memcpya.o(.text)
    __aeabi_memcpy8                          0x080002e7   Thumb Code     0  memcpya.o(.text)
    __aeabi_memset                           0x0800030b   Thumb Code    14  memseta.o(.text)
    __aeabi_memset4                          0x0800030b   Thumb Code     0  memseta.o(.text)
    __aeabi_memset8                          0x0800030b   Thumb Code     0  memseta.o(.text)
    __aeabi_memclr                           0x08000319   Thumb Code     4  memseta.o(.text)
    __aeabi_memclr4                          0x08000319   Thumb Code     0  memseta.o(.text)
    __aeabi_memclr8                          0x08000319   Thumb Code     0  memseta.o(.text)
    memset                                   0x0800031d   Thumb Code    18  memseta.o(.text)
    __aeabi_dadd                             0x0800032f   Thumb Code   322  dadd.o(.text)
    __aeabi_dsub                             0x08000471   Thumb Code     6  dadd.o(.text)
    __aeabi_drsub                            0x08000477   Thumb Code     6  dadd.o(.text)
    __aeabi_dmul                             0x0800047d   Thumb Code   228  dmul.o(.text)
    __aeabi_ddiv                             0x08000561   Thumb Code   222  ddiv.o(.text)
    __aeabi_i2d                              0x0800063f   Thumb Code    34  dflti.o(.text)
    __aeabi_f2d                              0x08000661   Thumb Code    38  f2d.o(.text)
    __aeabi_cdcmpeq                          0x08000689   Thumb Code     0  cdcmple.o(.text)
    __aeabi_cdcmple                          0x08000689   Thumb Code    48  cdcmple.o(.text)
    __aeabi_cdrcmple                         0x080006b9   Thumb Code    48  cdrcmple.o(.text)
    __aeabi_d2f                              0x080006e9   Thumb Code    56  d2f.o(.text)
    __aeabi_llsl                             0x08000721   Thumb Code    30  llshl.o(.text)
    _ll_shift_l                              0x08000721   Thumb Code     0  llshl.o(.text)
    __aeabi_llsr                             0x0800073f   Thumb Code    32  llushr.o(.text)
    _ll_ushift_r                             0x0800073f   Thumb Code     0  llushr.o(.text)
    __aeabi_lasr                             0x0800075f   Thumb Code    36  llsshr.o(.text)
    _ll_sshift_r                             0x0800075f   Thumb Code     0  llsshr.o(.text)
    __I$use$fp                               0x08000783   Thumb Code     0  iusefp.o(.text)
    _float_round                             0x08000783   Thumb Code    18  fepilogue.o(.text)
    _float_epilogue                          0x08000795   Thumb Code    92  fepilogue.o(.text)
    _double_round                            0x080007f1   Thumb Code    30  depilogue.o(.text)
    _double_epilogue                         0x0800080f   Thumb Code   156  depilogue.o(.text)
    _dsqrt                                   0x080008ab   Thumb Code   162  dsqrt.o(.text)
    __scatterload                            0x0800094d   Thumb Code    28  init.o(.text)
    __scatterload_rt2                        0x0800094d   Thumb Code     0  init.o(.text)
    __aeabi_ui2d                             0x08000971   Thumb Code    26  dfltui.o(.text)
    __aeabi_d2iz                             0x0800098b   Thumb Code    62  dfixi.o(.text)
    BusFault_Handler                         0x080009c9   Thumb Code     4  stm32f4xx_it.o(i.BusFault_Handler)
    CAN1_RX0_IRQHandler                      0x080009cd   Thumb Code    10  stm32f4xx_it.o(i.CAN1_RX0_IRQHandler)
    CAN1_TX_IRQHandler                       0x080009dd   Thumb Code    10  stm32f4xx_it.o(i.CAN1_TX_IRQHandler)
    CAN2_RX0_IRQHandler                      0x080009ed   Thumb Code    10  stm32f4xx_it.o(i.CAN2_RX0_IRQHandler)
    CAN2_TX_IRQHandler                       0x080009fd   Thumb Code    10  stm32f4xx_it.o(i.CAN2_TX_IRQHandler)
    CONTROLLER0_initialize                   0x08000a0d   Thumb Code     2  controller0.o(i.CONTROLLER0_initialize)
    CONTROLLER0_step                         0x08000a11   Thumb Code   766  controller0.o(i.CONTROLLER0_step)
    CanComm_ControlCmd                       0x08000d49   Thumb Code   106  ht03.o(i.CanComm_ControlCmd)
    CanComm_SendControlPara                  0x08000db9   Thumb Code   474  ht03.o(i.CanComm_SendControlPara)
    CanMOTOR_Init                            0x08000fb1   Thumb Code  1148  ht03.o(i.CanMOTOR_Init)
    CanTransmit                              0x08001439   Thumb Code    46  ht03.o(i.CanTransmit)
    DebugMon_Handler                         0x08001467   Thumb Code     2  stm32f4xx_it.o(i.DebugMon_Handler)
    Error_Handler                            0x08001469   Thumb Code     6  main.o(i.Error_Handler)
    HAL_CAN_ActivateNotification             0x0800146f   Thumb Code    42  stm32f4xx_hal_can.o(i.HAL_CAN_ActivateNotification)
    HAL_CAN_AddTxMessage                     0x08001499   Thumb Code   342  stm32f4xx_hal_can.o(i.HAL_CAN_AddTxMessage)
    HAL_CAN_ConfigFilter                     0x080015f1   Thumb Code   286  stm32f4xx_hal_can.o(i.HAL_CAN_ConfigFilter)
    HAL_CAN_ErrorCallback                    0x08001715   Thumb Code     2  stm32f4xx_hal_can.o(i.HAL_CAN_ErrorCallback)
    HAL_CAN_GetRxMessage                     0x08001717   Thumb Code   378  stm32f4xx_hal_can.o(i.HAL_CAN_GetRxMessage)
    HAL_CAN_IRQHandler                       0x08001891   Thumb Code   590  stm32f4xx_hal_can.o(i.HAL_CAN_IRQHandler)
    HAL_CAN_Init                             0x08001adf   Thumb Code   372  stm32f4xx_hal_can.o(i.HAL_CAN_Init)
    HAL_CAN_MspInit                          0x08001c55   Thumb Code   360  can.o(i.HAL_CAN_MspInit)
    HAL_CAN_RxFifo0FullCallback              0x08001dd5   Thumb Code     2  stm32f4xx_hal_can.o(i.HAL_CAN_RxFifo0FullCallback)
    HAL_CAN_RxFifo0MsgPendingCallback        0x08001dd9   Thumb Code   400  ht03.o(i.HAL_CAN_RxFifo0MsgPendingCallback)
    HAL_CAN_RxFifo1FullCallback              0x08001f85   Thumb Code     2  stm32f4xx_hal_can.o(i.HAL_CAN_RxFifo1FullCallback)
    HAL_CAN_RxFifo1MsgPendingCallback        0x08001f87   Thumb Code     2  stm32f4xx_hal_can.o(i.HAL_CAN_RxFifo1MsgPendingCallback)
    HAL_CAN_SleepCallback                    0x08001f89   Thumb Code     2  stm32f4xx_hal_can.o(i.HAL_CAN_SleepCallback)
    HAL_CAN_Start                            0x08001f8b   Thumb Code    94  stm32f4xx_hal_can.o(i.HAL_CAN_Start)
    HAL_CAN_TxMailbox0AbortCallback          0x08001fe9   Thumb Code     2  stm32f4xx_hal_can.o(i.HAL_CAN_TxMailbox0AbortCallback)
    HAL_CAN_TxMailbox0CompleteCallback       0x08001feb   Thumb Code     2  stm32f4xx_hal_can.o(i.HAL_CAN_TxMailbox0CompleteCallback)
    HAL_CAN_TxMailbox1AbortCallback          0x08001fed   Thumb Code     2  stm32f4xx_hal_can.o(i.HAL_CAN_TxMailbox1AbortCallback)
    HAL_CAN_TxMailbox1CompleteCallback       0x08001fef   Thumb Code     2  stm32f4xx_hal_can.o(i.HAL_CAN_TxMailbox1CompleteCallback)
    HAL_CAN_TxMailbox2AbortCallback          0x08001ff1   Thumb Code     2  stm32f4xx_hal_can.o(i.HAL_CAN_TxMailbox2AbortCallback)
    HAL_CAN_TxMailbox2CompleteCallback       0x08001ff3   Thumb Code     2  stm32f4xx_hal_can.o(i.HAL_CAN_TxMailbox2CompleteCallback)
    HAL_CAN_WakeUpFromRxMsgCallback          0x08001ff5   Thumb Code     2  stm32f4xx_hal_can.o(i.HAL_CAN_WakeUpFromRxMsgCallback)
    HAL_DMA_Abort                            0x08001ff7   Thumb Code   172  stm32f4xx_hal_dma.o(i.HAL_DMA_Abort)
    HAL_DMA_Abort_IT                         0x080020a3   Thumb Code    40  stm32f4xx_hal_dma.o(i.HAL_DMA_Abort_IT)
    HAL_Delay                                0x080020cd   Thumb Code    36  stm32f4xx_hal.o(i.HAL_Delay)
    HAL_GPIO_Init                            0x080020f5   Thumb Code   454  stm32f4xx_hal_gpio.o(i.HAL_GPIO_Init)
    HAL_GetTick                              0x080022e9   Thumb Code     6  stm32f4xx_hal.o(i.HAL_GetTick)
    HAL_IncTick                              0x080022f5   Thumb Code    16  stm32f4xx_hal.o(i.HAL_IncTick)
    HAL_Init                                 0x0800230d   Thumb Code    54  stm32f4xx_hal.o(i.HAL_Init)
    HAL_InitTick                             0x08002349   Thumb Code   160  stm32f4xx_hal_timebase_tim.o(i.HAL_InitTick)
    HAL_MspInit                              0x080023fd   Thumb Code    78  stm32f4xx_hal_msp.o(i.HAL_MspInit)
    HAL_NVIC_EnableIRQ                       0x08002451   Thumb Code    32  stm32f4xx_hal_cortex.o(i.HAL_NVIC_EnableIRQ)
    HAL_NVIC_SetPriority                     0x08002471   Thumb Code   124  stm32f4xx_hal_cortex.o(i.HAL_NVIC_SetPriority)
    HAL_NVIC_SetPriorityGrouping             0x080024ed   Thumb Code    32  stm32f4xx_hal_cortex.o(i.HAL_NVIC_SetPriorityGrouping)
    HAL_RCC_ClockConfig                      0x08002515   Thumb Code   368  stm32f4xx_hal_rcc.o(i.HAL_RCC_ClockConfig)
    HAL_RCC_GetClockConfig                   0x08002699   Thumb Code    58  stm32f4xx_hal_rcc.o(i.HAL_RCC_GetClockConfig)
    HAL_RCC_GetHCLKFreq                      0x080026dd   Thumb Code     6  stm32f4xx_hal_rcc.o(i.HAL_RCC_GetHCLKFreq)
    HAL_RCC_GetPCLK1Freq                     0x080026e9   Thumb Code    22  stm32f4xx_hal_rcc.o(i.HAL_RCC_GetPCLK1Freq)
    HAL_RCC_GetPCLK2Freq                     0x08002709   Thumb Code    22  stm32f4xx_hal_rcc.o(i.HAL_RCC_GetPCLK2Freq)
    HAL_RCC_GetSysClockFreq                  0x08002729   Thumb Code   162  stm32f4xx_hal_rcc.o(i.HAL_RCC_GetSysClockFreq)
    HAL_RCC_OscConfig                        0x080027d9   Thumb Code  1172  stm32f4xx_hal_rcc.o(i.HAL_RCC_OscConfig)
    HAL_TIMEx_BreakCallback                  0x08002c75   Thumb Code     2  stm32f4xx_hal_tim_ex.o(i.HAL_TIMEx_BreakCallback)
    HAL_TIMEx_CommutCallback                 0x08002c77   Thumb Code     2  stm32f4xx_hal_tim_ex.o(i.HAL_TIMEx_CommutCallback)
    HAL_TIMEx_MasterConfigSynchronization    0x08002c79   Thumb Code   150  stm32f4xx_hal_tim_ex.o(i.HAL_TIMEx_MasterConfigSynchronization)
    HAL_TIM_Base_Init                        0x08002d2d   Thumb Code   102  stm32f4xx_hal_tim.o(i.HAL_TIM_Base_Init)
    HAL_TIM_Base_MspInit                     0x08002d95   Thumb Code   120  tim.o(i.HAL_TIM_Base_MspInit)
    HAL_TIM_Base_Start_IT                    0x08002e19   Thumb Code   138  stm32f4xx_hal_tim.o(i.HAL_TIM_Base_Start_IT)
    HAL_TIM_IC_CaptureCallback               0x08002ec1   Thumb Code     2  stm32f4xx_hal_tim.o(i.HAL_TIM_IC_CaptureCallback)
    HAL_TIM_IRQHandler                       0x08002ec3   Thumb Code   406  stm32f4xx_hal_tim.o(i.HAL_TIM_IRQHandler)
    HAL_TIM_OC_DelayElapsedCallback          0x08003059   Thumb Code     2  stm32f4xx_hal_tim.o(i.HAL_TIM_OC_DelayElapsedCallback)
    HAL_TIM_PWM_PulseFinishedCallback        0x0800305b   Thumb Code     2  stm32f4xx_hal_tim.o(i.HAL_TIM_PWM_PulseFinishedCallback)
    HAL_TIM_PeriodElapsedCallback            0x0800305d   Thumb Code   308  main.o(i.HAL_TIM_PeriodElapsedCallback)
    HAL_TIM_TriggerCallback                  0x080031c9   Thumb Code     2  stm32f4xx_hal_tim.o(i.HAL_TIM_TriggerCallback)
    HAL_UARTEx_RxEventCallback               0x080031cb   Thumb Code     2  stm32f4xx_hal_uart.o(i.HAL_UARTEx_RxEventCallback)
    HAL_UART_ErrorCallback                   0x080031cd   Thumb Code     2  stm32f4xx_hal_uart.o(i.HAL_UART_ErrorCallback)
    HAL_UART_GetState                        0x080031cf   Thumb Code    20  stm32f4xx_hal_uart.o(i.HAL_UART_GetState)
    HAL_UART_IRQHandler                      0x080031e5   Thumb Code   732  stm32f4xx_hal_uart.o(i.HAL_UART_IRQHandler)
    HAL_UART_Init                            0x080034c5   Thumb Code   114  stm32f4xx_hal_uart.o(i.HAL_UART_Init)
    HAL_UART_MspInit                         0x08003539   Thumb Code   140  usart.o(i.HAL_UART_MspInit)
    HAL_UART_Receive_IT                      0x080035d1   Thumb Code    66  stm32f4xx_hal_uart.o(i.HAL_UART_Receive_IT)
    HAL_UART_RxCpltCallback                  0x08003615   Thumb Code   124  main.o(i.HAL_UART_RxCpltCallback)
    HAL_UART_TxCpltCallback                  0x080036a1   Thumb Code     2  stm32f4xx_hal_uart.o(i.HAL_UART_TxCpltCallback)
    HardFault_Handler                        0x080036a3   Thumb Code     4  stm32f4xx_it.o(i.HardFault_Handler)
    MX_CAN1_Init                             0x08003801   Thumb Code    64  can.o(i.MX_CAN1_Init)
    MX_CAN2_Init                             0x08003849   Thumb Code    58  can.o(i.MX_CAN2_Init)
    MX_FREERTOS_Init                         0x0800388d   Thumb Code    32  freertos.o(i.MX_FREERTOS_Init)
    MX_GPIO_Init                             0x080038c5   Thumb Code   126  gpio.o(i.MX_GPIO_Init)
    MX_TIM14_Init                            0x08003949   Thumb Code    42  tim.o(i.MX_TIM14_Init)
    MX_TIM6_Init                             0x0800397d   Thumb Code    66  tim.o(i.MX_TIM6_Init)
    MX_USART3_UART_Init                      0x080039c9   Thumb Code    50  usart.o(i.MX_USART3_UART_Init)
    MemManage_Handler                        0x08003a09   Thumb Code     4  stm32f4xx_it.o(i.MemManage_Handler)
    NMI_Handler                              0x08003a0d   Thumb Code     4  stm32f4xx_it.o(i.NMI_Handler)
    PULSE_INIT                               0x08003a11   Thumb Code   138  impulse.o(i.PULSE_INIT)
    PULSE_UPDATE                             0x08003aa5   Thumb Code  4176  impulse.o(i.PULSE_UPDATE)
    StartDefaultTask                         0x08004af5   Thumb Code    10  freertos.o(i.StartDefaultTask)
    StartTask02                              0x08004b01   Thumb Code   812  freertos.o(i.StartTask02)
    SysTick_Handler                          0x08004e45   Thumb Code    22  cmsis_os2.o(i.SysTick_Handler)
    SystemClock_Config                       0x08004e5d   Thumb Code   170  main.o(i.SystemClock_Config)
    SystemInit                               0x08004f11   Thumb Code    14  system_stm32f4xx.o(i.SystemInit)
    TIM6_DAC_IRQHandler                      0x08004f25   Thumb Code    10  stm32f4xx_it.o(i.TIM6_DAC_IRQHandler)
    TIM7_IRQHandler                          0x08004f35   Thumb Code    10  stm32f4xx_it.o(i.TIM7_IRQHandler)
    TIM8_TRG_COM_TIM14_IRQHandler            0x08004f45   Thumb Code    10  stm32f4xx_it.o(i.TIM8_TRG_COM_TIM14_IRQHandler)
    TIM_Base_SetConfig                       0x08004f55   Thumb Code   170  stm32f4xx_hal_tim.o(i.TIM_Base_SetConfig)
    UART_Start_Receive_IT                    0x080053f1   Thumb Code    74  stm32f4xx_hal_uart.o(i.UART_Start_Receive_IT)
    USART3_IRQHandler                        0x0800549d   Thumb Code    66  stm32f4xx_it.o(i.USART3_IRQHandler)
    UsageFault_Handler                       0x080054ed   Thumb Code     4  stm32f4xx_it.o(i.UsageFault_Handler)
    __ARM_fpclassify                         0x080054f1   Thumb Code    48  fpclassify.o(i.__ARM_fpclassify)
    __hardfp_acos                            0x08005561   Thumb Code   738  acos.o(i.__hardfp_acos)
    __hardfp_asin                            0x080058b9   Thumb Code   770  asin.o(i.__hardfp_asin)
    __hardfp_sin                             0x08005c19   Thumb Code   180  sin.o(i.__hardfp_sin)
    __hardfp_sqrt                            0x08005ce1   Thumb Code   122  sqrt.o(i.__hardfp_sqrt)
    __ieee754_rem_pio2                       0x08005d61   Thumb Code   938  rred.o(i.__ieee754_rem_pio2)
    __kernel_cos                             0x08006199   Thumb Code   322  cos_i.o(i.__kernel_cos)
    __kernel_poly                            0x08006309   Thumb Code   248  poly.o(i.__kernel_poly)
    __kernel_sin                             0x08006401   Thumb Code   280  sin_i.o(i.__kernel_sin)
    __mathlib_dbl_infnan                     0x08006531   Thumb Code    20  dunder.o(i.__mathlib_dbl_infnan)
    __mathlib_dbl_invalid                    0x08006549   Thumb Code    24  dunder.o(i.__mathlib_dbl_invalid)
    __mathlib_dbl_underflow                  0x08006569   Thumb Code    24  dunder.o(i.__mathlib_dbl_underflow)
    __scatterload_copy                       0x08006589   Thumb Code    14  handlers.o(i.__scatterload_copy)
    __scatterload_null                       0x08006597   Thumb Code     2  handlers.o(i.__scatterload_null)
    __scatterload_zeroinit                   0x08006599   Thumb Code    14  handlers.o(i.__scatterload_zeroinit)
    __set_errno                              0x080065a9   Thumb Code     6  errno.o(i.__set_errno)
    can_filter_init                          0x080065b5   Thumb Code   116  ht03.o(i.can_filter_init)
    fabs                                     0x08006631   Thumb Code    24  fabs.o(i.fabs)
    main                                     0x0800667d   Thumb Code   154  main.o(i.main)
    map                                      0x08006735   Thumb Code    48  impulse.o(i.map)
    osDelay                                  0x08006769   Thumb Code    30  cmsis_os2.o(i.osDelay)
    osKernelInitialize                       0x08006789   Thumb Code    38  cmsis_os2.o(i.osKernelInitialize)
    osKernelStart                            0x080067b5   Thumb Code    82  cmsis_os2.o(i.osKernelStart)
    osThreadNew                              0x08006815   Thumb Code   184  cmsis_os2.o(i.osThreadNew)
    pvPortMalloc                             0x080072f1   Thumb Code   306  heap_4.o(i.pvPortMalloc)
    pxPortInitialiseStack                    0x0800743d   Thumb Code    38  port.o(i.pxPortInitialiseStack)
    sqrt                                     0x08007469   Thumb Code   110  sqrt.o(i.sqrt)
    update_sbus                              0x08007855   Thumb Code   354  sbus.o(i.update_sbus)
    uxListRemove                             0x080079bd   Thumb Code    40  list.o(i.uxListRemove)
    vApplicationGetIdleTaskMemory            0x080079e5   Thumb Code    14  cmsis_os2.o(i.vApplicationGetIdleTaskMemory)
    vApplicationGetTimerTaskMemory           0x080079fd   Thumb Code    16  cmsis_os2.o(i.vApplicationGetTimerTaskMemory)
    vListInitialise                          0x08007a15   Thumb Code    26  list.o(i.vListInitialise)
    vListInitialiseItem                      0x08007a2f   Thumb Code     6  list.o(i.vListInitialiseItem)
    vListInsert                              0x08007a35   Thumb Code    52  list.o(i.vListInsert)
    vListInsertEnd                           0x08007a69   Thumb Code    24  list.o(i.vListInsertEnd)
    vPortEnterCritical                       0x08007a81   Thumb Code    76  port.o(i.vPortEnterCritical)
    vPortExitCritical                        0x08007ad5   Thumb Code    56  port.o(i.vPortExitCritical)
    vPortFree                                0x08007b11   Thumb Code   150  heap_4.o(i.vPortFree)
    vPortSetupTimerInterrupt                 0x08007bb5   Thumb Code    36  port.o(i.vPortSetupTimerInterrupt)
    vPortValidateInterruptPriority           0x08007bdd   Thumb Code   106  port.o(i.vPortValidateInterruptPriority)
    vQueueAddToRegistry                      0x08007c55   Thumb Code    38  queue.o(i.vQueueAddToRegistry)
    vQueueWaitForMessageRestricted           0x08007c81   Thumb Code    74  queue.o(i.vQueueWaitForMessageRestricted)
    vTaskDelay                               0x08007ccd   Thumb Code    82  tasks.o(i.vTaskDelay)
    vTaskInternalSetTimeOutState             0x08007d29   Thumb Code    14  tasks.o(i.vTaskInternalSetTimeOutState)
    vTaskMissedYield                         0x08007d41   Thumb Code     8  tasks.o(i.vTaskMissedYield)
    vTaskPlaceOnEventList                    0x08007d4d   Thumb Code    52  tasks.o(i.vTaskPlaceOnEventList)
    vTaskPlaceOnEventListRestricted          0x08007d85   Thumb Code    60  tasks.o(i.vTaskPlaceOnEventListRestricted)
    vTaskStartScheduler                      0x08007dc5   Thumb Code   156  tasks.o(i.vTaskStartScheduler)
    vTaskSuspendAll                          0x08007e7d   Thumb Code    12  tasks.o(i.vTaskSuspendAll)
    vTaskSwitchContext                       0x08007e8d   Thumb Code   122  tasks.o(i.vTaskSwitchContext)
    xPortStartScheduler                      0x08007f1d   Thumb Code   330  port.o(i.xPortStartScheduler)
    xPortSysTickHandler                      0x08008085   Thumb Code    46  port.o(i.xPortSysTickHandler)
    xQueueGenericCreateStatic                0x080080b9   Thumb Code   224  queue.o(i.xQueueGenericCreateStatic)
    xQueueGenericReset                       0x08008199   Thumb Code   146  queue.o(i.xQueueGenericReset)
    xQueueGenericSend                        0x08008231   Thumb Code   420  queue.o(i.xQueueGenericSend)
    xQueueGenericSendFromISR                 0x080083d9   Thumb Code   252  queue.o(i.xQueueGenericSendFromISR)
    xQueueReceive                            0x080084d5   Thumb Code   356  queue.o(i.xQueueReceive)
    xTaskCheckForTimeOut                     0x0800863d   Thumb Code   132  tasks.o(i.xTaskCheckForTimeOut)
    xTaskCreate                              0x080086c9   Thumb Code   100  tasks.o(i.xTaskCreate)
    xTaskCreateStatic                        0x0800872d   Thumb Code   186  tasks.o(i.xTaskCreateStatic)
    xTaskGetSchedulerState                   0x080087e9   Thumb Code    24  tasks.o(i.xTaskGetSchedulerState)
    xTaskGetTickCount                        0x08008809   Thumb Code     6  tasks.o(i.xTaskGetTickCount)
    xTaskIncrementTick                       0x08008815   Thumb Code   280  tasks.o(i.xTaskIncrementTick)
    xTaskPriorityDisinherit                  0x08008959   Thumb Code   152  tasks.o(i.xTaskPriorityDisinherit)
    xTaskRemoveFromEventList                 0x080089fd   Thumb Code   126  tasks.o(i.xTaskRemoveFromEventList)
    xTaskResumeAll                           0x08008a95   Thumb Code   222  tasks.o(i.xTaskResumeAll)
    xTimerCreateTimerTask                    0x08008b99   Thumb Code   100  timers.o(i.xTimerCreateTimerTask)
    xTimerGenericCommand                     0x08008c11   Thumb Code   128  timers.o(i.xTimerGenericCommand)
    defaultTask_attributes                   0x08008c94   Data          36  freertos.o(.constdata)
    myTask02_attributes                      0x08008cb8   Data          36  freertos.o(.constdata)
    AHBPrescTable                            0x08008cdc   Data          16  system_stm32f4xx.o(.constdata)
    APBPrescTable                            0x08008cec   Data           8  system_stm32f4xx.o(.constdata)
    Region$$Table$$Base                      0x08008ed0   Number         0  anon$$obj.o(Region$$Table)
    Region$$Table$$Limit                     0x08008ef0   Number         0  anon$$obj.o(Region$$Table)
    USART3_RX_STA                            0x20000000   Data           2  main.o(.data)
    aRxBuffer3                               0x20000002   Data           1  main.o(.data)
    CH3                                      0x20000004   Data           4  main.o(.data)
    stauts                                   0x20000008   Data           4  main.o(.data)
    j                                        0x2000000c   Data           4  main.o(.data)
    defaultTaskHandle                        0x20000010   Data           4  freertos.o(.data)
    myTask02Handle                           0x20000014   Data           4  freertos.o(.data)
    uwTick                                   0x2000001c   Data           4  stm32f4xx_hal.o(.data)
    uwTickPrio                               0x20000020   Data           4  stm32f4xx_hal.o(.data)
    uwTickFreq                               0x20000024   Data           1  stm32f4xx_hal.o(.data)
    SystemCoreClock                          0x20000028   Data           4  system_stm32f4xx.o(.data)
    pxCurrentTCB                             0x2000002c   Data           4  tasks.o(.data)
    commandbuf                               0x200000ac   Data           8  ht03.o(.data)
    databuf                                  0x200000b4   Data           8  ht03.o(.data)
    MOTORID                                  0x200000bc   Data           8  ht03.o(.data)
    motor_state                              0x200000c4   Data           1  ht03.o(.data)
    USART3_RX_BUF                            0x200000cc   Data         100  main.o(.bss)
    hcan1                                    0x20000130   Data          40  can.o(.bss)
    hcan2                                    0x20000158   Data          40  can.o(.bss)
    htim6                                    0x20000180   Data          72  tim.o(.bss)
    htim14                                   0x200001c8   Data          72  tim.o(.bss)
    huart3                                   0x20000210   Data          68  usart.o(.bss)
    htim7                                    0x20000254   Data          72  stm32f4xx_hal_timebase_tim.o(.bss)
    xQueueRegistry                           0x2000029c   Data          64  queue.o(.bss)
    SBUS_CH                                  0x20004b70   Data          84  sbus.o(.bss)
    motor_data                               0x20004bc4   Data         128  ht03.o(.bss)
    PULSE_data                               0x20004c44   Data         144  impulse.o(.bss)
    rtU                                      0x20004cd8   Data          64  controller0.o(.bss)
    rtY                                      0x20004d18   Data          64  controller0.o(.bss)
    __initial_sp                             0x20005158   Data           0  startup_stm32f407xx.o(STACK)



==============================================================================

Memory Map of the image

  Image Entry point : 0x08000189

  Load Region LR_IROM1 (Base: 0x08000000, Size: 0x00008fbc, Max: 0x00100000, ABSOLUTE)

    Execution Region ER_IROM1 (Exec base: 0x08000000, Load base: 0x08000000, Size: 0x00008ef0, Max: 0x00100000, ABSOLUTE)

    Exec Addr    Load Addr    Size         Type   Attr      Idx    E Section Name        Object

    0x08000000   0x08000000   0x00000188   Data   RO            3    RESET               startup_stm32f407xx.o
    0x08000188   0x08000188   0x00000000   Code   RO         5501  * .ARM.Collect$$$$00000000  mc_w.l(entry.o)
    0x08000188   0x08000188   0x00000004   Code   RO         5570    .ARM.Collect$$$$00000001  mc_w.l(entry2.o)
    0x0800018c   0x0800018c   0x00000004   Code   RO         5573    .ARM.Collect$$$$00000004  mc_w.l(entry5.o)
    0x08000190   0x08000190   0x00000000   Code   RO         5575    .ARM.Collect$$$$00000008  mc_w.l(entry7b.o)
    0x08000190   0x08000190   0x00000000   Code   RO         5577    .ARM.Collect$$$$0000000A  mc_w.l(entry8b.o)
    0x08000190   0x08000190   0x00000008   Code   RO         5578    .ARM.Collect$$$$0000000B  mc_w.l(entry9a.o)
    0x08000198   0x08000198   0x00000004   Code   RO         5585    .ARM.Collect$$$$0000000E  mc_w.l(entry12b.o)
    0x0800019c   0x0800019c   0x00000000   Code   RO         5580    .ARM.Collect$$$$0000000F  mc_w.l(entry10a.o)
    0x0800019c   0x0800019c   0x00000000   Code   RO         5582    .ARM.Collect$$$$00000011  mc_w.l(entry11a.o)
    0x0800019c   0x0800019c   0x00000004   Code   RO         5571    .ARM.Collect$$$$00002712  mc_w.l(entry2.o)
    0x080001a0   0x080001a0   0x000000be   Code   RO         5146    .emb_text           port.o
    0x0800025e   0x0800025e   0x00000002   PAD
    0x08000260   0x08000260   0x00000024   Code   RO            4    .text               startup_stm32f407xx.o
    0x08000284   0x08000284   0x00000062   Code   RO         5504    .text               mc_w.l(uldiv.o)
    0x080002e6   0x080002e6   0x00000024   Code   RO         5506    .text               mc_w.l(memcpya.o)
    0x0800030a   0x0800030a   0x00000024   Code   RO         5510    .text               mc_w.l(memseta.o)
    0x0800032e   0x0800032e   0x0000014e   Code   RO         5514    .text               mf_w.l(dadd.o)
    0x0800047c   0x0800047c   0x000000e4   Code   RO         5516    .text               mf_w.l(dmul.o)
    0x08000560   0x08000560   0x000000de   Code   RO         5518    .text               mf_w.l(ddiv.o)
    0x0800063e   0x0800063e   0x00000022   Code   RO         5522    .text               mf_w.l(dflti.o)
    0x08000660   0x08000660   0x00000026   Code   RO         5524    .text               mf_w.l(f2d.o)
    0x08000686   0x08000686   0x00000002   PAD
    0x08000688   0x08000688   0x00000030   Code   RO         5526    .text               mf_w.l(cdcmple.o)
    0x080006b8   0x080006b8   0x00000030   Code   RO         5528    .text               mf_w.l(cdrcmple.o)
    0x080006e8   0x080006e8   0x00000038   Code   RO         5530    .text               mf_w.l(d2f.o)
    0x08000720   0x08000720   0x0000001e   Code   RO         5586    .text               mc_w.l(llshl.o)
    0x0800073e   0x0800073e   0x00000020   Code   RO         5588    .text               mc_w.l(llushr.o)
    0x0800075e   0x0800075e   0x00000024   Code   RO         5590    .text               mc_w.l(llsshr.o)
    0x08000782   0x08000782   0x00000000   Code   RO         5599    .text               mc_w.l(iusefp.o)
    0x08000782   0x08000782   0x0000006e   Code   RO         5600    .text               mf_w.l(fepilogue.o)
    0x080007f0   0x080007f0   0x000000ba   Code   RO         5602    .text               mf_w.l(depilogue.o)
    0x080008aa   0x080008aa   0x000000a2   Code   RO         5604    .text               mf_w.l(dsqrt.o)
    0x0800094c   0x0800094c   0x00000024   Code   RO         5606    .text               mc_w.l(init.o)
    0x08000970   0x08000970   0x0000001a   Code   RO         5608    .text               mf_w.l(dfltui.o)
    0x0800098a   0x0800098a   0x0000003e   Code   RO         5610    .text               mf_w.l(dfixi.o)
    0x080009c8   0x080009c8   0x00000004   Code   RO          444    i.BusFault_Handler  stm32f4xx_it.o
    0x080009cc   0x080009cc   0x00000010   Code   RO          445    i.CAN1_RX0_IRQHandler  stm32f4xx_it.o
    0x080009dc   0x080009dc   0x00000010   Code   RO          446    i.CAN1_TX_IRQHandler  stm32f4xx_it.o
    0x080009ec   0x080009ec   0x00000010   Code   RO          447    i.CAN2_RX0_IRQHandler  stm32f4xx_it.o
    0x080009fc   0x080009fc   0x00000010   Code   RO          448    i.CAN2_TX_IRQHandler  stm32f4xx_it.o
    0x08000a0c   0x08000a0c   0x00000002   Code   RO         5401    i.CONTROLLER0_initialize  controller0.o
    0x08000a0e   0x08000a0e   0x00000002   PAD
    0x08000a10   0x08000a10   0x00000338   Code   RO         5402    i.CONTROLLER0_step  controller0.o
    0x08000d48   0x08000d48   0x00000070   Code   RO         5263    i.CanComm_ControlCmd  ht03.o
    0x08000db8   0x08000db8   0x000001f8   Code   RO         5264    i.CanComm_SendControlPara  ht03.o
    0x08000fb0   0x08000fb0   0x00000488   Code   RO         5265    i.CanMOTOR_Init     ht03.o
    0x08001438   0x08001438   0x0000002e   Code   RO         5267    i.CanTransmit       ht03.o
    0x08001466   0x08001466   0x00000002   Code   RO          449    i.DebugMon_Handler  stm32f4xx_it.o
    0x08001468   0x08001468   0x00000006   Code   RO           13    i.Error_Handler     main.o
    0x0800146e   0x0800146e   0x0000002a   Code   RO          614    i.HAL_CAN_ActivateNotification  stm32f4xx_hal_can.o
    0x08001498   0x08001498   0x00000156   Code   RO          615    i.HAL_CAN_AddTxMessage  stm32f4xx_hal_can.o
    0x080015ee   0x080015ee   0x00000002   PAD
    0x080015f0   0x080015f0   0x00000124   Code   RO          616    i.HAL_CAN_ConfigFilter  stm32f4xx_hal_can.o
    0x08001714   0x08001714   0x00000002   Code   RO          619    i.HAL_CAN_ErrorCallback  stm32f4xx_hal_can.o
    0x08001716   0x08001716   0x0000017a   Code   RO          622    i.HAL_CAN_GetRxMessage  stm32f4xx_hal_can.o
    0x08001890   0x08001890   0x0000024e   Code   RO          626    i.HAL_CAN_IRQHandler  stm32f4xx_hal_can.o
    0x08001ade   0x08001ade   0x00000174   Code   RO          627    i.HAL_CAN_Init      stm32f4xx_hal_can.o
    0x08001c52   0x08001c52   0x00000002   PAD
    0x08001c54   0x08001c54   0x00000180   Code   RO          306    i.HAL_CAN_MspInit   can.o
    0x08001dd4   0x08001dd4   0x00000002   Code   RO          634    i.HAL_CAN_RxFifo0FullCallback  stm32f4xx_hal_can.o
    0x08001dd6   0x08001dd6   0x00000002   PAD
    0x08001dd8   0x08001dd8   0x000001ac   Code   RO         5268    i.HAL_CAN_RxFifo0MsgPendingCallback  ht03.o
    0x08001f84   0x08001f84   0x00000002   Code   RO          636    i.HAL_CAN_RxFifo1FullCallback  stm32f4xx_hal_can.o
    0x08001f86   0x08001f86   0x00000002   Code   RO          637    i.HAL_CAN_RxFifo1MsgPendingCallback  stm32f4xx_hal_can.o
    0x08001f88   0x08001f88   0x00000002   Code   RO          638    i.HAL_CAN_SleepCallback  stm32f4xx_hal_can.o
    0x08001f8a   0x08001f8a   0x0000005e   Code   RO          639    i.HAL_CAN_Start     stm32f4xx_hal_can.o
    0x08001fe8   0x08001fe8   0x00000002   Code   RO          641    i.HAL_CAN_TxMailbox0AbortCallback  stm32f4xx_hal_can.o
    0x08001fea   0x08001fea   0x00000002   Code   RO          642    i.HAL_CAN_TxMailbox0CompleteCallback  stm32f4xx_hal_can.o
    0x08001fec   0x08001fec   0x00000002   Code   RO          643    i.HAL_CAN_TxMailbox1AbortCallback  stm32f4xx_hal_can.o
    0x08001fee   0x08001fee   0x00000002   Code   RO          644    i.HAL_CAN_TxMailbox1CompleteCallback  stm32f4xx_hal_can.o
    0x08001ff0   0x08001ff0   0x00000002   Code   RO          645    i.HAL_CAN_TxMailbox2AbortCallback  stm32f4xx_hal_can.o
    0x08001ff2   0x08001ff2   0x00000002   Code   RO          646    i.HAL_CAN_TxMailbox2CompleteCallback  stm32f4xx_hal_can.o
    0x08001ff4   0x08001ff4   0x00000002   Code   RO          648    i.HAL_CAN_WakeUpFromRxMsgCallback  stm32f4xx_hal_can.o
    0x08001ff6   0x08001ff6   0x000000ac   Code   RO         1354    i.HAL_DMA_Abort     stm32f4xx_hal_dma.o
    0x080020a2   0x080020a2   0x00000028   Code   RO         1355    i.HAL_DMA_Abort_IT  stm32f4xx_hal_dma.o
    0x080020ca   0x080020ca   0x00000002   PAD
    0x080020cc   0x080020cc   0x00000028   Code   RO         1778    i.HAL_Delay         stm32f4xx_hal.o
    0x080020f4   0x080020f4   0x000001f4   Code   RO         1247    i.HAL_GPIO_Init     stm32f4xx_hal_gpio.o
    0x080022e8   0x080022e8   0x0000000c   Code   RO         1784    i.HAL_GetTick       stm32f4xx_hal.o
    0x080022f4   0x080022f4   0x00000018   Code   RO         1790    i.HAL_IncTick       stm32f4xx_hal.o
    0x0800230c   0x0800230c   0x0000003c   Code   RO         1791    i.HAL_Init          stm32f4xx_hal.o
    0x08002348   0x08002348   0x000000b4   Code   RO          574    i.HAL_InitTick      stm32f4xx_hal_timebase_tim.o
    0x080023fc   0x080023fc   0x00000054   Code   RO          550    i.HAL_MspInit       stm32f4xx_hal_msp.o
    0x08002450   0x08002450   0x00000020   Code   RO         1636    i.HAL_NVIC_EnableIRQ  stm32f4xx_hal_cortex.o
    0x08002470   0x08002470   0x0000007c   Code   RO         1642    i.HAL_NVIC_SetPriority  stm32f4xx_hal_cortex.o
    0x080024ec   0x080024ec   0x00000028   Code   RO         1643    i.HAL_NVIC_SetPriorityGrouping  stm32f4xx_hal_cortex.o
    0x08002514   0x08002514   0x00000184   Code   RO          848    i.HAL_RCC_ClockConfig  stm32f4xx_hal_rcc.o
    0x08002698   0x08002698   0x00000044   Code   RO          852    i.HAL_RCC_GetClockConfig  stm32f4xx_hal_rcc.o
    0x080026dc   0x080026dc   0x0000000c   Code   RO          853    i.HAL_RCC_GetHCLKFreq  stm32f4xx_hal_rcc.o
    0x080026e8   0x080026e8   0x00000020   Code   RO          855    i.HAL_RCC_GetPCLK1Freq  stm32f4xx_hal_rcc.o
    0x08002708   0x08002708   0x00000020   Code   RO          856    i.HAL_RCC_GetPCLK2Freq  stm32f4xx_hal_rcc.o
    0x08002728   0x08002728   0x000000b0   Code   RO          857    i.HAL_RCC_GetSysClockFreq  stm32f4xx_hal_rcc.o
    0x080027d8   0x080027d8   0x0000049c   Code   RO          860    i.HAL_RCC_OscConfig  stm32f4xx_hal_rcc.o
    0x08002c74   0x08002c74   0x00000002   Code   RO         2746    i.HAL_TIMEx_BreakCallback  stm32f4xx_hal_tim_ex.o
    0x08002c76   0x08002c76   0x00000002   Code   RO         2747    i.HAL_TIMEx_CommutCallback  stm32f4xx_hal_tim_ex.o
    0x08002c78   0x08002c78   0x000000b4   Code   RO         2765    i.HAL_TIMEx_MasterConfigSynchronization  stm32f4xx_hal_tim_ex.o
    0x08002d2c   0x08002d2c   0x00000066   Code   RO         2031    i.HAL_TIM_Base_Init  stm32f4xx_hal_tim.o
    0x08002d92   0x08002d92   0x00000002   PAD
    0x08002d94   0x08002d94   0x00000084   Code   RO          355    i.HAL_TIM_Base_MspInit  tim.o
    0x08002e18   0x08002e18   0x000000a8   Code   RO         2036    i.HAL_TIM_Base_Start_IT  stm32f4xx_hal_tim.o
    0x08002ec0   0x08002ec0   0x00000002   Code   RO         2065    i.HAL_TIM_IC_CaptureCallback  stm32f4xx_hal_tim.o
    0x08002ec2   0x08002ec2   0x00000196   Code   RO         2079    i.HAL_TIM_IRQHandler  stm32f4xx_hal_tim.o
    0x08003058   0x08003058   0x00000002   Code   RO         2082    i.HAL_TIM_OC_DelayElapsedCallback  stm32f4xx_hal_tim.o
    0x0800305a   0x0800305a   0x00000002   Code   RO         2109    i.HAL_TIM_PWM_PulseFinishedCallback  stm32f4xx_hal_tim.o
    0x0800305c   0x0800305c   0x0000016c   Code   RO           14    i.HAL_TIM_PeriodElapsedCallback  main.o
    0x080031c8   0x080031c8   0x00000002   Code   RO         2122    i.HAL_TIM_TriggerCallback  stm32f4xx_hal_tim.o
    0x080031ca   0x080031ca   0x00000002   Code   RO         3024    i.HAL_UARTEx_RxEventCallback  stm32f4xx_hal_uart.o
    0x080031cc   0x080031cc   0x00000002   Code   RO         3038    i.HAL_UART_ErrorCallback  stm32f4xx_hal_uart.o
    0x080031ce   0x080031ce   0x00000014   Code   RO         3040    i.HAL_UART_GetState  stm32f4xx_hal_uart.o
    0x080031e2   0x080031e2   0x00000002   PAD
    0x080031e4   0x080031e4   0x000002e0   Code   RO         3041    i.HAL_UART_IRQHandler  stm32f4xx_hal_uart.o
    0x080034c4   0x080034c4   0x00000072   Code   RO         3042    i.HAL_UART_Init     stm32f4xx_hal_uart.o
    0x08003536   0x08003536   0x00000002   PAD
    0x08003538   0x08003538   0x00000098   Code   RO          403    i.HAL_UART_MspInit  usart.o
    0x080035d0   0x080035d0   0x00000042   Code   RO         3047    i.HAL_UART_Receive_IT  stm32f4xx_hal_uart.o
    0x08003612   0x08003612   0x00000002   PAD
    0x08003614   0x08003614   0x0000008c   Code   RO           15    i.HAL_UART_RxCpltCallback  main.o
    0x080036a0   0x080036a0   0x00000002   Code   RO         3053    i.HAL_UART_TxCpltCallback  stm32f4xx_hal_uart.o
    0x080036a2   0x080036a2   0x00000004   Code   RO          450    i.HardFault_Handler  stm32f4xx_it.o
    0x080036a6   0x080036a6   0x00000002   PAD
    0x080036a8   0x080036a8   0x00000158   Code   RO         5403    i.MATLABFunction1   controller0.o
    0x08003800   0x08003800   0x00000048   Code   RO          307    i.MX_CAN1_Init      can.o
    0x08003848   0x08003848   0x00000044   Code   RO          308    i.MX_CAN2_Init      can.o
    0x0800388c   0x0800388c   0x00000038   Code   RO          255    i.MX_FREERTOS_Init  freertos.o
    0x080038c4   0x080038c4   0x00000084   Code   RO          231    i.MX_GPIO_Init      gpio.o
    0x08003948   0x08003948   0x00000034   Code   RO          356    i.MX_TIM14_Init     tim.o
    0x0800397c   0x0800397c   0x0000004c   Code   RO          357    i.MX_TIM6_Init      tim.o
    0x080039c8   0x080039c8   0x00000040   Code   RO          404    i.MX_USART3_UART_Init  usart.o
    0x08003a08   0x08003a08   0x00000004   Code   RO          451    i.MemManage_Handler  stm32f4xx_it.o
    0x08003a0c   0x08003a0c   0x00000004   Code   RO          452    i.NMI_Handler       stm32f4xx_it.o
    0x08003a10   0x08003a10   0x00000094   Code   RO         5341    i.PULSE_INIT        impulse.o
    0x08003aa4   0x08003aa4   0x00001050   Code   RO         5342    i.PULSE_UPDATE      impulse.o
    0x08004af4   0x08004af4   0x0000000a   Code   RO          256    i.StartDefaultTask  freertos.o
    0x08004afe   0x08004afe   0x00000002   PAD
    0x08004b00   0x08004b00   0x00000344   Code   RO          257    i.StartTask02       freertos.o
    0x08004e44   0x08004e44   0x00000016   Code   RO         4561    i.SysTick_Handler   cmsis_os2.o
    0x08004e5a   0x08004e5a   0x00000002   PAD
    0x08004e5c   0x08004e5c   0x000000b4   Code   RO           16    i.SystemClock_Config  main.o
    0x08004f10   0x08004f10   0x00000014   Code   RO         3381    i.SystemInit        system_stm32f4xx.o
    0x08004f24   0x08004f24   0x00000010   Code   RO          453    i.TIM6_DAC_IRQHandler  stm32f4xx_it.o
    0x08004f34   0x08004f34   0x00000010   Code   RO          454    i.TIM7_IRQHandler   stm32f4xx_it.o
    0x08004f44   0x08004f44   0x00000010   Code   RO          455    i.TIM8_TRG_COM_TIM14_IRQHandler  stm32f4xx_it.o
    0x08004f54   0x08004f54   0x000000d8   Code   RO         2124    i.TIM_Base_SetConfig  stm32f4xx_hal_tim.o
    0x0800502c   0x0800502c   0x00000014   Code   RO         3055    i.UART_DMAAbortOnError  stm32f4xx_hal_uart.o
    0x08005040   0x08005040   0x0000006c   Code   RO         3065    i.UART_EndRxTransfer  stm32f4xx_hal_uart.o
    0x080050ac   0x080050ac   0x00000020   Code   RO         3066    i.UART_EndTransmit_IT  stm32f4xx_hal_uart.o
    0x080050cc   0x080050cc   0x000000f8   Code   RO         3068    i.UART_Receive_IT   stm32f4xx_hal_uart.o
    0x080051c4   0x080051c4   0x0000022c   Code   RO         3069    i.UART_SetConfig    stm32f4xx_hal_uart.o
    0x080053f0   0x080053f0   0x0000004a   Code   RO         3071    i.UART_Start_Receive_IT  stm32f4xx_hal_uart.o
    0x0800543a   0x0800543a   0x00000060   Code   RO         3072    i.UART_Transmit_IT  stm32f4xx_hal_uart.o
    0x0800549a   0x0800549a   0x00000002   PAD
    0x0800549c   0x0800549c   0x00000050   Code   RO          456    i.USART3_IRQHandler  stm32f4xx_it.o
    0x080054ec   0x080054ec   0x00000004   Code   RO          457    i.UsageFault_Handler  stm32f4xx_it.o
    0x080054f0   0x080054f0   0x00000030   Code   RO         5555    i.__ARM_fpclassify  m_wm.l(fpclassify.o)
    0x08005520   0x08005520   0x00000010   Code   RO         1649    i.__NVIC_GetPriorityGrouping  stm32f4xx_hal_cortex.o
    0x08005530   0x08005530   0x00000028   Code   RO         1650    i.__NVIC_SetPriority  stm32f4xx_hal_cortex.o
    0x08005558   0x08005558   0x00000006   Code   RO         4563    i.__get_IPSR        cmsis_os2.o
    0x0800555e   0x0800555e   0x00000002   PAD
    0x08005560   0x08005560   0x00000358   Code   RO         5449    i.__hardfp_acos     m_wm.l(acos.o)
    0x080058b8   0x080058b8   0x00000360   Code   RO         5463    i.__hardfp_asin     m_wm.l(asin.o)
    0x08005c18   0x08005c18   0x000000c8   Code   RO         5477    i.__hardfp_sin      m_wm.l(sin.o)
    0x08005ce0   0x08005ce0   0x0000007a   Code   RO         5489    i.__hardfp_sqrt     m_wm.l(sqrt.o)
    0x08005d5a   0x08005d5a   0x00000006   PAD
    0x08005d60   0x08005d60   0x00000438   Code   RO         5559    i.__ieee754_rem_pio2  m_wm.l(rred.o)
    0x08006198   0x08006198   0x00000170   Code   RO         5532    i.__kernel_cos      m_wm.l(cos_i.o)
    0x08006308   0x08006308   0x000000f8   Code   RO         5557    i.__kernel_poly     m_wm.l(poly.o)
    0x08006400   0x08006400   0x00000130   Code   RO         5564    i.__kernel_sin      m_wm.l(sin_i.o)
    0x08006530   0x08006530   0x00000014   Code   RO         5536    i.__mathlib_dbl_infnan  m_wm.l(dunder.o)
    0x08006544   0x08006544   0x00000004   PAD
    0x08006548   0x08006548   0x00000020   Code   RO         5538    i.__mathlib_dbl_invalid  m_wm.l(dunder.o)
    0x08006568   0x08006568   0x00000020   Code   RO         5541    i.__mathlib_dbl_underflow  m_wm.l(dunder.o)
    0x08006588   0x08006588   0x0000000e   Code   RO         5614    i.__scatterload_copy  mc_w.l(handlers.o)
    0x08006596   0x08006596   0x00000002   Code   RO         5615    i.__scatterload_null  mc_w.l(handlers.o)
    0x08006598   0x08006598   0x0000000e   Code   RO         5616    i.__scatterload_zeroinit  mc_w.l(handlers.o)
    0x080065a6   0x080065a6   0x00000002   PAD
    0x080065a8   0x080065a8   0x0000000c   Code   RO         5594    i.__set_errno       mc_w.l(errno.o)
    0x080065b4   0x080065b4   0x0000007c   Code   RO         5269    i.can_filter_init   ht03.o
    0x08006630   0x08006630   0x00000018   Code   RO         5551    i.fabs              m_wm.l(fabs.o)
    0x08006648   0x08006648   0x00000034   Code   RO         5270    i.float_to_uint     ht03.o
    0x0800667c   0x0800667c   0x000000b8   Code   RO           17    i.main              main.o
    0x08006734   0x08006734   0x00000034   Code   RO         5343    i.map               impulse.o
    0x08006768   0x08006768   0x0000001e   Code   RO         4564    i.osDelay           cmsis_os2.o
    0x08006786   0x08006786   0x00000002   PAD
    0x08006788   0x08006788   0x0000002c   Code   RO         4578    i.osKernelInitialize  cmsis_os2.o
    0x080067b4   0x080067b4   0x00000060   Code   RO         4581    i.osKernelStart     cmsis_os2.o
    0x08006814   0x08006814   0x000000b8   Code   RO         4623    i.osThreadNew       cmsis_os2.o
    0x080068cc   0x080068cc   0x0000007c   Code   RO         3998    i.prvAddCurrentTaskToDelayedList  tasks.o
    0x08006948   0x08006948   0x000000b8   Code   RO         3999    i.prvAddNewTaskToReadyList  tasks.o
    0x08006a00   0x08006a00   0x00000074   Code   RO         4374    i.prvCheckForValidListAndQueue  timers.o
    0x08006a74   0x08006a74   0x00000048   Code   RO         4000    i.prvCheckTasksWaitingTermination  tasks.o
    0x08006abc   0x08006abc   0x0000002a   Code   RO         3585    i.prvCopyDataFromQueue  queue.o
    0x08006ae6   0x08006ae6   0x0000007e   Code   RO         3586    i.prvCopyDataToQueue  queue.o
    0x08006b64   0x08006b64   0x00000050   Code   RO         4001    i.prvDeleteTCB      tasks.o
    0x08006bb4   0x08006bb4   0x00000028   Code   RO         4375    i.prvGetNextExpireTime  timers.o
    0x08006bdc   0x08006bdc   0x0000007c   Code   RO         5091    i.prvHeapInit       heap_4.o
    0x08006c58   0x08006c58   0x00000028   Code   RO         4002    i.prvIdleTask       tasks.o
    0x08006c80   0x08006c80   0x0000002a   Code   RO         3589    i.prvInitialiseNewQueue  queue.o
    0x08006caa   0x08006caa   0x000000be   Code   RO         4003    i.prvInitialiseNewTask  tasks.o
    0x08006d68   0x08006d68   0x00000068   Code   RO         4004    i.prvInitialiseTaskLists  tasks.o
    0x08006dd0   0x08006dd0   0x00000068   Code   RO         5092    i.prvInsertBlockIntoFreeList  heap_4.o
    0x08006e38   0x08006e38   0x00000058   Code   RO         4377    i.prvInsertTimerInActiveList  timers.o
    0x08006e90   0x08006e90   0x0000001a   Code   RO         3590    i.prvIsQueueEmpty   queue.o
    0x08006eaa   0x08006eaa   0x0000001e   Code   RO         3591    i.prvIsQueueFull    queue.o
    0x08006ec8   0x08006ec8   0x00000074   Code   RO         4378    i.prvProcessExpiredTimer  timers.o
    0x08006f3c   0x08006f3c   0x00000164   Code   RO         4379    i.prvProcessReceivedCommands  timers.o
    0x080070a0   0x080070a0   0x00000074   Code   RO         4380    i.prvProcessTimerOrBlockTask  timers.o
    0x08007114   0x08007114   0x00000034   Code   RO         4006    i.prvResetNextTaskUnblockTime  tasks.o
    0x08007148   0x08007148   0x0000002c   Code   RO         4381    i.prvSampleTimeNow  timers.o
    0x08007174   0x08007174   0x000000a4   Code   RO         4382    i.prvSwitchTimerLists  timers.o
    0x08007218   0x08007218   0x00000040   Code   RO         5147    i.prvTaskExitError  port.o
    0x08007258   0x08007258   0x0000001a   Code   RO         4383    i.prvTimerTask      timers.o
    0x08007272   0x08007272   0x0000007e   Code   RO         3592    i.prvUnlockQueue    queue.o
    0x080072f0   0x080072f0   0x0000014c   Code   RO         5093    i.pvPortMalloc      heap_4.o
    0x0800743c   0x0800743c   0x0000002c   Code   RO         5148    i.pxPortInitialiseStack  port.o
    0x08007468   0x08007468   0x0000006e   Code   RO         5491    i.sqrt              m_wm.l(sqrt.o)
    0x080074d6   0x080074d6   0x00000002   PAD
    0x080074d8   0x080074d8   0x00000160   Code   RO         5404    i.uTm_x1            controller0.o
    0x08007638   0x08007638   0x000001e8   Code   RO         5405    i.uTm_y2            controller0.o
    0x08007820   0x08007820   0x00000034   Code   RO         5271    i.uint_to_float     ht03.o
    0x08007854   0x08007854   0x00000168   Code   RO         5227    i.update_sbus       sbus.o
    0x080079bc   0x080079bc   0x00000028   Code   RO         3545    i.uxListRemove      list.o
    0x080079e4   0x080079e4   0x00000018   Code   RO         4635    i.vApplicationGetIdleTaskMemory  cmsis_os2.o
    0x080079fc   0x080079fc   0x00000018   Code   RO         4636    i.vApplicationGetTimerTaskMemory  cmsis_os2.o
    0x08007a14   0x08007a14   0x0000001a   Code   RO         3546    i.vListInitialise   list.o
    0x08007a2e   0x08007a2e   0x00000006   Code   RO         3547    i.vListInitialiseItem  list.o
    0x08007a34   0x08007a34   0x00000034   Code   RO         3548    i.vListInsert       list.o
    0x08007a68   0x08007a68   0x00000018   Code   RO         3549    i.vListInsertEnd    list.o
    0x08007a80   0x08007a80   0x00000054   Code   RO         5150    i.vPortEnterCritical  port.o
    0x08007ad4   0x08007ad4   0x0000003c   Code   RO         5151    i.vPortExitCritical  port.o
    0x08007b10   0x08007b10   0x000000a4   Code   RO         5094    i.vPortFree         heap_4.o
    0x08007bb4   0x08007bb4   0x00000028   Code   RO         5152    i.vPortSetupTimerInterrupt  port.o
    0x08007bdc   0x08007bdc   0x00000078   Code   RO         5153    i.vPortValidateInterruptPriority  port.o
    0x08007c54   0x08007c54   0x0000002c   Code   RO         3598    i.vQueueAddToRegistry  queue.o
    0x08007c80   0x08007c80   0x0000004a   Code   RO         3602    i.vQueueWaitForMessageRestricted  queue.o
    0x08007cca   0x08007cca   0x00000002   PAD
    0x08007ccc   0x08007ccc   0x0000005c   Code   RO         4019    i.vTaskDelay        tasks.o
    0x08007d28   0x08007d28   0x00000018   Code   RO         4024    i.vTaskInternalSetTimeOutState  tasks.o
    0x08007d40   0x08007d40   0x0000000c   Code   RO         4025    i.vTaskMissedYield  tasks.o
    0x08007d4c   0x08007d4c   0x00000038   Code   RO         4027    i.vTaskPlaceOnEventList  tasks.o
    0x08007d84   0x08007d84   0x00000040   Code   RO         4028    i.vTaskPlaceOnEventListRestricted  tasks.o
    0x08007dc4   0x08007dc4   0x000000b8   Code   RO         4036    i.vTaskStartScheduler  tasks.o
    0x08007e7c   0x08007e7c   0x00000010   Code   RO         4038    i.vTaskSuspendAll   tasks.o
    0x08007e8c   0x08007e8c   0x00000090   Code   RO         4039    i.vTaskSwitchContext  tasks.o
    0x08007f1c   0x08007f1c   0x00000168   Code   RO         5154    i.xPortStartScheduler  port.o
    0x08008084   0x08008084   0x00000034   Code   RO         5155    i.xPortSysTickHandler  port.o
    0x080080b8   0x080080b8   0x000000e0   Code   RO         3608    i.xQueueGenericCreateStatic  queue.o
    0x08008198   0x08008198   0x00000098   Code   RO         3609    i.xQueueGenericReset  queue.o
    0x08008230   0x08008230   0x000001a8   Code   RO         3610    i.xQueueGenericSend  queue.o
    0x080083d8   0x080083d8   0x000000fc   Code   RO         3611    i.xQueueGenericSendFromISR  queue.o
    0x080084d4   0x080084d4   0x00000168   Code   RO         3620    i.xQueueReceive     queue.o
    0x0800863c   0x0800863c   0x0000008c   Code   RO         4041    i.xTaskCheckForTimeOut  tasks.o
    0x080086c8   0x080086c8   0x00000064   Code   RO         4042    i.xTaskCreate       tasks.o
    0x0800872c   0x0800872c   0x000000ba   Code   RO         4043    i.xTaskCreateStatic  tasks.o
    0x080087e6   0x080087e6   0x00000002   PAD
    0x080087e8   0x080087e8   0x00000020   Code   RO         4047    i.xTaskGetSchedulerState  tasks.o
    0x08008808   0x08008808   0x0000000c   Code   RO         4048    i.xTaskGetTickCount  tasks.o
    0x08008814   0x08008814   0x00000144   Code   RO         4050    i.xTaskIncrementTick  tasks.o
    0x08008958   0x08008958   0x000000a4   Code   RO         4053    i.xTaskPriorityDisinherit  tasks.o
    0x080089fc   0x080089fc   0x00000098   Code   RO         4055    i.xTaskRemoveFromEventList  tasks.o
    0x08008a94   0x08008a94   0x00000104   Code   RO         4056    i.xTaskResumeAll    tasks.o
    0x08008b98   0x08008b98   0x00000078   Code   RO         4392    i.xTimerCreateTimerTask  timers.o
    0x08008c10   0x08008c10   0x00000084   Code   RO         4393    i.xTimerGenericCommand  timers.o
    0x08008c94   0x08008c94   0x00000048   Data   RO          258    .constdata          freertos.o
    0x08008cdc   0x08008cdc   0x00000018   Data   RO         3382    .constdata          system_stm32f4xx.o
    0x08008cf4   0x08008cf4   0x00000004   PAD
    0x08008cf8   0x08008cf8   0x00000050   Data   RO         5452    .constdata          m_wm.l(acos.o)
    0x08008d48   0x08008d48   0x00000050   Data   RO         5466    .constdata          m_wm.l(asin.o)
    0x08008d98   0x08008d98   0x00000030   Data   RO         5533    .constdata          m_wm.l(cos_i.o)
    0x08008dc8   0x08008dc8   0x000000c8   Data   RO         5561    .constdata          m_wm.l(rred.o)
    0x08008e90   0x08008e90   0x00000028   Data   RO         5565    .constdata          m_wm.l(sin_i.o)
    0x08008eb8   0x08008eb8   0x00000018   Data   RO          259    .conststring        freertos.o
    0x08008ed0   0x08008ed0   0x00000020   Data   RO         5612    Region$$Table       anon$$obj.o


    Execution Region RW_IRAM1 (Exec base: 0x20000000, Load base: 0x08008ef0, Size: 0x00005158, Max: 0x0001c000, ABSOLUTE)

    Exec Addr    Load Addr    Size         Type   Attr      Idx    E Section Name        Object

    0x20000000   0x08008ef0   0x00000010   Data   RW           19    .data               main.o
    0x20000010   0x08008f00   0x00000008   Data   RW          260    .data               freertos.o
    0x20000018   0x08008f08   0x00000004   Data   RW          310    .data               can.o
    0x2000001c   0x08008f0c   0x00000009   Data   RW         1798    .data               stm32f4xx_hal.o
    0x20000025   0x08008f15   0x00000003   PAD
    0x20000028   0x08008f18   0x00000004   Data   RW         3383    .data               system_stm32f4xx.o
    0x2000002c   0x08008f1c   0x0000003c   Data   RW         4059    .data               tasks.o
    0x20000068   0x08008f58   0x00000014   Data   RW         4401    .data               timers.o
    0x2000007c   0x08008f6c   0x00000004   Data   RW         4638    .data               cmsis_os2.o
    0x20000080   0x08008f70   0x00000020   Data   RW         5100    .data               heap_4.o
    0x200000a0   0x08008f90   0x0000000c   Data   RW         5156    .data               port.o
    0x200000ac   0x08008f9c   0x00000019   Data   RW         5273    .data               ht03.o
    0x200000c5   0x08008fb5   0x00000003   PAD
    0x200000c8   0x08008fb8   0x00000004   Data   RW         5595    .data               mc_w.l(errno.o)
    0x200000cc        -       0x00000064   Zero   RW           18    .bss                main.o
    0x20000130        -       0x00000050   Zero   RW          309    .bss                can.o
    0x20000180        -       0x00000090   Zero   RW          358    .bss                tim.o
    0x20000210        -       0x00000044   Zero   RW          405    .bss                usart.o
    0x20000254        -       0x00000048   Zero   RW          577    .bss                stm32f4xx_hal_timebase_tim.o
    0x2000029c        -       0x00000040   Zero   RW         3624    .bss                queue.o
    0x200002dc        -       0x000004c4   Zero   RW         4058    .bss                tasks.o
    0x200007a0        -       0x00000118   Zero   RW         4400    .bss                timers.o
    0x200008b8        -       0x000006b8   Zero   RW         4637    .bss                cmsis_os2.o
    0x20000f70        -       0x00003c00   Zero   RW         5099    .bss                heap_4.o
    0x20004b70        -       0x00000054   Zero   RW         5228    .bss                sbus.o
    0x20004bc4        -       0x00000080   Zero   RW         5272    .bss                ht03.o
    0x20004c44        -       0x00000090   Zero   RW         5344    .bss                impulse.o
    0x20004cd4   0x08008fbc   0x00000004   PAD
    0x20004cd8        -       0x00000080   Zero   RW         5406    .bss                controller0.o
    0x20004d58        -       0x00000400   Zero   RW            1    STACK               startup_stm32f407xx.o


    Execution Region RW_IRAM2 (Exec base: 0x2001c000, Load base: 0x08008fbc, Size: 0x00000000, Max: 0x00004000, ABSOLUTE)

    **** No section assigned to this execution region ****


==============================================================================

Image component sizes


      Code (inc. data)   RO Data    RW Data    ZI Data      Debug   Object Name

       524         42          0          4         80       2718   can.o
       430         38          0          4       1720      65835   cmsis_os2.o
      2010        158          0          0        128       6878   controller0.o
         0          0          0          0          0      19700   event_groups.o
       902         48         96          8          0       2993   freertos.o
       132          6          0          0          0        987   gpio.o
       724         74          0         32      15360       5167   heap_4.o
      2478        106          0         25        128       8263   ht03.o
      4376         46          0          0        144       5835   impulse.o
       148          0          0          0          0       3866   list.o
       874        112          0         16        100     717912   main.o
      1014         92          0         12          0      12305   port.o
      1922         20          0          0         64      18200   queue.o
       360          6          0          0         84       2254   sbus.o
        36          8        392          0       1024        888   startup_stm32f407xx.o
       136         24          0          9          0       9074   stm32f4xx_hal.o
      2134          6          0          0          0      15323   stm32f4xx_hal_can.o
       252         22          0          0          0      33974   stm32f4xx_hal_cortex.o
       212          0          0          0          0       2107   stm32f4xx_hal_dma.o
       500         46          0          0          0       1556   stm32f4xx_hal_gpio.o
        84          6          0          0          0        962   stm32f4xx_hal_msp.o
      1888         94          0          0          0       6673   stm32f4xx_hal_rcc.o
       900         76          0          0          0       6347   stm32f4xx_hal_tim.o
       184         30          0          0          0       2693   stm32f4xx_hal_tim_ex.o
       180         20          0          0         72       1619   stm32f4xx_hal_timebase_tim.o
      2076         14          0          0          0      11912   stm32f4xx_hal_uart.o
       214         56          0          0          0       7611   stm32f4xx_it.o
         0          0          0          0          0        384   stream_buffer.o
        20          6         24          4          0       1283   system_stm32f4xx.o
      2808        346          0         60       1220      28826   tasks.o
       260         32          0          0        144       2449   tim.o
      1318        124          0         20        280      33807   timers.o
       216         26          0          0         68       1910   usart.o

    ----------------------------------------------------------------------
     29348       1684        548        200      20620    1042311   Object Totals
         0          0         32          0          0          0   (incl. Generated)
        36          0          4          6          4          0   (incl. Padding)

    ----------------------------------------------------------------------

      Code (inc. data)   RO Data    RW Data    ZI Data      Debug   Library Member Name

       856        118         80          0          0        288   acos.o
       864         94         80          0          0        280   asin.o
       368         46         48          0          0        200   cos_i.o
        84         16          0          0          0        372   dunder.o
        24          0          0          0          0        124   fabs.o
        48          0          0          0          0        124   fpclassify.o
       248          0          0          0          0        152   poly.o
      1080        142        200          0          0        188   rred.o
       200         20          0          0          0        164   sin.o
       304         24         40          0          0        208   sin_i.o
       232          0          0          0          0        296   sqrt.o
         0          0          0          0          0          0   entry.o
         0          0          0          0          0          0   entry10a.o
         0          0          0          0          0          0   entry11a.o
         4          0          0          0          0          0   entry12b.o
         8          4          0          0          0          0   entry2.o
         4          0          0          0          0          0   entry5.o
         0          0          0          0          0          0   entry7b.o
         0          0          0          0          0          0   entry8b.o
         8          4          0          0          0          0   entry9a.o
        12          6          0          4          0         68   errno.o
        30          0          0          0          0          0   handlers.o
        36          8          0          0          0         68   init.o
         0          0          0          0          0          0   iusefp.o
        30          0          0          0          0         68   llshl.o
        36          0          0          0          0         68   llsshr.o
        32          0          0          0          0         68   llushr.o
        36          0          0          0          0         68   memcpya.o
        36          0          0          0          0        108   memseta.o
        98          0          0          0          0         92   uldiv.o
        48          0          0          0          0         68   cdcmple.o
        48          0          0          0          0         68   cdrcmple.o
        56          0          0          0          0         88   d2f.o
       334          0          0          0          0        148   dadd.o
       222          0          0          0          0        100   ddiv.o
       186          0          0          0          0        176   depilogue.o
        62          0          0          0          0         80   dfixi.o
        34          0          0          0          0         76   dflti.o
        26          0          0          0          0         76   dfltui.o
       228          0          0          0          0         96   dmul.o
       162          0          0          0          0        100   dsqrt.o
        38          0          0          0          0         68   f2d.o
       110          0          0          0          0        168   fepilogue.o

    ----------------------------------------------------------------------
      6248        482        448          4          0       4316   Library Totals
        16          0          0          0          0          0   (incl. Padding)

    ----------------------------------------------------------------------

      Code (inc. data)   RO Data    RW Data    ZI Data      Debug   Library Name

      4308        460        448          0          0       2396   m_wm.l
       370         22          0          4          0        608   mc_w.l
      1554          0          0          0          0       1312   mf_w.l

    ----------------------------------------------------------------------
      6248        482        448          4          0       4316   Library Totals

    ----------------------------------------------------------------------

==============================================================================


      Code (inc. data)   RO Data    RW Data    ZI Data      Debug   

     35596       2166        996        204      20620    1026595   Grand Totals
     35596       2166        996        204      20620    1026595   ELF Image Totals
     35596       2166        996        204          0          0   ROM Totals

==============================================================================

    Total RO  Size (Code + RO Data)                36592 (  35.73kB)
    Total RW  Size (RW Data + ZI Data)             20824 (  20.34kB)
    Total ROM Size (Code + RO Data + RW Data)      36796 (  35.93kB)

==============================================================================

